# Path: /Volumes/StayAlight/extensions/s3eSteam/lib/osx/libs3eSteam_d.dylib
# Arch: i386
# Object files:
[  0] linker synthesized
[  1] debug/s3eSteam.os
[  2] debug/s3eSteam_register.os
[  3] debug/s3eSteam_platform.os
[  4] /Applications/Marmalade.app/Contents/s3e/edk/lib/osx/libedk.a(iwcrt_api_bind.o)
[  5] /Applications/Marmalade.app/Contents/s3e/edk/lib/osx/libedk.a(iwcrt_api_define.o)
[  6] /Applications/Marmalade.app/Contents/s3e/edk/lib/osx/libedk.a(IwMain.o)
[  7] /Volumes/StayAlight/extensions/s3eSteam/upstream/redistributable_bin/osx32/libsteam_api.dylib
[  8] /Applications/Xcode.app/Contents/Developer/Platforms/MacOSX.platform/Developer/SDKs/MacOSX10.9.sdk/usr/lib/libstdc++.dylib
[  9] /Applications/Xcode.app/Contents/Developer/Platforms/MacOSX.platform/Developer/SDKs/MacOSX10.9.sdk/usr/lib/libSystem.dylib
# Sections:
# Address	Size    	Segment	Section
0x00000AA0	0x000136F2	__TEXT	__text
0x00014192	0x000009FC	__TEXT	__symbol_stub
0x00014B90	0x00000160	__TEXT	__stub_helper
0x00014CF0	0x00002D26	__TEXT	__cstring
0x00017A20	0x00000186	__TEXT	__const
0x00017BA6	0x00000214	__TEXT	__unwind_info
0x00017DC0	0x0000C234	__TEXT	__eh_frame
0x00024000	0x0000008C	__DATA	__nl_symbol_ptr
0x0002408C	0x000006A8	__DATA	__la_symbol_ptr
0x00024734	0x00000004	__DATA	__mod_init_func
0x00024740	0x00002A5A	__DATA	__data
0x0002719C	0x0000002C	__DATA	__common
0x000271C8	0x00000300	__DATA	__bss
0x00028000	0x00000010	__OBJC	__module_info
0x00028010	0x00000008	__OBJC	__image_info
# Symbols:
# Address	Size    	File  Name
0x00000AA0	0x00000010	[  1] __Z12s3eSteamInitv
0x00000AB0	0x00000010	[  1] __Z17s3eSteamTerminatev
0x00000AC0	0x00000020	[  1] _s3eSteamStart
0x00000AE0	0x00000020	[  1] _s3eSteamStarted
0x00000B00	0x00000020	[  1] _s3eSteamRestartAppIfNecessary
0x00000B20	0x00000070	[  1] _s3eSteamRegister
0x00000B90	0x00000060	[  1] _s3eSteamUnRegister
0x00000BF0	0x00000020	[  1] _s3eSteamStoreStats
0x00000C10	0x00000020	[  1] _s3eSteamRequestCurrentStats
0x00000C30	0x00000010	[  1] _s3eSteamUpdate
0x00000C40	0x00000020	[  1] _s3eSteamGetAchievement
0x00000C60	0x00000020	[  1] _s3eSteamSetAchievement
0x00000C80	0x00000020	[  1] _s3eSteamClearAchievement
0x00000CA0	0x00000020	[  1] _s3eSteamGetStatInt
0x00000CC0	0x00000030	[  1] _s3eSteamGetStatFloat
0x00000CF0	0x00000030	[  1] _s3eSteamSetStatInt
0x00000D20	0x00000040	[  1] _s3eSteamSetStatFloat
0x00000D60	0x00000010	[  1] _s3eSteamGetCurrentGameLanguage
0x00000D70	0x00000020	[  1] _s3eSteamLeaderboardInit
0x00000D90	0x00000040	[  1] _s3eSteamLeaderboardUploadScore
0x00000DD0	0x00000020	[  1] _s3eSteamLeaderboardGetEntryCount
0x00000DF0	0x00000048	[  1] _s3eSteamLeaderboardDownloadEntries
0x00000E40	0x00000320	[  2] __Z19s3eSteamRegisterExtv
0x00001160	0x00000010	[  2] _RegisterExt
0x00001170	0x00000010	[  3] __Z21s3eSteamInit_platformv
0x00001180	0x00000080	[  3] __Z26s3eSteamTerminate_platformv
0x00001200	0x000000C0	[  3] __Z22s3eSteamStart_platformv
0x000012C0	0x00000030	[  3] __Z38s3eSteamRestartAppIfNecessary_platformj
0x000012F0	0x00000030	[  3] __Z24s3eSteamStarted_platformv
0x00001320	0x00000060	[  3] __Z23s3eSteamUpdate_platformv
0x00001380	0x000000A0	[  3] __Z31s3eSteamGetAchievement_platformPKc
0x00001420	0x00000080	[  3] __Z31s3eSteamSetAchievement_platformPKc
0x000014A0	0x00000070	[  3] __Z33s3eSteamClearAchievement_platformPKc
0x00001510	0x00000080	[  3] __Z27s3eSteamGetStatInt_platformPKc
0x00001590	0x00000090	[  3] __Z29s3eSteamGetStatFloat_platformPKc
0x00001620	0x000000A0	[  3] __Z27s3eSteamSetStatInt_platformPKci
0x000016C0	0x000000A0	[  3] __Z29s3eSteamSetStatFloat_platformPKcf
0x00001760	0x00000050	[  3] __Z27s3eSteamStoreStats_platformv
0x000017B0	0x00000050	[  3] __Z36s3eSteamRequestCurrentStats_platformv
0x00001800	0x00000110	[  3] __ZN14CallbackHolder19OnUserStatsReceivedEP19UserStatsReceived_t
0x00001910	0x00000120	[  3] __ZN14CallbackHolder17OnUserStatsStoredEP17UserStatsStored_t
0x00001A30	0x00000120	[  3] __ZN14CallbackHolder19OnAchievementStoredEP23UserAchievementStored_t
0x00001B50	0x000000B0	[  3] __Z39s3eSteamGetCurrentGameLanguage_platformv
0x00001C00	0x000000B0	[  3] __Z32s3eSteamLeaderboardInit_platformPKc
0x00001CB0	0x000001C0	[  3] __Z39s3eSteamLeaderboardUploadScore_platformPKcih
0x00001E70	0x00000130	[  3] __Z41s3eSteamLeaderboardGetEntryCount_platformPKc
0x00001FA0	0x000001A0	[  3] __Z43s3eSteamLeaderboardDownloadEntries_platformPKc31s3eSteamELeaderboardDataRequestii
0x00002140	0x000002B0	[  3] __ZN14CallbackHolder17OnFindLeaderboardEP23LeaderboardFindResult_tb
0x000023F0	0x000001C0	[  3] __ZN14CallbackHolder13OnUploadScoreEP26LeaderboardScoreUploaded_tb
0x000025B0	0x00000360	[  3] __ZN14CallbackHolder30OnLeaderboardDownloadedEntriesEP29LeaderboardScoresDownloaded_tb
0x00002910	0x00000069	[  3] __ZN14CallbackHolder39OnLeaderboardDownloadedEntriesCompletedEjiPvS0_iS0_
0x00002980	0x00000020	[  3] ___cxx_global_var_init
0x000029A0	0x00000050	[  3] ___cxx_global_var_init1
0x000029F0	0x00000015	[  3] __GLOBAL__I_a
0x00002A10	0x00000020	[  3] __ZN7CGameIDC1Ev
0x00002A30	0x00000020	[  3] __ZNSt3mapISsySt4lessISsESaISt4pairIKSsyEEEC1Ev
0x00002A50	0x00000020	[  3] __ZNSt3mapISsySt4lessISsESaISt4pairIKSsyEEED1Ev
0x00002A70	0x00000020	[  3] __ZN14CallbackHolderD1Ev
0x00002A90	0x00000020	[  3] __ZNSt3mapISsySt4lessISsESaISt4pairIKSsyEEE5clearEv
0x00002AB0	0x00000030	[  3] __ZN7CGameIDC1Ej
0x00002AE0	0x00000020	[  3] __ZN14CallbackHolderC1Ev
0x00002B00	0x00000020	[  3] __ZNK7CGameID8ToUint64Ev
0x00002B20	0x00000250	[  3] __ZN14CallbackHolder33setSteamCallResultFindLeaderboardEPKcy
0x00002D70	0x00000030	[  3] __ZNSt23_Rb_tree_const_iteratorISt4pairIKSsyEEC1ERKSt17_Rb_tree_iteratorIS2_E
0x00002DA0	0x00000030	[  3] __ZNSt3mapISsySt4lessISsESaISt4pairIKSsyEEE4findERS3_
0x00002DD0	0x00000030	[  3] __ZNKSt23_Rb_tree_const_iteratorISt4pairIKSsyEEneERKS3_
0x00002E00	0x00000030	[  3] __ZNSt3mapISsySt4lessISsESaISt4pairIKSsyEEE3endEv
0x00002E30	0x00000020	[  3] __ZNKSt23_Rb_tree_const_iteratorISt4pairIKSsyEEptEv
0x00002E50	0x00000290	[  3] __ZN14CallbackHolder29setSteamCallResultUploadScoreEPKcy
0x000030E0	0x00000290	[  3] __ZN14CallbackHolder33setSteamCallResultDownloadEntriesEPKcy
0x00003370	0x00000030	[  3] __ZNSt3mapISsySt4lessISsESaISt4pairIKSsyEEE6insertERKS4_
0x000033A0	0x00000030	[  3] __ZNSt4pairIKSsyEC1IPKcyEERKS_IT_T0_E
0x000033D0	0x00000040	[  3] __ZSt9make_pairIPKcyESt4pairIT_T0_ES3_S4_
0x00003410	0x00000020	[  3] __ZNSt4pairIKSsyED1Ev
0x00003430	0x00000020	[  3] __ZN18LeaderboardEntry_tC1Ev
0x00003450	0x00000070	[  3] __ZNSt4pairIKSsyEC2IPKcyEERKS_IT_T0_E
0x000034C0	0x00000210	[  3] __ZNSt8_Rb_treeISsSt4pairIKSsyESt10_Select1stIS2_ESt4lessISsESaIS2_EE16_M_insert_uniqueERKS2_
0x000036D0	0x00000020	[  3] __ZNSt8_Rb_treeISsSt4pairIKSsyESt10_Select1stIS2_ESt4lessISsESaIS2_EE8_M_beginEv
0x000036F0	0x00000020	[  3] __ZNSt8_Rb_treeISsSt4pairIKSsyESt10_Select1stIS2_ESt4lessISsESaIS2_EE6_M_endEv
0x00003710	0x00000040	[  3] __ZNKSt4lessISsEclERKSsS2_
0x00003750	0x00000020	[  3] __ZNKSt10_Select1stISt4pairIKSsyEEclERKS2_
0x00003770	0x00000030	[  3] __ZNSt8_Rb_treeISsSt4pairIKSsyESt10_Select1stIS2_ESt4lessISsESaIS2_EE6_S_keyEPKSt13_Rb_tree_nodeIS2_E
0x000037A0	0x00000020	[  3] __ZNSt8_Rb_treeISsSt4pairIKSsyESt10_Select1stIS2_ESt4lessISsESaIS2_EE7_S_leftEPSt18_Rb_tree_node_base
0x000037C0	0x00000020	[  3] __ZNSt8_Rb_treeISsSt4pairIKSsyESt10_Select1stIS2_ESt4lessISsESaIS2_EE8_S_rightEPSt18_Rb_tree_node_base
0x000037E0	0x00000030	[  3] __ZNSt17_Rb_tree_iteratorISt4pairIKSsyEEC1EPSt13_Rb_tree_nodeIS2_E
0x00003810	0x00000030	[  3] __ZNKSt17_Rb_tree_iteratorISt4pairIKSsyEEeqERKS3_
0x00003840	0x00000030	[  3] __ZNSt8_Rb_treeISsSt4pairIKSsyESt10_Select1stIS2_ESt4lessISsESaIS2_EE5beginEv
0x00003870	0x00000040	[  3] __ZNSt4pairISt17_Rb_tree_iteratorIS_IKSsyEEbEC1ERKS3_RKb
0x000038B0	0x00000110	[  3] __ZNSt8_Rb_treeISsSt4pairIKSsyESt10_Select1stIS2_ESt4lessISsESaIS2_EE9_M_insertEPSt18_Rb_tree_node_baseSA_RKS2_
0x000039C0	0x00000030	[  3] __ZNSt17_Rb_tree_iteratorISt4pairIKSsyEEmmEv
0x000039F0	0x00000030	[  3] __ZNSt8_Rb_treeISsSt4pairIKSsyESt10_Select1stIS2_ESt4lessISsESaIS2_EE6_S_keyEPKSt18_Rb_tree_node_base
0x00003A20	0x00000020	[  3] __ZNSt8_Rb_treeISsSt4pairIKSsyESt10_Select1stIS2_ESt4lessISsESaIS2_EE8_S_valueEPKSt18_Rb_tree_node_base
0x00003A40	0x00000070	[  3] __ZNSt8_Rb_treeISsSt4pairIKSsyESt10_Select1stIS2_ESt4lessISsESaIS2_EE14_M_create_nodeERKS2_
0x00003AB0	0x00000040	[  3] __ZNSt8_Rb_treeISsSt4pairIKSsyESt10_Select1stIS2_ESt4lessISsESaIS2_EE11_M_get_nodeEv
0x00003AF0	0x00000040	[  3] __ZNKSt8_Rb_treeISsSt4pairIKSsyESt10_Select1stIS2_ESt4lessISsESaIS2_EE13get_allocatorEv
0x00003B30	0x00000040	[  3] __ZN9__gnu_cxx13new_allocatorISt4pairIKSsyEE9constructEPS3_RKS3_
0x00003B70	0x00000020	[  3] __ZNSaISt4pairIKSsyEED1Ev
0x00003B90	0x00000020	[  3] __ZNSaISt4pairIKSsyEED2Ev
0x00003BB0	0x00000010	[  3] __ZN9__gnu_cxx13new_allocatorISt4pairIKSsyEED2Ev
0x00003BC0	0x00000030	[  3] __ZNSt4pairIKSsyEC1ERKS1_
0x00003BF0	0x00000040	[  3] __ZNSt4pairIKSsyEC2ERKS1_
0x00003C30	0x00000030	[  3] __ZNSaISt4pairIKSsyEEC1ISt13_Rb_tree_nodeIS1_EEERKSaIT_E
0x00003C60	0x00000020	[  3] __ZNKSt8_Rb_treeISsSt4pairIKSsyESt10_Select1stIS2_ESt4lessISsESaIS2_EE21_M_get_Node_allocatorEv
0x00003C80	0x00000030	[  3] __ZNSaISt4pairIKSsyEEC2ISt13_Rb_tree_nodeIS1_EEERKSaIT_E
0x00003CB0	0x00000010	[  3] __ZN9__gnu_cxx13new_allocatorISt4pairIKSsyEEC2Ev
0x00003CC0	0x00000060	[  3] __ZN9__gnu_cxx13new_allocatorISt13_Rb_tree_nodeISt4pairIKSsyEEE8allocateEmPKv
0x00003D20	0x00000020	[  3] __ZNK9__gnu_cxx13new_allocatorISt13_Rb_tree_nodeISt4pairIKSsyEEE8max_sizeEv
0x00003D40	0x00000040	[  3] __ZNSt4pairISt17_Rb_tree_iteratorIS_IKSsyEEbEC2ERKS3_RKb
0x00003D80	0x00000020	[  3] __ZNSt17_Rb_tree_iteratorISt4pairIKSsyEEC2EPSt13_Rb_tree_nodeIS2_E
0x00003DA0	0x00000020	[  3] __ZNSt8_Rb_treeISsSt4pairIKSsyESt10_Select1stIS2_ESt4lessISsESaIS2_EE8_S_valueEPKSt13_Rb_tree_nodeIS2_E
0x00003DC0	0x00000040	[  3] __ZStltIcSt11char_traitsIcESaIcEEbRKSbIT_T0_T1_ES8_
0x00003E00	0x00000040	[  3] __ZNSt4pairIPKcyEC1ERKS1_RKy
0x00003E40	0x00000040	[  3] __ZNSt4pairIPKcyEC2ERKS1_RKy
0x00003E80	0x00000030	[  3] __ZNSt8_Rb_treeISsSt4pairIKSsyESt10_Select1stIS2_ESt4lessISsESaIS2_EE3endEv
0x00003EB0	0x00000030	[  3] __ZNSt23_Rb_tree_const_iteratorISt4pairIKSsyEEC2ERKSt17_Rb_tree_iteratorIS2_E
0x00003EE0	0x00000130	[  3] __ZNSt8_Rb_treeISsSt4pairIKSsyESt10_Select1stIS2_ESt4lessISsESaIS2_EE4findERS1_
0x00004010	0x00000090	[  3] __ZNSt8_Rb_treeISsSt4pairIKSsyESt10_Select1stIS2_ESt4lessISsESaIS2_EE5clearEv
0x000040A0	0x00000070	[  3] __ZNSt8_Rb_treeISsSt4pairIKSsyESt10_Select1stIS2_ESt4lessISsESaIS2_EE8_M_eraseEPSt13_Rb_tree_nodeIS2_E
0x00004110	0x00000020	[  3] __ZNSt8_Rb_treeISsSt4pairIKSsyESt10_Select1stIS2_ESt4lessISsESaIS2_EE11_M_leftmostEv
0x00004130	0x00000020	[  3] __ZNSt8_Rb_treeISsSt4pairIKSsyESt10_Select1stIS2_ESt4lessISsESaIS2_EE7_M_rootEv
0x00004150	0x00000020	[  3] __ZNSt8_Rb_treeISsSt4pairIKSsyESt10_Select1stIS2_ESt4lessISsESaIS2_EE12_M_rightmostEv
0x00004170	0x00000070	[  3] __ZNSt8_Rb_treeISsSt4pairIKSsyESt10_Select1stIS2_ESt4lessISsESaIS2_EE15_M_destroy_nodeEPSt13_Rb_tree_nodeIS2_E
0x000041E0	0x00000030	[  3] __ZN9__gnu_cxx13new_allocatorISt4pairIKSsyEE7destroyEPS3_
0x00004210	0x00000040	[  3] __ZNSt8_Rb_treeISsSt4pairIKSsyESt10_Select1stIS2_ESt4lessISsESaIS2_EE11_M_put_nodeEPSt13_Rb_tree_nodeIS2_E
0x00004250	0x00000030	[  3] __ZN9__gnu_cxx13new_allocatorISt13_Rb_tree_nodeISt4pairIKSsyEEE10deallocateEPS5_m
0x00004280	0x00000050	[  3] __ZNSt3mapISsySt4lessISsESaISt4pairIKSsyEEEC2Ev
0x000042D0	0x00000040	[  3] __ZNSt8_Rb_treeISsSt4pairIKSsyESt10_Select1stIS2_ESt4lessISsESaIS2_EEC1ERKS6_RKS7_
0x00004310	0x00000020	[  3] __ZNSaISt4pairIKSsyEEC1Ev
0x00004330	0x00000020	[  3] __ZNSaISt4pairIKSsyEEC2Ev
0x00004350	0x00000060	[  3] __ZNSt8_Rb_treeISsSt4pairIKSsyESt10_Select1stIS2_ESt4lessISsESaIS2_EEC2ERKS6_RKS7_
0x000043B0	0x00000040	[  3] __ZNSt8_Rb_treeISsSt4pairIKSsyESt10_Select1stIS2_ESt4lessISsESaIS2_EE13_Rb_tree_implIS6_Lb0EEC1ERKSaISt13_Rb_tree_nodeIS2_EERKS6_
0x000043F0	0x00000030	[  3] __ZNSaISt13_Rb_tree_nodeISt4pairIKSsyEEEC1IS2_EERKSaIT_E
0x00004420	0x00000020	[  3] __ZNSaISt13_Rb_tree_nodeISt4pairIKSsyEEED1Ev
0x00004440	0x00000020	[  3] __ZNSaISt13_Rb_tree_nodeISt4pairIKSsyEEED2Ev
0x00004460	0x00000010	[  3] __ZN9__gnu_cxx13new_allocatorISt13_Rb_tree_nodeISt4pairIKSsyEEED2Ev
0x00004470	0x00000030	[  3] __ZNSaISt13_Rb_tree_nodeISt4pairIKSsyEEEC2IS2_EERKSaIT_E
0x000044A0	0x00000010	[  3] __ZN9__gnu_cxx13new_allocatorISt13_Rb_tree_nodeISt4pairIKSsyEEEC2Ev
0x000044B0	0x000000A0	[  3] __ZNSt8_Rb_treeISsSt4pairIKSsyESt10_Select1stIS2_ESt4lessISsESaIS2_EE13_Rb_tree_implIS6_Lb0EEC2ERKSaISt13_Rb_tree_nodeIS2_EERKS6_
0x00004550	0x00000030	[  3] __ZNSaISt13_Rb_tree_nodeISt4pairIKSsyEEEC2ERKS4_
0x00004580	0x00000020	[  3] __ZN9__gnu_cxx13new_allocatorISt13_Rb_tree_nodeISt4pairIKSsyEEEC2ERKS6_
0x000045A0	0x00000020	[  3] __ZN18LeaderboardEntry_tC2Ev
0x000045C0	0x00000020	[  3] __ZN8CSteamIDC1Ev
0x000045E0	0x00000050	[  3] __ZN8CSteamIDC2Ev
0x00004630	0x00000020	[  3] __ZNSt4pairIKSsyED2Ev
0x00004650	0x00000030	[  3] __ZNSt3mapISsP11CCallResultI14CallbackHolder29LeaderboardScoresDownloaded_tESt4lessISsESaISt4pairIKSsS4_EEE4findERS8_
0x00004680	0x00000030	[  3] __ZNKSt17_Rb_tree_iteratorISt4pairIKSsP11CCallResultI14CallbackHolder29LeaderboardScoresDownloaded_tEEEeqERKS8_
0x000046B0	0x00000030	[  3] __ZNSt3mapISsP11CCallResultI14CallbackHolder29LeaderboardScoresDownloaded_tESt4lessISsESaISt4pairIKSsS4_EEE3endEv
0x000046E0	0x00000030	[  3] __ZNSt3mapISsP11CCallResultI14CallbackHolder29LeaderboardScoresDownloaded_tESt4lessISsESaISt4pairIKSsS4_EEE6insertERKS9_
0x00004710	0x00000030	[  3] __ZNSt4pairIKSsP11CCallResultI14CallbackHolder29LeaderboardScoresDownloaded_tEEC1IPKcS5_EERKS_IT_T0_E
0x00004740	0x00000040	[  3] __ZSt9make_pairIPKcP11CCallResultI14CallbackHolder29LeaderboardScoresDownloaded_tEESt4pairIT_T0_ES8_S9_
0x00004780	0x00000020	[  3] __ZN11CCallResultI14CallbackHolder29LeaderboardScoresDownloaded_tEC1Ev
0x000047A0	0x00000020	[  3] __ZNSt4pairIKSsP11CCallResultI14CallbackHolder29LeaderboardScoresDownloaded_tEED1Ev
0x000047C0	0x00000020	[  3] __ZNKSt17_Rb_tree_iteratorISt4pairIKSsP11CCallResultI14CallbackHolder29LeaderboardScoresDownloaded_tEEEptEv
0x000047E0	0x000000C0	[  3] __ZN11CCallResultI14CallbackHolder29LeaderboardScoresDownloaded_tE3SetEyPS0_MS0_FvPS1_bE
0x000048A0	0x00000020	[  3] __ZNSt4pairIKSsP11CCallResultI14CallbackHolder29LeaderboardScoresDownloaded_tEED2Ev
0x000048C0	0x00000070	[  3] __ZN11CCallResultI14CallbackHolder29LeaderboardScoresDownloaded_tEC2Ev
0x00004930	0x00000030	[  3] __ZN13CCallbackBaseC2Ev
0x00004960	0x00000090	[  3] __ZN11CCallResultI14CallbackHolder29LeaderboardScoresDownloaded_tE3RunEPv
0x000049F0	0x000000D0	[  3] __ZN11CCallResultI14CallbackHolder29LeaderboardScoresDownloaded_tE3RunEPvby
0x00004AC0	0x00000020	[  3] __ZN11CCallResultI14CallbackHolder29LeaderboardScoresDownloaded_tE20GetCallbackSizeBytesEv
0x00004AE0	0x00000040	[  3] __ZNSt4pairIPKcP11CCallResultI14CallbackHolder29LeaderboardScoresDownloaded_tEEC1ERKS1_RKS6_
0x00004B20	0x00000030	[  3] __ZNSt4pairIPKcP11CCallResultI14CallbackHolder29LeaderboardScoresDownloaded_tEEC2ERKS1_RKS6_
0x00004B50	0x00000060	[  3] __ZNSt4pairIKSsP11CCallResultI14CallbackHolder29LeaderboardScoresDownloaded_tEEC2IPKcS5_EERKS_IT_T0_E
0x00004BB0	0x00000210	[  3] __ZNSt8_Rb_treeISsSt4pairIKSsP11CCallResultI14CallbackHolder29LeaderboardScoresDownloaded_tEESt10_Select1stIS7_ESt4lessISsESaIS7_EE16_M_insert_uniqueERKS7_
0x00004DC0	0x00000020	[  3] __ZNSt8_Rb_treeISsSt4pairIKSsP11CCallResultI14CallbackHolder29LeaderboardScoresDownloaded_tEESt10_Select1stIS7_ESt4lessISsESaIS7_EE8_M_beginEv
0x00004DE0	0x00000020	[  3] __ZNSt8_Rb_treeISsSt4pairIKSsP11CCallResultI14CallbackHolder29LeaderboardScoresDownloaded_tEESt10_Select1stIS7_ESt4lessISsESaIS7_EE6_M_endEv
0x00004E00	0x00000020	[  3] __ZNKSt10_Select1stISt4pairIKSsP11CCallResultI14CallbackHolder29LeaderboardScoresDownloaded_tEEEclERKS7_
0x00004E20	0x00000030	[  3] __ZNSt8_Rb_treeISsSt4pairIKSsP11CCallResultI14CallbackHolder29LeaderboardScoresDownloaded_tEESt10_Select1stIS7_ESt4lessISsESaIS7_EE6_S_keyEPKSt13_Rb_tree_nodeIS7_E
0x00004E50	0x00000020	[  3] __ZNSt8_Rb_treeISsSt4pairIKSsP11CCallResultI14CallbackHolder29LeaderboardScoresDownloaded_tEESt10_Select1stIS7_ESt4lessISsESaIS7_EE7_S_leftEPSt18_Rb_tree_node_base
0x00004E70	0x00000020	[  3] __ZNSt8_Rb_treeISsSt4pairIKSsP11CCallResultI14CallbackHolder29LeaderboardScoresDownloaded_tEESt10_Select1stIS7_ESt4lessISsESaIS7_EE8_S_rightEPSt18_Rb_tree_node_base
0x00004E90	0x00000030	[  3] __ZNSt17_Rb_tree_iteratorISt4pairIKSsP11CCallResultI14CallbackHolder29LeaderboardScoresDownloaded_tEEEC1EPSt13_Rb_tree_nodeIS7_E
0x00004EC0	0x00000030	[  3] __ZNSt8_Rb_treeISsSt4pairIKSsP11CCallResultI14CallbackHolder29LeaderboardScoresDownloaded_tEESt10_Select1stIS7_ESt4lessISsESaIS7_EE5beginEv
0x00004EF0	0x00000040	[  3] __ZNSt4pairISt17_Rb_tree_iteratorIS_IKSsP11CCallResultI14CallbackHolder29LeaderboardScoresDownloaded_tEEEbEC1ERKS8_RKb
0x00004F30	0x00000110	[  3] __ZNSt8_Rb_treeISsSt4pairIKSsP11CCallResultI14CallbackHolder29LeaderboardScoresDownloaded_tEESt10_Select1stIS7_ESt4lessISsESaIS7_EE9_M_insertEPSt18_Rb_tree_node_baseSF_RKS7_
0x00005040	0x00000030	[  3] __ZNSt17_Rb_tree_iteratorISt4pairIKSsP11CCallResultI14CallbackHolder29LeaderboardScoresDownloaded_tEEEmmEv
0x00005070	0x00000030	[  3] __ZNSt8_Rb_treeISsSt4pairIKSsP11CCallResultI14CallbackHolder29LeaderboardScoresDownloaded_tEESt10_Select1stIS7_ESt4lessISsESaIS7_EE6_S_keyEPKSt18_Rb_tree_node_base
0x000050A0	0x00000020	[  3] __ZNSt8_Rb_treeISsSt4pairIKSsP11CCallResultI14CallbackHolder29LeaderboardScoresDownloaded_tEESt10_Select1stIS7_ESt4lessISsESaIS7_EE8_S_valueEPKSt18_Rb_tree_node_base
0x000050C0	0x00000070	[  3] __ZNSt8_Rb_treeISsSt4pairIKSsP11CCallResultI14CallbackHolder29LeaderboardScoresDownloaded_tEESt10_Select1stIS7_ESt4lessISsESaIS7_EE14_M_create_nodeERKS7_
0x00005130	0x00000040	[  3] __ZNSt8_Rb_treeISsSt4pairIKSsP11CCallResultI14CallbackHolder29LeaderboardScoresDownloaded_tEESt10_Select1stIS7_ESt4lessISsESaIS7_EE11_M_get_nodeEv
0x00005170	0x00000040	[  3] __ZNKSt8_Rb_treeISsSt4pairIKSsP11CCallResultI14CallbackHolder29LeaderboardScoresDownloaded_tEESt10_Select1stIS7_ESt4lessISsESaIS7_EE13get_allocatorEv
0x000051B0	0x00000040	[  3] __ZN9__gnu_cxx13new_allocatorISt4pairIKSsP11CCallResultI14CallbackHolder29LeaderboardScoresDownloaded_tEEE9constructEPS8_RKS8_
0x000051F0	0x00000020	[  3] __ZNSaISt4pairIKSsP11CCallResultI14CallbackHolder29LeaderboardScoresDownloaded_tEEED1Ev
0x00005210	0x00000020	[  3] __ZNSaISt4pairIKSsP11CCallResultI14CallbackHolder29LeaderboardScoresDownloaded_tEEED2Ev
0x00005230	0x00000010	[  3] __ZN9__gnu_cxx13new_allocatorISt4pairIKSsP11CCallResultI14CallbackHolder29LeaderboardScoresDownloaded_tEEED2Ev
0x00005240	0x00000030	[  3] __ZNSt4pairIKSsP11CCallResultI14CallbackHolder29LeaderboardScoresDownloaded_tEEC1ERKS6_
0x00005270	0x00000040	[  3] __ZNSt4pairIKSsP11CCallResultI14CallbackHolder29LeaderboardScoresDownloaded_tEEC2ERKS6_
0x000052B0	0x00000030	[  3] __ZNSaISt4pairIKSsP11CCallResultI14CallbackHolder29LeaderboardScoresDownloaded_tEEEC1ISt13_Rb_tree_nodeIS6_EEERKSaIT_E
0x000052E0	0x00000020	[  3] __ZNKSt8_Rb_treeISsSt4pairIKSsP11CCallResultI14CallbackHolder29LeaderboardScoresDownloaded_tEESt10_Select1stIS7_ESt4lessISsESaIS7_EE21_M_get_Node_allocatorEv
0x00005300	0x00000030	[  3] __ZNSaISt4pairIKSsP11CCallResultI14CallbackHolder29LeaderboardScoresDownloaded_tEEEC2ISt13_Rb_tree_nodeIS6_EEERKSaIT_E
0x00005330	0x00000010	[  3] __ZN9__gnu_cxx13new_allocatorISt4pairIKSsP11CCallResultI14CallbackHolder29LeaderboardScoresDownloaded_tEEEC2Ev
0x00005340	0x00000060	[  3] __ZN9__gnu_cxx13new_allocatorISt13_Rb_tree_nodeISt4pairIKSsP11CCallResultI14CallbackHolder29LeaderboardScoresDownloaded_tEEEE8allocateEmPKv
0x000053A0	0x00000020	[  3] __ZNK9__gnu_cxx13new_allocatorISt13_Rb_tree_nodeISt4pairIKSsP11CCallResultI14CallbackHolder29LeaderboardScoresDownloaded_tEEEE8max_sizeEv
0x000053C0	0x00000040	[  3] __ZNSt4pairISt17_Rb_tree_iteratorIS_IKSsP11CCallResultI14CallbackHolder29LeaderboardScoresDownloaded_tEEEbEC2ERKS8_RKb
0x00005400	0x00000020	[  3] __ZNSt17_Rb_tree_iteratorISt4pairIKSsP11CCallResultI14CallbackHolder29LeaderboardScoresDownloaded_tEEEC2EPSt13_Rb_tree_nodeIS7_E
0x00005420	0x00000020	[  3] __ZNSt8_Rb_treeISsSt4pairIKSsP11CCallResultI14CallbackHolder29LeaderboardScoresDownloaded_tEESt10_Select1stIS7_ESt4lessISsESaIS7_EE8_S_valueEPKSt13_Rb_tree_nodeIS7_E
0x00005440	0x00000030	[  3] __ZNSt8_Rb_treeISsSt4pairIKSsP11CCallResultI14CallbackHolder29LeaderboardScoresDownloaded_tEESt10_Select1stIS7_ESt4lessISsESaIS7_EE3endEv
0x00005470	0x00000130	[  3] __ZNSt8_Rb_treeISsSt4pairIKSsP11CCallResultI14CallbackHolder29LeaderboardScoresDownloaded_tEESt10_Select1stIS7_ESt4lessISsESaIS7_EE4findERS1_
0x000055A0	0x00000030	[  3] __ZNSt3mapISsP11CCallResultI14CallbackHolder26LeaderboardScoreUploaded_tESt4lessISsESaISt4pairIKSsS4_EEE4findERS8_
0x000055D0	0x00000030	[  3] __ZNKSt17_Rb_tree_iteratorISt4pairIKSsP11CCallResultI14CallbackHolder26LeaderboardScoreUploaded_tEEEeqERKS8_
0x00005600	0x00000030	[  3] __ZNSt3mapISsP11CCallResultI14CallbackHolder26LeaderboardScoreUploaded_tESt4lessISsESaISt4pairIKSsS4_EEE3endEv
0x00005630	0x00000030	[  3] __ZNSt3mapISsP11CCallResultI14CallbackHolder26LeaderboardScoreUploaded_tESt4lessISsESaISt4pairIKSsS4_EEE6insertERKS9_
0x00005660	0x00000030	[  3] __ZNSt4pairIKSsP11CCallResultI14CallbackHolder26LeaderboardScoreUploaded_tEEC1IPKcS5_EERKS_IT_T0_E
0x00005690	0x00000040	[  3] __ZSt9make_pairIPKcP11CCallResultI14CallbackHolder26LeaderboardScoreUploaded_tEESt4pairIT_T0_ES8_S9_
0x000056D0	0x00000020	[  3] __ZN11CCallResultI14CallbackHolder26LeaderboardScoreUploaded_tEC1Ev
0x000056F0	0x00000020	[  3] __ZNSt4pairIKSsP11CCallResultI14CallbackHolder26LeaderboardScoreUploaded_tEED1Ev
0x00005710	0x00000020	[  3] __ZNKSt17_Rb_tree_iteratorISt4pairIKSsP11CCallResultI14CallbackHolder26LeaderboardScoreUploaded_tEEEptEv
0x00005730	0x000000C0	[  3] __ZN11CCallResultI14CallbackHolder26LeaderboardScoreUploaded_tE3SetEyPS0_MS0_FvPS1_bE
0x000057F0	0x00000020	[  3] __ZNSt4pairIKSsP11CCallResultI14CallbackHolder26LeaderboardScoreUploaded_tEED2Ev
0x00005810	0x00000070	[  3] __ZN11CCallResultI14CallbackHolder26LeaderboardScoreUploaded_tEC2Ev
0x00005880	0x00000090	[  3] __ZN11CCallResultI14CallbackHolder26LeaderboardScoreUploaded_tE3RunEPv
0x00005910	0x000000D0	[  3] __ZN11CCallResultI14CallbackHolder26LeaderboardScoreUploaded_tE3RunEPvby
0x000059E0	0x00000020	[  3] __ZN11CCallResultI14CallbackHolder26LeaderboardScoreUploaded_tE20GetCallbackSizeBytesEv
0x00005A00	0x00000040	[  3] __ZNSt4pairIPKcP11CCallResultI14CallbackHolder26LeaderboardScoreUploaded_tEEC1ERKS1_RKS6_
0x00005A40	0x00000030	[  3] __ZNSt4pairIPKcP11CCallResultI14CallbackHolder26LeaderboardScoreUploaded_tEEC2ERKS1_RKS6_
0x00005A70	0x00000060	[  3] __ZNSt4pairIKSsP11CCallResultI14CallbackHolder26LeaderboardScoreUploaded_tEEC2IPKcS5_EERKS_IT_T0_E
0x00005AD0	0x00000210	[  3] __ZNSt8_Rb_treeISsSt4pairIKSsP11CCallResultI14CallbackHolder26LeaderboardScoreUploaded_tEESt10_Select1stIS7_ESt4lessISsESaIS7_EE16_M_insert_uniqueERKS7_
0x00005CE0	0x00000020	[  3] __ZNSt8_Rb_treeISsSt4pairIKSsP11CCallResultI14CallbackHolder26LeaderboardScoreUploaded_tEESt10_Select1stIS7_ESt4lessISsESaIS7_EE8_M_beginEv
0x00005D00	0x00000020	[  3] __ZNSt8_Rb_treeISsSt4pairIKSsP11CCallResultI14CallbackHolder26LeaderboardScoreUploaded_tEESt10_Select1stIS7_ESt4lessISsESaIS7_EE6_M_endEv
0x00005D20	0x00000020	[  3] __ZNKSt10_Select1stISt4pairIKSsP11CCallResultI14CallbackHolder26LeaderboardScoreUploaded_tEEEclERKS7_
0x00005D40	0x00000030	[  3] __ZNSt8_Rb_treeISsSt4pairIKSsP11CCallResultI14CallbackHolder26LeaderboardScoreUploaded_tEESt10_Select1stIS7_ESt4lessISsESaIS7_EE6_S_keyEPKSt13_Rb_tree_nodeIS7_E
0x00005D70	0x00000020	[  3] __ZNSt8_Rb_treeISsSt4pairIKSsP11CCallResultI14CallbackHolder26LeaderboardScoreUploaded_tEESt10_Select1stIS7_ESt4lessISsESaIS7_EE7_S_leftEPSt18_Rb_tree_node_base
0x00005D90	0x00000020	[  3] __ZNSt8_Rb_treeISsSt4pairIKSsP11CCallResultI14CallbackHolder26LeaderboardScoreUploaded_tEESt10_Select1stIS7_ESt4lessISsESaIS7_EE8_S_rightEPSt18_Rb_tree_node_base
0x00005DB0	0x00000030	[  3] __ZNSt17_Rb_tree_iteratorISt4pairIKSsP11CCallResultI14CallbackHolder26LeaderboardScoreUploaded_tEEEC1EPSt13_Rb_tree_nodeIS7_E
0x00005DE0	0x00000030	[  3] __ZNSt8_Rb_treeISsSt4pairIKSsP11CCallResultI14CallbackHolder26LeaderboardScoreUploaded_tEESt10_Select1stIS7_ESt4lessISsESaIS7_EE5beginEv
0x00005E10	0x00000040	[  3] __ZNSt4pairISt17_Rb_tree_iteratorIS_IKSsP11CCallResultI14CallbackHolder26LeaderboardScoreUploaded_tEEEbEC1ERKS8_RKb
0x00005E50	0x00000110	[  3] __ZNSt8_Rb_treeISsSt4pairIKSsP11CCallResultI14CallbackHolder26LeaderboardScoreUploaded_tEESt10_Select1stIS7_ESt4lessISsESaIS7_EE9_M_insertEPSt18_Rb_tree_node_baseSF_RKS7_
0x00005F60	0x00000030	[  3] __ZNSt17_Rb_tree_iteratorISt4pairIKSsP11CCallResultI14CallbackHolder26LeaderboardScoreUploaded_tEEEmmEv
0x00005F90	0x00000030	[  3] __ZNSt8_Rb_treeISsSt4pairIKSsP11CCallResultI14CallbackHolder26LeaderboardScoreUploaded_tEESt10_Select1stIS7_ESt4lessISsESaIS7_EE6_S_keyEPKSt18_Rb_tree_node_base
0x00005FC0	0x00000020	[  3] __ZNSt8_Rb_treeISsSt4pairIKSsP11CCallResultI14CallbackHolder26LeaderboardScoreUploaded_tEESt10_Select1stIS7_ESt4lessISsESaIS7_EE8_S_valueEPKSt18_Rb_tree_node_base
0x00005FE0	0x00000070	[  3] __ZNSt8_Rb_treeISsSt4pairIKSsP11CCallResultI14CallbackHolder26LeaderboardScoreUploaded_tEESt10_Select1stIS7_ESt4lessISsESaIS7_EE14_M_create_nodeERKS7_
0x00006050	0x00000040	[  3] __ZNSt8_Rb_treeISsSt4pairIKSsP11CCallResultI14CallbackHolder26LeaderboardScoreUploaded_tEESt10_Select1stIS7_ESt4lessISsESaIS7_EE11_M_get_nodeEv
0x00006090	0x00000040	[  3] __ZNKSt8_Rb_treeISsSt4pairIKSsP11CCallResultI14CallbackHolder26LeaderboardScoreUploaded_tEESt10_Select1stIS7_ESt4lessISsESaIS7_EE13get_allocatorEv
0x000060D0	0x00000040	[  3] __ZN9__gnu_cxx13new_allocatorISt4pairIKSsP11CCallResultI14CallbackHolder26LeaderboardScoreUploaded_tEEE9constructEPS8_RKS8_
0x00006110	0x00000020	[  3] __ZNSaISt4pairIKSsP11CCallResultI14CallbackHolder26LeaderboardScoreUploaded_tEEED1Ev
0x00006130	0x00000020	[  3] __ZNSaISt4pairIKSsP11CCallResultI14CallbackHolder26LeaderboardScoreUploaded_tEEED2Ev
0x00006150	0x00000010	[  3] __ZN9__gnu_cxx13new_allocatorISt4pairIKSsP11CCallResultI14CallbackHolder26LeaderboardScoreUploaded_tEEED2Ev
0x00006160	0x00000030	[  3] __ZNSt4pairIKSsP11CCallResultI14CallbackHolder26LeaderboardScoreUploaded_tEEC1ERKS6_
0x00006190	0x00000040	[  3] __ZNSt4pairIKSsP11CCallResultI14CallbackHolder26LeaderboardScoreUploaded_tEEC2ERKS6_
0x000061D0	0x00000030	[  3] __ZNSaISt4pairIKSsP11CCallResultI14CallbackHolder26LeaderboardScoreUploaded_tEEEC1ISt13_Rb_tree_nodeIS6_EEERKSaIT_E
0x00006200	0x00000020	[  3] __ZNKSt8_Rb_treeISsSt4pairIKSsP11CCallResultI14CallbackHolder26LeaderboardScoreUploaded_tEESt10_Select1stIS7_ESt4lessISsESaIS7_EE21_M_get_Node_allocatorEv
0x00006220	0x00000030	[  3] __ZNSaISt4pairIKSsP11CCallResultI14CallbackHolder26LeaderboardScoreUploaded_tEEEC2ISt13_Rb_tree_nodeIS6_EEERKSaIT_E
0x00006250	0x00000010	[  3] __ZN9__gnu_cxx13new_allocatorISt4pairIKSsP11CCallResultI14CallbackHolder26LeaderboardScoreUploaded_tEEEC2Ev
0x00006260	0x00000060	[  3] __ZN9__gnu_cxx13new_allocatorISt13_Rb_tree_nodeISt4pairIKSsP11CCallResultI14CallbackHolder26LeaderboardScoreUploaded_tEEEE8allocateEmPKv
0x000062C0	0x00000020	[  3] __ZNK9__gnu_cxx13new_allocatorISt13_Rb_tree_nodeISt4pairIKSsP11CCallResultI14CallbackHolder26LeaderboardScoreUploaded_tEEEE8max_sizeEv
0x000062E0	0x00000040	[  3] __ZNSt4pairISt17_Rb_tree_iteratorIS_IKSsP11CCallResultI14CallbackHolder26LeaderboardScoreUploaded_tEEEbEC2ERKS8_RKb
0x00006320	0x00000020	[  3] __ZNSt17_Rb_tree_iteratorISt4pairIKSsP11CCallResultI14CallbackHolder26LeaderboardScoreUploaded_tEEEC2EPSt13_Rb_tree_nodeIS7_E
0x00006340	0x00000020	[  3] __ZNSt8_Rb_treeISsSt4pairIKSsP11CCallResultI14CallbackHolder26LeaderboardScoreUploaded_tEESt10_Select1stIS7_ESt4lessISsESaIS7_EE8_S_valueEPKSt13_Rb_tree_nodeIS7_E
0x00006360	0x00000030	[  3] __ZNSt8_Rb_treeISsSt4pairIKSsP11CCallResultI14CallbackHolder26LeaderboardScoreUploaded_tEESt10_Select1stIS7_ESt4lessISsESaIS7_EE3endEv
0x00006390	0x00000130	[  3] __ZNSt8_Rb_treeISsSt4pairIKSsP11CCallResultI14CallbackHolder26LeaderboardScoreUploaded_tEESt10_Select1stIS7_ESt4lessISsESaIS7_EE4findERS1_
0x000064C0	0x00000030	[  3] __ZNSt3mapISsP11CCallResultI14CallbackHolder23LeaderboardFindResult_tESt4lessISsESaISt4pairIKSsS4_EEE4findERS8_
0x000064F0	0x00000030	[  3] __ZNKSt17_Rb_tree_iteratorISt4pairIKSsP11CCallResultI14CallbackHolder23LeaderboardFindResult_tEEEeqERKS8_
0x00006520	0x00000030	[  3] __ZNSt3mapISsP11CCallResultI14CallbackHolder23LeaderboardFindResult_tESt4lessISsESaISt4pairIKSsS4_EEE3endEv
0x00006550	0x00000030	[  3] __ZNSt3mapISsP11CCallResultI14CallbackHolder23LeaderboardFindResult_tESt4lessISsESaISt4pairIKSsS4_EEE6insertERKS9_
0x00006580	0x00000030	[  3] __ZNSt4pairIKSsP11CCallResultI14CallbackHolder23LeaderboardFindResult_tEEC1IPKcS5_EERKS_IT_T0_E
0x000065B0	0x00000040	[  3] __ZSt9make_pairIPKcP11CCallResultI14CallbackHolder23LeaderboardFindResult_tEESt4pairIT_T0_ES8_S9_
0x000065F0	0x00000020	[  3] __ZN11CCallResultI14CallbackHolder23LeaderboardFindResult_tEC1Ev
0x00006610	0x00000020	[  3] __ZNSt4pairIKSsP11CCallResultI14CallbackHolder23LeaderboardFindResult_tEED1Ev
0x00006630	0x00000020	[  3] __ZNKSt17_Rb_tree_iteratorISt4pairIKSsP11CCallResultI14CallbackHolder23LeaderboardFindResult_tEEEptEv
0x00006650	0x000000C0	[  3] __ZN11CCallResultI14CallbackHolder23LeaderboardFindResult_tE3SetEyPS0_MS0_FvPS1_bE
0x00006710	0x00000020	[  3] __ZNSt4pairIKSsP11CCallResultI14CallbackHolder23LeaderboardFindResult_tEED2Ev
0x00006730	0x00000070	[  3] __ZN11CCallResultI14CallbackHolder23LeaderboardFindResult_tEC2Ev
0x000067A0	0x00000090	[  3] __ZN11CCallResultI14CallbackHolder23LeaderboardFindResult_tE3RunEPv
0x00006830	0x000000D0	[  3] __ZN11CCallResultI14CallbackHolder23LeaderboardFindResult_tE3RunEPvby
0x00006900	0x00000020	[  3] __ZN11CCallResultI14CallbackHolder23LeaderboardFindResult_tE20GetCallbackSizeBytesEv
0x00006920	0x00000040	[  3] __ZNSt4pairIPKcP11CCallResultI14CallbackHolder23LeaderboardFindResult_tEEC1ERKS1_RKS6_
0x00006960	0x00000030	[  3] __ZNSt4pairIPKcP11CCallResultI14CallbackHolder23LeaderboardFindResult_tEEC2ERKS1_RKS6_
0x00006990	0x00000060	[  3] __ZNSt4pairIKSsP11CCallResultI14CallbackHolder23LeaderboardFindResult_tEEC2IPKcS5_EERKS_IT_T0_E
0x000069F0	0x00000210	[  3] __ZNSt8_Rb_treeISsSt4pairIKSsP11CCallResultI14CallbackHolder23LeaderboardFindResult_tEESt10_Select1stIS7_ESt4lessISsESaIS7_EE16_M_insert_uniqueERKS7_
0x00006C00	0x00000020	[  3] __ZNSt8_Rb_treeISsSt4pairIKSsP11CCallResultI14CallbackHolder23LeaderboardFindResult_tEESt10_Select1stIS7_ESt4lessISsESaIS7_EE8_M_beginEv
0x00006C20	0x00000020	[  3] __ZNSt8_Rb_treeISsSt4pairIKSsP11CCallResultI14CallbackHolder23LeaderboardFindResult_tEESt10_Select1stIS7_ESt4lessISsESaIS7_EE6_M_endEv
0x00006C40	0x00000020	[  3] __ZNKSt10_Select1stISt4pairIKSsP11CCallResultI14CallbackHolder23LeaderboardFindResult_tEEEclERKS7_
0x00006C60	0x00000030	[  3] __ZNSt8_Rb_treeISsSt4pairIKSsP11CCallResultI14CallbackHolder23LeaderboardFindResult_tEESt10_Select1stIS7_ESt4lessISsESaIS7_EE6_S_keyEPKSt13_Rb_tree_nodeIS7_E
0x00006C90	0x00000020	[  3] __ZNSt8_Rb_treeISsSt4pairIKSsP11CCallResultI14CallbackHolder23LeaderboardFindResult_tEESt10_Select1stIS7_ESt4lessISsESaIS7_EE7_S_leftEPSt18_Rb_tree_node_base
0x00006CB0	0x00000020	[  3] __ZNSt8_Rb_treeISsSt4pairIKSsP11CCallResultI14CallbackHolder23LeaderboardFindResult_tEESt10_Select1stIS7_ESt4lessISsESaIS7_EE8_S_rightEPSt18_Rb_tree_node_base
0x00006CD0	0x00000030	[  3] __ZNSt17_Rb_tree_iteratorISt4pairIKSsP11CCallResultI14CallbackHolder23LeaderboardFindResult_tEEEC1EPSt13_Rb_tree_nodeIS7_E
0x00006D00	0x00000030	[  3] __ZNSt8_Rb_treeISsSt4pairIKSsP11CCallResultI14CallbackHolder23LeaderboardFindResult_tEESt10_Select1stIS7_ESt4lessISsESaIS7_EE5beginEv
0x00006D30	0x00000040	[  3] __ZNSt4pairISt17_Rb_tree_iteratorIS_IKSsP11CCallResultI14CallbackHolder23LeaderboardFindResult_tEEEbEC1ERKS8_RKb
0x00006D70	0x00000110	[  3] __ZNSt8_Rb_treeISsSt4pairIKSsP11CCallResultI14CallbackHolder23LeaderboardFindResult_tEESt10_Select1stIS7_ESt4lessISsESaIS7_EE9_M_insertEPSt18_Rb_tree_node_baseSF_RKS7_
0x00006E80	0x00000030	[  3] __ZNSt17_Rb_tree_iteratorISt4pairIKSsP11CCallResultI14CallbackHolder23LeaderboardFindResult_tEEEmmEv
0x00006EB0	0x00000030	[  3] __ZNSt8_Rb_treeISsSt4pairIKSsP11CCallResultI14CallbackHolder23LeaderboardFindResult_tEESt10_Select1stIS7_ESt4lessISsESaIS7_EE6_S_keyEPKSt18_Rb_tree_node_base
0x00006EE0	0x00000020	[  3] __ZNSt8_Rb_treeISsSt4pairIKSsP11CCallResultI14CallbackHolder23LeaderboardFindResult_tEESt10_Select1stIS7_ESt4lessISsESaIS7_EE8_S_valueEPKSt18_Rb_tree_node_base
0x00006F00	0x00000070	[  3] __ZNSt8_Rb_treeISsSt4pairIKSsP11CCallResultI14CallbackHolder23LeaderboardFindResult_tEESt10_Select1stIS7_ESt4lessISsESaIS7_EE14_M_create_nodeERKS7_
0x00006F70	0x00000040	[  3] __ZNSt8_Rb_treeISsSt4pairIKSsP11CCallResultI14CallbackHolder23LeaderboardFindResult_tEESt10_Select1stIS7_ESt4lessISsESaIS7_EE11_M_get_nodeEv
0x00006FB0	0x00000040	[  3] __ZNKSt8_Rb_treeISsSt4pairIKSsP11CCallResultI14CallbackHolder23LeaderboardFindResult_tEESt10_Select1stIS7_ESt4lessISsESaIS7_EE13get_allocatorEv
0x00006FF0	0x00000040	[  3] __ZN9__gnu_cxx13new_allocatorISt4pairIKSsP11CCallResultI14CallbackHolder23LeaderboardFindResult_tEEE9constructEPS8_RKS8_
0x00007030	0x00000020	[  3] __ZNSaISt4pairIKSsP11CCallResultI14CallbackHolder23LeaderboardFindResult_tEEED1Ev
0x00007050	0x00000020	[  3] __ZNSaISt4pairIKSsP11CCallResultI14CallbackHolder23LeaderboardFindResult_tEEED2Ev
0x00007070	0x00000010	[  3] __ZN9__gnu_cxx13new_allocatorISt4pairIKSsP11CCallResultI14CallbackHolder23LeaderboardFindResult_tEEED2Ev
0x00007080	0x00000030	[  3] __ZNSt4pairIKSsP11CCallResultI14CallbackHolder23LeaderboardFindResult_tEEC1ERKS6_
0x000070B0	0x00000040	[  3] __ZNSt4pairIKSsP11CCallResultI14CallbackHolder23LeaderboardFindResult_tEEC2ERKS6_
0x000070F0	0x00000030	[  3] __ZNSaISt4pairIKSsP11CCallResultI14CallbackHolder23LeaderboardFindResult_tEEEC1ISt13_Rb_tree_nodeIS6_EEERKSaIT_E
0x00007120	0x00000020	[  3] __ZNKSt8_Rb_treeISsSt4pairIKSsP11CCallResultI14CallbackHolder23LeaderboardFindResult_tEESt10_Select1stIS7_ESt4lessISsESaIS7_EE21_M_get_Node_allocatorEv
0x00007140	0x00000030	[  3] __ZNSaISt4pairIKSsP11CCallResultI14CallbackHolder23LeaderboardFindResult_tEEEC2ISt13_Rb_tree_nodeIS6_EEERKSaIT_E
0x00007170	0x00000010	[  3] __ZN9__gnu_cxx13new_allocatorISt4pairIKSsP11CCallResultI14CallbackHolder23LeaderboardFindResult_tEEEC2Ev
0x00007180	0x00000060	[  3] __ZN9__gnu_cxx13new_allocatorISt13_Rb_tree_nodeISt4pairIKSsP11CCallResultI14CallbackHolder23LeaderboardFindResult_tEEEE8allocateEmPKv
0x000071E0	0x00000020	[  3] __ZNK9__gnu_cxx13new_allocatorISt13_Rb_tree_nodeISt4pairIKSsP11CCallResultI14CallbackHolder23LeaderboardFindResult_tEEEE8max_sizeEv
0x00007200	0x00000040	[  3] __ZNSt4pairISt17_Rb_tree_iteratorIS_IKSsP11CCallResultI14CallbackHolder23LeaderboardFindResult_tEEEbEC2ERKS8_RKb
0x00007240	0x00000020	[  3] __ZNSt17_Rb_tree_iteratorISt4pairIKSsP11CCallResultI14CallbackHolder23LeaderboardFindResult_tEEEC2EPSt13_Rb_tree_nodeIS7_E
0x00007260	0x00000020	[  3] __ZNSt8_Rb_treeISsSt4pairIKSsP11CCallResultI14CallbackHolder23LeaderboardFindResult_tEESt10_Select1stIS7_ESt4lessISsESaIS7_EE8_S_valueEPKSt13_Rb_tree_nodeIS7_E
0x00007280	0x00000030	[  3] __ZNSt8_Rb_treeISsSt4pairIKSsP11CCallResultI14CallbackHolder23LeaderboardFindResult_tEESt10_Select1stIS7_ESt4lessISsESaIS7_EE3endEv
0x000072B0	0x00000130	[  3] __ZNSt8_Rb_treeISsSt4pairIKSsP11CCallResultI14CallbackHolder23LeaderboardFindResult_tEESt10_Select1stIS7_ESt4lessISsESaIS7_EE4findERS1_
0x000073E0	0x000000F0	[  3] __ZN14CallbackHolderC2Ev
0x000074D0	0x00000020	[  3] __ZNSt3mapISsP11CCallResultI14CallbackHolder23LeaderboardFindResult_tESt4lessISsESaISt4pairIKSsS4_EEEC1Ev
0x000074F0	0x00000020	[  3] __ZNSt3mapISsP11CCallResultI14CallbackHolder26LeaderboardScoreUploaded_tESt4lessISsESaISt4pairIKSsS4_EEEC1Ev
0x00007510	0x00000020	[  3] __ZNSt3mapISsP11CCallResultI14CallbackHolder29LeaderboardScoresDownloaded_tESt4lessISsESaISt4pairIKSsS4_EEEC1Ev
0x00007530	0x00000060	[  3] __ZN9CCallbackI14CallbackHolder19UserStatsReceived_tLb0EEC1EPS0_MS0_FvPS1_E
0x00007590	0x00000060	[  3] __ZN9CCallbackI14CallbackHolder17UserStatsStored_tLb0EEC1EPS0_MS0_FvPS1_E
0x000075F0	0x00000060	[  3] __ZN9CCallbackI14CallbackHolder23UserAchievementStored_tLb0EEC1EPS0_MS0_FvPS1_E
0x00007650	0x000000C0	[  3] __ZN9CCallbackI14CallbackHolder23UserAchievementStored_tLb0EEC2EPS0_MS0_FvPS1_E
0x00007710	0x000000B0	[  3] __ZN9CCallbackI14CallbackHolder23UserAchievementStored_tLb0EE8RegisterEPS0_MS0_FvPS1_E
0x000077C0	0x00000070	[  3] __ZN9CCallbackI14CallbackHolder23UserAchievementStored_tLb0EE3RunEPv
0x00007830	0x00000090	[  3] __ZN9CCallbackI14CallbackHolder23UserAchievementStored_tLb0EE3RunEPvby
0x000078C0	0x00000020	[  3] __ZN9CCallbackI14CallbackHolder23UserAchievementStored_tLb0EE20GetCallbackSizeBytesEv
0x000078E0	0x00000020	[  3] __ZN9CCallbackI14CallbackHolder23UserAchievementStored_tLb0EE10UnregisterEv
0x00007900	0x000000C0	[  3] __ZN9CCallbackI14CallbackHolder17UserStatsStored_tLb0EEC2EPS0_MS0_FvPS1_E
0x000079C0	0x000000B0	[  3] __ZN9CCallbackI14CallbackHolder17UserStatsStored_tLb0EE8RegisterEPS0_MS0_FvPS1_E
0x00007A70	0x00000070	[  3] __ZN9CCallbackI14CallbackHolder17UserStatsStored_tLb0EE3RunEPv
0x00007AE0	0x00000090	[  3] __ZN9CCallbackI14CallbackHolder17UserStatsStored_tLb0EE3RunEPvby
0x00007B70	0x00000020	[  3] __ZN9CCallbackI14CallbackHolder17UserStatsStored_tLb0EE20GetCallbackSizeBytesEv
0x00007B90	0x00000020	[  3] __ZN9CCallbackI14CallbackHolder17UserStatsStored_tLb0EE10UnregisterEv
0x00007BB0	0x000000C0	[  3] __ZN9CCallbackI14CallbackHolder19UserStatsReceived_tLb0EEC2EPS0_MS0_FvPS1_E
0x00007C70	0x000000B0	[  3] __ZN9CCallbackI14CallbackHolder19UserStatsReceived_tLb0EE8RegisterEPS0_MS0_FvPS1_E
0x00007D20	0x00000070	[  3] __ZN9CCallbackI14CallbackHolder19UserStatsReceived_tLb0EE3RunEPv
0x00007D90	0x00000090	[  3] __ZN9CCallbackI14CallbackHolder19UserStatsReceived_tLb0EE3RunEPvby
0x00007E20	0x00000020	[  3] __ZN9CCallbackI14CallbackHolder19UserStatsReceived_tLb0EE20GetCallbackSizeBytesEv
0x00007E40	0x00000020	[  3] __ZN9CCallbackI14CallbackHolder19UserStatsReceived_tLb0EE10UnregisterEv
0x00007E60	0x00000050	[  3] __ZNSt3mapISsP11CCallResultI14CallbackHolder29LeaderboardScoresDownloaded_tESt4lessISsESaISt4pairIKSsS4_EEEC2Ev
0x00007EB0	0x00000040	[  3] __ZNSt8_Rb_treeISsSt4pairIKSsP11CCallResultI14CallbackHolder29LeaderboardScoresDownloaded_tEESt10_Select1stIS7_ESt4lessISsESaIS7_EEC1ERKSB_RKSC_
0x00007EF0	0x00000020	[  3] __ZNSaISt4pairIKSsP11CCallResultI14CallbackHolder29LeaderboardScoresDownloaded_tEEEC1Ev
0x00007F10	0x00000020	[  3] __ZNSaISt4pairIKSsP11CCallResultI14CallbackHolder29LeaderboardScoresDownloaded_tEEEC2Ev
0x00007F30	0x00000060	[  3] __ZNSt8_Rb_treeISsSt4pairIKSsP11CCallResultI14CallbackHolder29LeaderboardScoresDownloaded_tEESt10_Select1stIS7_ESt4lessISsESaIS7_EEC2ERKSB_RKSC_
0x00007F90	0x00000040	[  3] __ZNSt8_Rb_treeISsSt4pairIKSsP11CCallResultI14CallbackHolder29LeaderboardScoresDownloaded_tEESt10_Select1stIS7_ESt4lessISsESaIS7_EE13_Rb_tree_implISB_Lb0EEC1ERKSaISt13_Rb_tree_nodeIS7_EERKSB_
0x00007FD0	0x00000030	[  3] __ZNSaISt13_Rb_tree_nodeISt4pairIKSsP11CCallResultI14CallbackHolder29LeaderboardScoresDownloaded_tEEEEC1IS7_EERKSaIT_E
0x00008000	0x00000020	[  3] __ZNSaISt13_Rb_tree_nodeISt4pairIKSsP11CCallResultI14CallbackHolder29LeaderboardScoresDownloaded_tEEEED1Ev
0x00008020	0x00000020	[  3] __ZNSaISt13_Rb_tree_nodeISt4pairIKSsP11CCallResultI14CallbackHolder29LeaderboardScoresDownloaded_tEEEED2Ev
0x00008040	0x00000010	[  3] __ZN9__gnu_cxx13new_allocatorISt13_Rb_tree_nodeISt4pairIKSsP11CCallResultI14CallbackHolder29LeaderboardScoresDownloaded_tEEEED2Ev
0x00008050	0x00000030	[  3] __ZNSaISt13_Rb_tree_nodeISt4pairIKSsP11CCallResultI14CallbackHolder29LeaderboardScoresDownloaded_tEEEEC2IS7_EERKSaIT_E
0x00008080	0x00000010	[  3] __ZN9__gnu_cxx13new_allocatorISt13_Rb_tree_nodeISt4pairIKSsP11CCallResultI14CallbackHolder29LeaderboardScoresDownloaded_tEEEEC2Ev
0x00008090	0x000000A0	[  3] __ZNSt8_Rb_treeISsSt4pairIKSsP11CCallResultI14CallbackHolder29LeaderboardScoresDownloaded_tEESt10_Select1stIS7_ESt4lessISsESaIS7_EE13_Rb_tree_implISB_Lb0EEC2ERKSaISt13_Rb_tree_nodeIS7_EERKSB_
0x00008130	0x00000030	[  3] __ZNSaISt13_Rb_tree_nodeISt4pairIKSsP11CCallResultI14CallbackHolder29LeaderboardScoresDownloaded_tEEEEC2ERKS9_
0x00008160	0x00000020	[  3] __ZN9__gnu_cxx13new_allocatorISt13_Rb_tree_nodeISt4pairIKSsP11CCallResultI14CallbackHolder29LeaderboardScoresDownloaded_tEEEEC2ERKSB_
0x00008180	0x00000050	[  3] __ZNSt3mapISsP11CCallResultI14CallbackHolder26LeaderboardScoreUploaded_tESt4lessISsESaISt4pairIKSsS4_EEEC2Ev
0x000081D0	0x00000040	[  3] __ZNSt8_Rb_treeISsSt4pairIKSsP11CCallResultI14CallbackHolder26LeaderboardScoreUploaded_tEESt10_Select1stIS7_ESt4lessISsESaIS7_EEC1ERKSB_RKSC_
0x00008210	0x00000020	[  3] __ZNSaISt4pairIKSsP11CCallResultI14CallbackHolder26LeaderboardScoreUploaded_tEEEC1Ev
0x00008230	0x00000020	[  3] __ZNSaISt4pairIKSsP11CCallResultI14CallbackHolder26LeaderboardScoreUploaded_tEEEC2Ev
0x00008250	0x00000060	[  3] __ZNSt8_Rb_treeISsSt4pairIKSsP11CCallResultI14CallbackHolder26LeaderboardScoreUploaded_tEESt10_Select1stIS7_ESt4lessISsESaIS7_EEC2ERKSB_RKSC_
0x000082B0	0x00000040	[  3] __ZNSt8_Rb_treeISsSt4pairIKSsP11CCallResultI14CallbackHolder26LeaderboardScoreUploaded_tEESt10_Select1stIS7_ESt4lessISsESaIS7_EE13_Rb_tree_implISB_Lb0EEC1ERKSaISt13_Rb_tree_nodeIS7_EERKSB_
0x000082F0	0x00000030	[  3] __ZNSaISt13_Rb_tree_nodeISt4pairIKSsP11CCallResultI14CallbackHolder26LeaderboardScoreUploaded_tEEEEC1IS7_EERKSaIT_E
0x00008320	0x00000020	[  3] __ZNSaISt13_Rb_tree_nodeISt4pairIKSsP11CCallResultI14CallbackHolder26LeaderboardScoreUploaded_tEEEED1Ev
0x00008340	0x00000020	[  3] __ZNSaISt13_Rb_tree_nodeISt4pairIKSsP11CCallResultI14CallbackHolder26LeaderboardScoreUploaded_tEEEED2Ev
0x00008360	0x00000010	[  3] __ZN9__gnu_cxx13new_allocatorISt13_Rb_tree_nodeISt4pairIKSsP11CCallResultI14CallbackHolder26LeaderboardScoreUploaded_tEEEED2Ev
0x00008370	0x00000030	[  3] __ZNSaISt13_Rb_tree_nodeISt4pairIKSsP11CCallResultI14CallbackHolder26LeaderboardScoreUploaded_tEEEEC2IS7_EERKSaIT_E
0x000083A0	0x00000010	[  3] __ZN9__gnu_cxx13new_allocatorISt13_Rb_tree_nodeISt4pairIKSsP11CCallResultI14CallbackHolder26LeaderboardScoreUploaded_tEEEEC2Ev
0x000083B0	0x000000A0	[  3] __ZNSt8_Rb_treeISsSt4pairIKSsP11CCallResultI14CallbackHolder26LeaderboardScoreUploaded_tEESt10_Select1stIS7_ESt4lessISsESaIS7_EE13_Rb_tree_implISB_Lb0EEC2ERKSaISt13_Rb_tree_nodeIS7_EERKSB_
0x00008450	0x00000030	[  3] __ZNSaISt13_Rb_tree_nodeISt4pairIKSsP11CCallResultI14CallbackHolder26LeaderboardScoreUploaded_tEEEEC2ERKS9_
0x00008480	0x00000020	[  3] __ZN9__gnu_cxx13new_allocatorISt13_Rb_tree_nodeISt4pairIKSsP11CCallResultI14CallbackHolder26LeaderboardScoreUploaded_tEEEEC2ERKSB_
0x000084A0	0x00000050	[  3] __ZNSt3mapISsP11CCallResultI14CallbackHolder23LeaderboardFindResult_tESt4lessISsESaISt4pairIKSsS4_EEEC2Ev
0x000084F0	0x00000040	[  3] __ZNSt8_Rb_treeISsSt4pairIKSsP11CCallResultI14CallbackHolder23LeaderboardFindResult_tEESt10_Select1stIS7_ESt4lessISsESaIS7_EEC1ERKSB_RKSC_
0x00008530	0x00000020	[  3] __ZNSaISt4pairIKSsP11CCallResultI14CallbackHolder23LeaderboardFindResult_tEEEC1Ev
0x00008550	0x00000020	[  3] __ZNSaISt4pairIKSsP11CCallResultI14CallbackHolder23LeaderboardFindResult_tEEEC2Ev
0x00008570	0x00000060	[  3] __ZNSt8_Rb_treeISsSt4pairIKSsP11CCallResultI14CallbackHolder23LeaderboardFindResult_tEESt10_Select1stIS7_ESt4lessISsESaIS7_EEC2ERKSB_RKSC_
0x000085D0	0x00000040	[  3] __ZNSt8_Rb_treeISsSt4pairIKSsP11CCallResultI14CallbackHolder23LeaderboardFindResult_tEESt10_Select1stIS7_ESt4lessISsESaIS7_EE13_Rb_tree_implISB_Lb0EEC1ERKSaISt13_Rb_tree_nodeIS7_EERKSB_
0x00008610	0x00000030	[  3] __ZNSaISt13_Rb_tree_nodeISt4pairIKSsP11CCallResultI14CallbackHolder23LeaderboardFindResult_tEEEEC1IS7_EERKSaIT_E
0x00008640	0x00000020	[  3] __ZNSaISt13_Rb_tree_nodeISt4pairIKSsP11CCallResultI14CallbackHolder23LeaderboardFindResult_tEEEED1Ev
0x00008660	0x00000020	[  3] __ZNSaISt13_Rb_tree_nodeISt4pairIKSsP11CCallResultI14CallbackHolder23LeaderboardFindResult_tEEEED2Ev
0x00008680	0x00000010	[  3] __ZN9__gnu_cxx13new_allocatorISt13_Rb_tree_nodeISt4pairIKSsP11CCallResultI14CallbackHolder23LeaderboardFindResult_tEEEED2Ev
0x00008690	0x00000030	[  3] __ZNSaISt13_Rb_tree_nodeISt4pairIKSsP11CCallResultI14CallbackHolder23LeaderboardFindResult_tEEEEC2IS7_EERKSaIT_E
0x000086C0	0x00000010	[  3] __ZN9__gnu_cxx13new_allocatorISt13_Rb_tree_nodeISt4pairIKSsP11CCallResultI14CallbackHolder23LeaderboardFindResult_tEEEEC2Ev
0x000086D0	0x000000A0	[  3] __ZNSt8_Rb_treeISsSt4pairIKSsP11CCallResultI14CallbackHolder23LeaderboardFindResult_tEESt10_Select1stIS7_ESt4lessISsESaIS7_EE13_Rb_tree_implISB_Lb0EEC2ERKSaISt13_Rb_tree_nodeIS7_EERKSB_
0x00008770	0x00000030	[  3] __ZNSaISt13_Rb_tree_nodeISt4pairIKSsP11CCallResultI14CallbackHolder23LeaderboardFindResult_tEEEEC2ERKS9_
0x000087A0	0x00000020	[  3] __ZN9__gnu_cxx13new_allocatorISt13_Rb_tree_nodeISt4pairIKSsP11CCallResultI14CallbackHolder23LeaderboardFindResult_tEEEEC2ERKSB_
0x000087C0	0x00000040	[  3] __ZN7CGameIDC2Ej
0x00008800	0x000002B0	[  3] __ZN14CallbackHolderD2Ev
0x00008AB0	0x00000030	[  3] __ZNSt23_Rb_tree_const_iteratorISt4pairIKSsP11CCallResultI14CallbackHolder23LeaderboardFindResult_tEEEC1ERKSt17_Rb_tree_iteratorIS7_E
0x00008AE0	0x00000030	[  3] __ZNSt3mapISsP11CCallResultI14CallbackHolder23LeaderboardFindResult_tESt4lessISsESaISt4pairIKSsS4_EEE5beginEv
0x00008B10	0x00000030	[  3] __ZNKSt23_Rb_tree_const_iteratorISt4pairIKSsP11CCallResultI14CallbackHolder23LeaderboardFindResult_tEEEneERKS8_
0x00008B40	0x00000020	[  3] __ZNKSt23_Rb_tree_const_iteratorISt4pairIKSsP11CCallResultI14CallbackHolder23LeaderboardFindResult_tEEEptEv
0x00008B60	0x00000020	[  3] __ZN11CCallResultI14CallbackHolder23LeaderboardFindResult_tED1Ev
0x00008B80	0x00000030	[  3] __ZNSt23_Rb_tree_const_iteratorISt4pairIKSsP11CCallResultI14CallbackHolder23LeaderboardFindResult_tEEEppEv
0x00008BB0	0x00000020	[  3] __ZNSt3mapISsP11CCallResultI14CallbackHolder23LeaderboardFindResult_tESt4lessISsESaISt4pairIKSsS4_EEE5clearEv
0x00008BD0	0x00000030	[  3] __ZNSt23_Rb_tree_const_iteratorISt4pairIKSsP11CCallResultI14CallbackHolder26LeaderboardScoreUploaded_tEEEC1ERKSt17_Rb_tree_iteratorIS7_E
0x00008C00	0x00000030	[  3] __ZNSt3mapISsP11CCallResultI14CallbackHolder26LeaderboardScoreUploaded_tESt4lessISsESaISt4pairIKSsS4_EEE5beginEv
0x00008C30	0x00000030	[  3] __ZNKSt23_Rb_tree_const_iteratorISt4pairIKSsP11CCallResultI14CallbackHolder26LeaderboardScoreUploaded_tEEEneERKS8_
0x00008C60	0x00000020	[  3] __ZNKSt23_Rb_tree_const_iteratorISt4pairIKSsP11CCallResultI14CallbackHolder26LeaderboardScoreUploaded_tEEEptEv
0x00008C80	0x00000020	[  3] __ZN11CCallResultI14CallbackHolder26LeaderboardScoreUploaded_tED1Ev
0x00008CA0	0x00000030	[  3] __ZNSt23_Rb_tree_const_iteratorISt4pairIKSsP11CCallResultI14CallbackHolder26LeaderboardScoreUploaded_tEEEppEv
0x00008CD0	0x00000020	[  3] __ZNSt3mapISsP11CCallResultI14CallbackHolder26LeaderboardScoreUploaded_tESt4lessISsESaISt4pairIKSsS4_EEE5clearEv
0x00008CF0	0x00000030	[  3] __ZNSt23_Rb_tree_const_iteratorISt4pairIKSsP11CCallResultI14CallbackHolder29LeaderboardScoresDownloaded_tEEEC1ERKSt17_Rb_tree_iteratorIS7_E
0x00008D20	0x00000030	[  3] __ZNSt3mapISsP11CCallResultI14CallbackHolder29LeaderboardScoresDownloaded_tESt4lessISsESaISt4pairIKSsS4_EEE5beginEv
0x00008D50	0x00000030	[  3] __ZNKSt23_Rb_tree_const_iteratorISt4pairIKSsP11CCallResultI14CallbackHolder29LeaderboardScoresDownloaded_tEEEneERKS8_
0x00008D80	0x00000020	[  3] __ZNKSt23_Rb_tree_const_iteratorISt4pairIKSsP11CCallResultI14CallbackHolder29LeaderboardScoresDownloaded_tEEEptEv
0x00008DA0	0x00000020	[  3] __ZN11CCallResultI14CallbackHolder29LeaderboardScoresDownloaded_tED1Ev
0x00008DC0	0x00000030	[  3] __ZNSt23_Rb_tree_const_iteratorISt4pairIKSsP11CCallResultI14CallbackHolder29LeaderboardScoresDownloaded_tEEEppEv
0x00008DF0	0x00000020	[  3] __ZNSt3mapISsP11CCallResultI14CallbackHolder29LeaderboardScoresDownloaded_tESt4lessISsESaISt4pairIKSsS4_EEE5clearEv
0x00008E10	0x00000020	[  3] __ZN9CCallbackI14CallbackHolder23UserAchievementStored_tLb0EED1Ev
0x00008E30	0x00000020	[  3] __ZN9CCallbackI14CallbackHolder17UserStatsStored_tLb0EED1Ev
0x00008E50	0x00000020	[  3] __ZN9CCallbackI14CallbackHolder19UserStatsReceived_tLb0EED1Ev
0x00008E70	0x00000020	[  3] __ZNSt3mapISsP11CCallResultI14CallbackHolder29LeaderboardScoresDownloaded_tESt4lessISsESaISt4pairIKSsS4_EEED1Ev
0x00008E90	0x00000020	[  3] __ZNSt3mapISsP11CCallResultI14CallbackHolder26LeaderboardScoreUploaded_tESt4lessISsESaISt4pairIKSsS4_EEED1Ev
0x00008EB0	0x00000020	[  3] __ZNSt3mapISsP11CCallResultI14CallbackHolder23LeaderboardFindResult_tESt4lessISsESaISt4pairIKSsS4_EEED1Ev
0x00008ED0	0x00000020	[  3] __ZNSt3mapISsP11CCallResultI14CallbackHolder23LeaderboardFindResult_tESt4lessISsESaISt4pairIKSsS4_EEED2Ev
0x00008EF0	0x00000020	[  3] __ZNSt8_Rb_treeISsSt4pairIKSsP11CCallResultI14CallbackHolder23LeaderboardFindResult_tEESt10_Select1stIS7_ESt4lessISsESaIS7_EED1Ev
0x00008F10	0x00000040	[  3] __ZNSt8_Rb_treeISsSt4pairIKSsP11CCallResultI14CallbackHolder23LeaderboardFindResult_tEESt10_Select1stIS7_ESt4lessISsESaIS7_EED2Ev
0x00008F50	0x00000070	[  3] __ZNSt8_Rb_treeISsSt4pairIKSsP11CCallResultI14CallbackHolder23LeaderboardFindResult_tEESt10_Select1stIS7_ESt4lessISsESaIS7_EE8_M_eraseEPSt13_Rb_tree_nodeIS7_E
0x00008FC0	0x00000020	[  3] __ZNSt8_Rb_treeISsSt4pairIKSsP11CCallResultI14CallbackHolder23LeaderboardFindResult_tEESt10_Select1stIS7_ESt4lessISsESaIS7_EE13_Rb_tree_implISB_Lb0EED1Ev
0x00008FE0	0x00000020	[  3] __ZNSt8_Rb_treeISsSt4pairIKSsP11CCallResultI14CallbackHolder23LeaderboardFindResult_tEESt10_Select1stIS7_ESt4lessISsESaIS7_EE13_Rb_tree_implISB_Lb0EED2Ev
0x00009000	0x00000070	[  3] __ZNSt8_Rb_treeISsSt4pairIKSsP11CCallResultI14CallbackHolder23LeaderboardFindResult_tEESt10_Select1stIS7_ESt4lessISsESaIS7_EE15_M_destroy_nodeEPSt13_Rb_tree_nodeIS7_E
0x00009070	0x00000030	[  3] __ZN9__gnu_cxx13new_allocatorISt4pairIKSsP11CCallResultI14CallbackHolder23LeaderboardFindResult_tEEE7destroyEPS8_
0x000090A0	0x00000040	[  3] __ZNSt8_Rb_treeISsSt4pairIKSsP11CCallResultI14CallbackHolder23LeaderboardFindResult_tEESt10_Select1stIS7_ESt4lessISsESaIS7_EE11_M_put_nodeEPSt13_Rb_tree_nodeIS7_E
0x000090E0	0x00000030	[  3] __ZN9__gnu_cxx13new_allocatorISt13_Rb_tree_nodeISt4pairIKSsP11CCallResultI14CallbackHolder23LeaderboardFindResult_tEEEE10deallocateEPSA_m
0x00009110	0x00000020	[  3] __ZNSt3mapISsP11CCallResultI14CallbackHolder26LeaderboardScoreUploaded_tESt4lessISsESaISt4pairIKSsS4_EEED2Ev
0x00009130	0x00000020	[  3] __ZNSt8_Rb_treeISsSt4pairIKSsP11CCallResultI14CallbackHolder26LeaderboardScoreUploaded_tEESt10_Select1stIS7_ESt4lessISsESaIS7_EED1Ev
0x00009150	0x00000040	[  3] __ZNSt8_Rb_treeISsSt4pairIKSsP11CCallResultI14CallbackHolder26LeaderboardScoreUploaded_tEESt10_Select1stIS7_ESt4lessISsESaIS7_EED2Ev
0x00009190	0x00000070	[  3] __ZNSt8_Rb_treeISsSt4pairIKSsP11CCallResultI14CallbackHolder26LeaderboardScoreUploaded_tEESt10_Select1stIS7_ESt4lessISsESaIS7_EE8_M_eraseEPSt13_Rb_tree_nodeIS7_E
0x00009200	0x00000020	[  3] __ZNSt8_Rb_treeISsSt4pairIKSsP11CCallResultI14CallbackHolder26LeaderboardScoreUploaded_tEESt10_Select1stIS7_ESt4lessISsESaIS7_EE13_Rb_tree_implISB_Lb0EED1Ev
0x00009220	0x00000020	[  3] __ZNSt8_Rb_treeISsSt4pairIKSsP11CCallResultI14CallbackHolder26LeaderboardScoreUploaded_tEESt10_Select1stIS7_ESt4lessISsESaIS7_EE13_Rb_tree_implISB_Lb0EED2Ev
0x00009240	0x00000070	[  3] __ZNSt8_Rb_treeISsSt4pairIKSsP11CCallResultI14CallbackHolder26LeaderboardScoreUploaded_tEESt10_Select1stIS7_ESt4lessISsESaIS7_EE15_M_destroy_nodeEPSt13_Rb_tree_nodeIS7_E
0x000092B0	0x00000030	[  3] __ZN9__gnu_cxx13new_allocatorISt4pairIKSsP11CCallResultI14CallbackHolder26LeaderboardScoreUploaded_tEEE7destroyEPS8_
0x000092E0	0x00000040	[  3] __ZNSt8_Rb_treeISsSt4pairIKSsP11CCallResultI14CallbackHolder26LeaderboardScoreUploaded_tEESt10_Select1stIS7_ESt4lessISsESaIS7_EE11_M_put_nodeEPSt13_Rb_tree_nodeIS7_E
0x00009320	0x00000030	[  3] __ZN9__gnu_cxx13new_allocatorISt13_Rb_tree_nodeISt4pairIKSsP11CCallResultI14CallbackHolder26LeaderboardScoreUploaded_tEEEE10deallocateEPSA_m
0x00009350	0x00000020	[  3] __ZNSt3mapISsP11CCallResultI14CallbackHolder29LeaderboardScoresDownloaded_tESt4lessISsESaISt4pairIKSsS4_EEED2Ev
0x00009370	0x00000020	[  3] __ZNSt8_Rb_treeISsSt4pairIKSsP11CCallResultI14CallbackHolder29LeaderboardScoresDownloaded_tEESt10_Select1stIS7_ESt4lessISsESaIS7_EED1Ev
0x00009390	0x00000040	[  3] __ZNSt8_Rb_treeISsSt4pairIKSsP11CCallResultI14CallbackHolder29LeaderboardScoresDownloaded_tEESt10_Select1stIS7_ESt4lessISsESaIS7_EED2Ev
0x000093D0	0x00000070	[  3] __ZNSt8_Rb_treeISsSt4pairIKSsP11CCallResultI14CallbackHolder29LeaderboardScoresDownloaded_tEESt10_Select1stIS7_ESt4lessISsESaIS7_EE8_M_eraseEPSt13_Rb_tree_nodeIS7_E
0x00009440	0x00000020	[  3] __ZNSt8_Rb_treeISsSt4pairIKSsP11CCallResultI14CallbackHolder29LeaderboardScoresDownloaded_tEESt10_Select1stIS7_ESt4lessISsESaIS7_EE13_Rb_tree_implISB_Lb0EED1Ev
0x00009460	0x00000020	[  3] __ZNSt8_Rb_treeISsSt4pairIKSsP11CCallResultI14CallbackHolder29LeaderboardScoresDownloaded_tEESt10_Select1stIS7_ESt4lessISsESaIS7_EE13_Rb_tree_implISB_Lb0EED2Ev
0x00009480	0x00000070	[  3] __ZNSt8_Rb_treeISsSt4pairIKSsP11CCallResultI14CallbackHolder29LeaderboardScoresDownloaded_tEESt10_Select1stIS7_ESt4lessISsESaIS7_EE15_M_destroy_nodeEPSt13_Rb_tree_nodeIS7_E
0x000094F0	0x00000030	[  3] __ZN9__gnu_cxx13new_allocatorISt4pairIKSsP11CCallResultI14CallbackHolder29LeaderboardScoresDownloaded_tEEE7destroyEPS8_
0x00009520	0x00000040	[  3] __ZNSt8_Rb_treeISsSt4pairIKSsP11CCallResultI14CallbackHolder29LeaderboardScoresDownloaded_tEESt10_Select1stIS7_ESt4lessISsESaIS7_EE11_M_put_nodeEPSt13_Rb_tree_nodeIS7_E
0x00009560	0x00000030	[  3] __ZN9__gnu_cxx13new_allocatorISt13_Rb_tree_nodeISt4pairIKSsP11CCallResultI14CallbackHolder29LeaderboardScoresDownloaded_tEEEE10deallocateEPSA_m
0x00009590	0x00000050	[  3] __ZN9CCallbackI14CallbackHolder19UserStatsReceived_tLb0EED2Ev
0x000095E0	0x00000050	[  3] __ZN9CCallbackI14CallbackHolder17UserStatsStored_tLb0EED2Ev
0x00009630	0x00000050	[  3] __ZN9CCallbackI14CallbackHolder23UserAchievementStored_tLb0EED2Ev
0x00009680	0x00000090	[  3] __ZNSt8_Rb_treeISsSt4pairIKSsP11CCallResultI14CallbackHolder29LeaderboardScoresDownloaded_tEESt10_Select1stIS7_ESt4lessISsESaIS7_EE5clearEv
0x00009710	0x00000020	[  3] __ZNSt8_Rb_treeISsSt4pairIKSsP11CCallResultI14CallbackHolder29LeaderboardScoresDownloaded_tEESt10_Select1stIS7_ESt4lessISsESaIS7_EE11_M_leftmostEv
0x00009730	0x00000020	[  3] __ZNSt8_Rb_treeISsSt4pairIKSsP11CCallResultI14CallbackHolder29LeaderboardScoresDownloaded_tEESt10_Select1stIS7_ESt4lessISsESaIS7_EE7_M_rootEv
0x00009750	0x00000020	[  3] __ZNSt8_Rb_treeISsSt4pairIKSsP11CCallResultI14CallbackHolder29LeaderboardScoresDownloaded_tEESt10_Select1stIS7_ESt4lessISsESaIS7_EE12_M_rightmostEv
0x00009770	0x00000030	[  3] __ZN11CCallResultI14CallbackHolder29LeaderboardScoresDownloaded_tED2Ev
0x000097A0	0x00000060	[  3] __ZN11CCallResultI14CallbackHolder29LeaderboardScoresDownloaded_tE6CancelEv
0x00009800	0x00000030	[  3] __ZNSt23_Rb_tree_const_iteratorISt4pairIKSsP11CCallResultI14CallbackHolder29LeaderboardScoresDownloaded_tEEEC2ERKSt17_Rb_tree_iteratorIS7_E
0x00009830	0x00000090	[  3] __ZNSt8_Rb_treeISsSt4pairIKSsP11CCallResultI14CallbackHolder26LeaderboardScoreUploaded_tEESt10_Select1stIS7_ESt4lessISsESaIS7_EE5clearEv
0x000098C0	0x00000020	[  3] __ZNSt8_Rb_treeISsSt4pairIKSsP11CCallResultI14CallbackHolder26LeaderboardScoreUploaded_tEESt10_Select1stIS7_ESt4lessISsESaIS7_EE11_M_leftmostEv
0x000098E0	0x00000020	[  3] __ZNSt8_Rb_treeISsSt4pairIKSsP11CCallResultI14CallbackHolder26LeaderboardScoreUploaded_tEESt10_Select1stIS7_ESt4lessISsESaIS7_EE7_M_rootEv
0x00009900	0x00000020	[  3] __ZNSt8_Rb_treeISsSt4pairIKSsP11CCallResultI14CallbackHolder26LeaderboardScoreUploaded_tEESt10_Select1stIS7_ESt4lessISsESaIS7_EE12_M_rightmostEv
0x00009920	0x00000030	[  3] __ZN11CCallResultI14CallbackHolder26LeaderboardScoreUploaded_tED2Ev
0x00009950	0x00000060	[  3] __ZN11CCallResultI14CallbackHolder26LeaderboardScoreUploaded_tE6CancelEv
0x000099B0	0x00000030	[  3] __ZNSt23_Rb_tree_const_iteratorISt4pairIKSsP11CCallResultI14CallbackHolder26LeaderboardScoreUploaded_tEEEC2ERKSt17_Rb_tree_iteratorIS7_E
0x000099E0	0x00000090	[  3] __ZNSt8_Rb_treeISsSt4pairIKSsP11CCallResultI14CallbackHolder23LeaderboardFindResult_tEESt10_Select1stIS7_ESt4lessISsESaIS7_EE5clearEv
0x00009A70	0x00000020	[  3] __ZNSt8_Rb_treeISsSt4pairIKSsP11CCallResultI14CallbackHolder23LeaderboardFindResult_tEESt10_Select1stIS7_ESt4lessISsESaIS7_EE11_M_leftmostEv
0x00009A90	0x00000020	[  3] __ZNSt8_Rb_treeISsSt4pairIKSsP11CCallResultI14CallbackHolder23LeaderboardFindResult_tEESt10_Select1stIS7_ESt4lessISsESaIS7_EE7_M_rootEv
0x00009AB0	0x00000020	[  3] __ZNSt8_Rb_treeISsSt4pairIKSsP11CCallResultI14CallbackHolder23LeaderboardFindResult_tEESt10_Select1stIS7_ESt4lessISsESaIS7_EE12_M_rightmostEv
0x00009AD0	0x00000030	[  3] __ZN11CCallResultI14CallbackHolder23LeaderboardFindResult_tED2Ev
0x00009B00	0x00000060	[  3] __ZN11CCallResultI14CallbackHolder23LeaderboardFindResult_tE6CancelEv
0x00009B60	0x00000030	[  3] __ZNSt23_Rb_tree_const_iteratorISt4pairIKSsP11CCallResultI14CallbackHolder23LeaderboardFindResult_tEEEC2ERKSt17_Rb_tree_iteratorIS7_E
0x00009B90	0x00000020	[  3] __ZNSt3mapISsySt4lessISsESaISt4pairIKSsyEEED2Ev
0x00009BB0	0x00000020	[  3] __ZNSt8_Rb_treeISsSt4pairIKSsyESt10_Select1stIS2_ESt4lessISsESaIS2_EED1Ev
0x00009BD0	0x00000040	[  3] __ZNSt8_Rb_treeISsSt4pairIKSsyESt10_Select1stIS2_ESt4lessISsESaIS2_EED2Ev
0x00009C10	0x00000020	[  3] __ZNSt8_Rb_treeISsSt4pairIKSsyESt10_Select1stIS2_ESt4lessISsESaIS2_EE13_Rb_tree_implIS6_Lb0EED1Ev
0x00009C30	0x00000020	[  3] __ZNSt8_Rb_treeISsSt4pairIKSsyESt10_Select1stIS2_ESt4lessISsESaIS2_EE13_Rb_tree_implIS6_Lb0EED2Ev
0x00009C50	0x0000002A	[  3] __ZN7CGameIDC2Ev
0x00009C80	0x00000210	[  4] __IwBindAPI
0x00009E90	0x00000022	[  4] __IwAppEntry
0x00009EC0	0x00000020	[  5] ___eglBindAPI
0x00009EE0	0x00000020	[  5] ___eglBindTexImage
0x00009F00	0x00000020	[  5] ___eglChooseConfig
0x00009F20	0x00000020	[  5] ___eglCopyBuffers
0x00009F40	0x00000020	[  5] ___eglCreateContext
0x00009F60	0x00000020	[  5] ___eglCreatePbufferFromClientBuffer
0x00009F80	0x00000020	[  5] ___eglCreatePbufferSurface
0x00009FA0	0x00000020	[  5] ___eglCreatePixmapSurface
0x00009FC0	0x00000020	[  5] ___eglCreateWindowSurface
0x00009FE0	0x00000020	[  5] ___eglDestroyContext
0x0000A000	0x00000020	[  5] ___eglDestroySurface
0x0000A020	0x00000020	[  5] ___eglGetConfigAttrib
0x0000A040	0x00000020	[  5] ___eglGetConfigs
0x0000A060	0x00000020	[  5] ___eglGetCurrentContext
0x0000A080	0x00000020	[  5] ___eglGetCurrentDisplay
0x0000A0A0	0x00000020	[  5] ___eglGetCurrentSurface
0x0000A0C0	0x00000020	[  5] ___eglGetDisplay
0x0000A0E0	0x00000020	[  5] ___eglGetError
0x0000A100	0x00000020	[  5] ___eglGetProcAddress
0x0000A120	0x00000020	[  5] ___eglInitialize
0x0000A140	0x00000020	[  5] ___eglMakeCurrent
0x0000A160	0x00000020	[  5] ___eglQueryAPI
0x0000A180	0x00000020	[  5] ___eglQueryContext
0x0000A1A0	0x00000020	[  5] ___eglQueryString
0x0000A1C0	0x00000020	[  5] ___eglQuerySurface
0x0000A1E0	0x00000020	[  5] ___eglReleaseTexImage
0x0000A200	0x00000020	[  5] ___eglReleaseThread
0x0000A220	0x00000020	[  5] ___eglSurfaceAttrib
0x0000A240	0x00000020	[  5] ___eglSwapBuffers
0x0000A260	0x00000020	[  5] ___eglSwapInterval
0x0000A280	0x00000020	[  5] ___eglTerminate
0x0000A2A0	0x00000020	[  5] ___eglWaitClient
0x0000A2C0	0x00000020	[  5] ___eglWaitGL
0x0000A2E0	0x00000020	[  5] ___eglWaitNative
0x0000A300	0x00000020	[  5] ___glActiveTexture
0x0000A320	0x00000020	[  5] ___glAlphaFunc
0x0000A340	0x00000020	[  5] ___glAlphaFuncx
0x0000A360	0x00000020	[  5] ___glAttachShader
0x0000A380	0x00000020	[  5] ___glBeginQuery
0x0000A3A0	0x00000020	[  5] ___glBeginTransformFeedback
0x0000A3C0	0x00000020	[  5] ___glBindAttribLocation
0x0000A3E0	0x00000020	[  5] ___glBindBuffer
0x0000A400	0x00000020	[  5] ___glBindBufferBase
0x0000A420	0x00000020	[  5] ___glBindBufferRange
0x0000A440	0x00000020	[  5] ___glBindFramebuffer
0x0000A460	0x00000020	[  5] ___glBindRenderbuffer
0x0000A480	0x00000020	[  5] ___glBindSampler
0x0000A4A0	0x00000020	[  5] ___glBindTexture
0x0000A4C0	0x00000020	[  5] ___glBindTransformFeedback
0x0000A4E0	0x00000020	[  5] ___glBindVertexArray
0x0000A500	0x00000020	[  5] ___glBlendColor
0x0000A520	0x00000020	[  5] ___glBlendEquation
0x0000A540	0x00000020	[  5] ___glBlendEquationSeparate
0x0000A560	0x00000020	[  5] ___glBlendFunc
0x0000A580	0x00000020	[  5] ___glBlendFuncSeparate
0x0000A5A0	0x00000020	[  5] ___glBlitFramebuffer
0x0000A5C0	0x00000020	[  5] ___glBufferData
0x0000A5E0	0x00000020	[  5] ___glBufferSubData
0x0000A600	0x00000020	[  5] ___glCheckFramebufferStatus
0x0000A620	0x00000020	[  5] ___glClear
0x0000A640	0x00000020	[  5] ___glClearBufferfi
0x0000A660	0x00000020	[  5] ___glClearBufferfv
0x0000A680	0x00000020	[  5] ___glClearBufferiv
0x0000A6A0	0x00000020	[  5] ___glClearBufferuiv
0x0000A6C0	0x00000020	[  5] ___glClearColor
0x0000A6E0	0x00000020	[  5] ___glClearColorx
0x0000A700	0x00000020	[  5] ___glClearDepthf
0x0000A720	0x00000020	[  5] ___glClearDepthx
0x0000A740	0x00000020	[  5] ___glClearStencil
0x0000A760	0x00000020	[  5] ___glClientActiveTexture
0x0000A780	0x00000020	[  5] ___glClientWaitSync
0x0000A7A0	0x00000020	[  5] ___glClipPlanef
0x0000A7C0	0x00000020	[  5] ___glClipPlanex
0x0000A7E0	0x00000020	[  5] ___glColor4f
0x0000A800	0x00000020	[  5] ___glColor4ub
0x0000A820	0x00000020	[  5] ___glColor4x
0x0000A840	0x00000020	[  5] ___glColorMask
0x0000A860	0x00000020	[  5] ___glColorPointer
0x0000A880	0x00000020	[  5] ___glCompileShader
0x0000A8A0	0x00000020	[  5] ___glCompressedTexImage2D
0x0000A8C0	0x00000020	[  5] ___glCompressedTexImage3D
0x0000A8E0	0x00000020	[  5] ___glCompressedTexSubImage2D
0x0000A900	0x00000020	[  5] ___glCompressedTexSubImage3D
0x0000A920	0x00000020	[  5] ___glCopyBufferSubData
0x0000A940	0x00000020	[  5] ___glCopyTexImage2D
0x0000A960	0x00000020	[  5] ___glCopyTexSubImage2D
0x0000A980	0x00000020	[  5] ___glCopyTexSubImage3D
0x0000A9A0	0x00000020	[  5] ___glCreateProgram
0x0000A9C0	0x00000020	[  5] ___glCreateShader
0x0000A9E0	0x00000020	[  5] ___glCullFace
0x0000AA00	0x00000020	[  5] ___glCurrentPaletteMatrixOES
0x0000AA20	0x00000020	[  5] ___glDeleteBuffers
0x0000AA40	0x00000020	[  5] ___glDeleteFramebuffers
0x0000AA60	0x00000020	[  5] ___glDeleteProgram
0x0000AA80	0x00000020	[  5] ___glDeleteQueries
0x0000AAA0	0x00000020	[  5] ___glDeleteRenderbuffers
0x0000AAC0	0x00000020	[  5] ___glDeleteSamplers
0x0000AAE0	0x00000020	[  5] ___glDeleteShader
0x0000AB00	0x00000020	[  5] ___glDeleteSync
0x0000AB20	0x00000020	[  5] ___glDeleteTextures
0x0000AB40	0x00000020	[  5] ___glDeleteTransformFeedbacks
0x0000AB60	0x00000020	[  5] ___glDeleteVertexArrays
0x0000AB80	0x00000020	[  5] ___glDepthFunc
0x0000ABA0	0x00000020	[  5] ___glDepthMask
0x0000ABC0	0x00000020	[  5] ___glDepthRangef
0x0000ABE0	0x00000020	[  5] ___glDepthRangex
0x0000AC00	0x00000020	[  5] ___glDetachShader
0x0000AC20	0x00000020	[  5] ___glDisable
0x0000AC40	0x00000020	[  5] ___glDisableClientState
0x0000AC60	0x00000020	[  5] ___glDisableVertexAttribArray
0x0000AC80	0x00000020	[  5] ___glDrawArrays
0x0000ACA0	0x00000020	[  5] ___glDrawArraysInstanced
0x0000ACC0	0x00000020	[  5] ___glDrawBuffers
0x0000ACE0	0x00000020	[  5] ___glDrawElements
0x0000AD00	0x00000020	[  5] ___glDrawElementsInstanced
0x0000AD20	0x00000020	[  5] ___glDrawRangeElements
0x0000AD40	0x00000020	[  5] ___glEnable
0x0000AD60	0x00000020	[  5] ___glEnableClientState
0x0000AD80	0x00000020	[  5] ___glEnableVertexAttribArray
0x0000ADA0	0x00000020	[  5] ___glEndQuery
0x0000ADC0	0x00000020	[  5] ___glEndTransformFeedback
0x0000ADE0	0x00000020	[  5] ___glFenceSync
0x0000AE00	0x00000020	[  5] ___glFinish
0x0000AE20	0x00000020	[  5] ___glFlush
0x0000AE40	0x00000020	[  5] ___glFlushMappedBufferRange
0x0000AE60	0x00000020	[  5] ___glFogf
0x0000AE80	0x00000020	[  5] ___glFogfv
0x0000AEA0	0x00000020	[  5] ___glFogx
0x0000AEC0	0x00000020	[  5] ___glFogxv
0x0000AEE0	0x00000020	[  5] ___glFramebufferRenderbuffer
0x0000AF00	0x00000020	[  5] ___glFramebufferTexture2D
0x0000AF20	0x00000020	[  5] ___glFramebufferTextureLayer
0x0000AF40	0x00000020	[  5] ___glFrontFace
0x0000AF60	0x00000020	[  5] ___glFrustumf
0x0000AF80	0x00000020	[  5] ___glFrustumx
0x0000AFA0	0x00000020	[  5] ___glGenBuffers
0x0000AFC0	0x00000020	[  5] ___glGenFramebuffers
0x0000AFE0	0x00000020	[  5] ___glGenQueries
0x0000B000	0x00000020	[  5] ___glGenRenderbuffers
0x0000B020	0x00000020	[  5] ___glGenSamplers
0x0000B040	0x00000020	[  5] ___glGenTextures
0x0000B060	0x00000020	[  5] ___glGenTransformFeedbacks
0x0000B080	0x00000020	[  5] ___glGenVertexArrays
0x0000B0A0	0x00000020	[  5] ___glGenerateMipmap
0x0000B0C0	0x00000020	[  5] ___glGetActiveAttrib
0x0000B0E0	0x00000020	[  5] ___glGetActiveUniform
0x0000B100	0x00000020	[  5] ___glGetActiveUniformBlockName
0x0000B120	0x00000020	[  5] ___glGetActiveUniformBlockiv
0x0000B140	0x00000020	[  5] ___glGetActiveUniformsiv
0x0000B160	0x00000020	[  5] ___glGetAttachedShaders
0x0000B180	0x00000020	[  5] ___glGetAttribLocation
0x0000B1A0	0x00000020	[  5] ___glGetBooleanv
0x0000B1C0	0x00000020	[  5] ___glGetBufferParameteri64v
0x0000B1E0	0x00000020	[  5] ___glGetBufferParameteriv
0x0000B200	0x00000020	[  5] ___glGetBufferPointerv
0x0000B220	0x00000020	[  5] ___glGetClipPlanef
0x0000B240	0x00000020	[  5] ___glGetClipPlanex
0x0000B260	0x00000020	[  5] ___glGetError
0x0000B280	0x00000020	[  5] ___glGetFixedv
0x0000B2A0	0x00000020	[  5] ___glGetFloatv
0x0000B2C0	0x00000020	[  5] ___glGetFragDataLocation
0x0000B2E0	0x00000020	[  5] ___glGetFramebufferAttachmentParameteriv
0x0000B300	0x00000020	[  5] ___glGetInteger64i_v
0x0000B320	0x00000020	[  5] ___glGetInteger64v
0x0000B340	0x00000020	[  5] ___glGetIntegeri_v
0x0000B360	0x00000020	[  5] ___glGetIntegerv
0x0000B380	0x00000020	[  5] ___glGetInternalformativ
0x0000B3A0	0x00000020	[  5] ___glGetLightfv
0x0000B3C0	0x00000020	[  5] ___glGetLightxv
0x0000B3E0	0x00000020	[  5] ___glGetMaterialfv
0x0000B400	0x00000020	[  5] ___glGetMaterialxv
0x0000B420	0x00000020	[  5] ___glGetPointerv
0x0000B440	0x00000020	[  5] ___glGetProgramBinary
0x0000B460	0x00000020	[  5] ___glGetProgramInfoLog
0x0000B480	0x00000020	[  5] ___glGetProgramiv
0x0000B4A0	0x00000020	[  5] ___glGetQueryObjectuiv
0x0000B4C0	0x00000020	[  5] ___glGetQueryiv
0x0000B4E0	0x00000020	[  5] ___glGetRenderbufferParameteriv
0x0000B500	0x00000020	[  5] ___glGetSamplerParameterfv
0x0000B520	0x00000020	[  5] ___glGetSamplerParameteriv
0x0000B540	0x00000020	[  5] ___glGetShaderInfoLog
0x0000B560	0x00000020	[  5] ___glGetShaderPrecisionFormat
0x0000B580	0x00000020	[  5] ___glGetShaderSource
0x0000B5A0	0x00000020	[  5] ___glGetShaderiv
0x0000B5C0	0x00000020	[  5] ___glGetString
0x0000B5E0	0x00000020	[  5] ___glGetStringi
0x0000B600	0x00000020	[  5] ___glGetSynciv
0x0000B620	0x00000020	[  5] ___glGetTexEnvfv
0x0000B640	0x00000020	[  5] ___glGetTexEnviv
0x0000B660	0x00000020	[  5] ___glGetTexEnvxv
0x0000B680	0x00000020	[  5] ___glGetTexParameterfv
0x0000B6A0	0x00000020	[  5] ___glGetTexParameteriv
0x0000B6C0	0x00000020	[  5] ___glGetTexParameterxv
0x0000B6E0	0x00000020	[  5] ___glGetTransformFeedbackVarying
0x0000B700	0x00000020	[  5] ___glGetUniformBlockIndex
0x0000B720	0x00000020	[  5] ___glGetUniformIndices
0x0000B740	0x00000020	[  5] ___glGetUniformLocation
0x0000B760	0x00000020	[  5] ___glGetUniformfv
0x0000B780	0x00000020	[  5] ___glGetUniformiv
0x0000B7A0	0x00000020	[  5] ___glGetUniformuiv
0x0000B7C0	0x00000020	[  5] ___glGetVertexAttribIiv
0x0000B7E0	0x00000020	[  5] ___glGetVertexAttribIuiv
0x0000B800	0x00000020	[  5] ___glGetVertexAttribPointerv
0x0000B820	0x00000020	[  5] ___glGetVertexAttribfv
0x0000B840	0x00000020	[  5] ___glGetVertexAttribiv
0x0000B860	0x00000020	[  5] ___glHint
0x0000B880	0x00000020	[  5] ___glInvalidateFramebuffer
0x0000B8A0	0x00000020	[  5] ___glInvalidateSubFramebuffer
0x0000B8C0	0x00000020	[  5] ___glIsBuffer
0x0000B8E0	0x00000020	[  5] ___glIsEnabled
0x0000B900	0x00000020	[  5] ___glIsFramebuffer
0x0000B920	0x00000020	[  5] ___glIsProgram
0x0000B940	0x00000020	[  5] ___glIsQuery
0x0000B960	0x00000020	[  5] ___glIsRenderbuffer
0x0000B980	0x00000020	[  5] ___glIsSampler
0x0000B9A0	0x00000020	[  5] ___glIsShader
0x0000B9C0	0x00000020	[  5] ___glIsSync
0x0000B9E0	0x00000020	[  5] ___glIsTexture
0x0000BA00	0x00000020	[  5] ___glIsTransformFeedback
0x0000BA20	0x00000020	[  5] ___glIsVertexArray
0x0000BA40	0x00000020	[  5] ___glLightModelf
0x0000BA60	0x00000020	[  5] ___glLightModelfv
0x0000BA80	0x00000020	[  5] ___glLightModelx
0x0000BAA0	0x00000020	[  5] ___glLightModelxv
0x0000BAC0	0x00000020	[  5] ___glLightf
0x0000BAE0	0x00000020	[  5] ___glLightfv
0x0000BB00	0x00000020	[  5] ___glLightx
0x0000BB20	0x00000020	[  5] ___glLightxv
0x0000BB40	0x00000020	[  5] ___glLineWidth
0x0000BB60	0x00000020	[  5] ___glLineWidthx
0x0000BB80	0x00000020	[  5] ___glLinkProgram
0x0000BBA0	0x00000020	[  5] ___glLoadIdentity
0x0000BBC0	0x00000020	[  5] ___glLoadMatrixf
0x0000BBE0	0x00000020	[  5] ___glLoadMatrixx
0x0000BC00	0x00000020	[  5] ___glLogicOp
0x0000BC20	0x00000020	[  5] ___glMapBufferRange
0x0000BC40	0x00000020	[  5] ___glMaterialf
0x0000BC60	0x00000020	[  5] ___glMaterialfv
0x0000BC80	0x00000020	[  5] ___glMaterialx
0x0000BCA0	0x00000020	[  5] ___glMaterialxv
0x0000BCC0	0x00000020	[  5] ___glMatrixIndexPointerOES
0x0000BCE0	0x00000020	[  5] ___glMatrixMode
0x0000BD00	0x00000020	[  5] ___glMultMatrixf
0x0000BD20	0x00000020	[  5] ___glMultMatrixx
0x0000BD40	0x00000020	[  5] ___glMultiTexCoord4f
0x0000BD60	0x00000020	[  5] ___glMultiTexCoord4x
0x0000BD80	0x00000020	[  5] ___glNormal3f
0x0000BDA0	0x00000020	[  5] ___glNormal3x
0x0000BDC0	0x00000020	[  5] ___glNormalPointer
0x0000BDE0	0x00000020	[  5] ___glOrthof
0x0000BE00	0x00000020	[  5] ___glOrthox
0x0000BE20	0x00000020	[  5] ___glPauseTransformFeedback
0x0000BE40	0x00000020	[  5] ___glPixelStorei
0x0000BE60	0x00000020	[  5] ___glPointParameterf
0x0000BE80	0x00000020	[  5] ___glPointParameterfv
0x0000BEA0	0x00000020	[  5] ___glPointParameterx
0x0000BEC0	0x00000020	[  5] ___glPointParameterxv
0x0000BEE0	0x00000020	[  5] ___glPointSize
0x0000BF00	0x00000020	[  5] ___glPointSizePointerOES
0x0000BF20	0x00000020	[  5] ___glPointSizex
0x0000BF40	0x00000020	[  5] ___glPolygonOffset
0x0000BF60	0x00000020	[  5] ___glPolygonOffsetx
0x0000BF80	0x00000020	[  5] ___glPopMatrix
0x0000BFA0	0x00000020	[  5] ___glProgramBinary
0x0000BFC0	0x00000020	[  5] ___glProgramParameteri
0x0000BFE0	0x00000020	[  5] ___glPushMatrix
0x0000C000	0x00000020	[  5] ___glReadBuffer
0x0000C020	0x00000020	[  5] ___glReadPixels
0x0000C040	0x00000020	[  5] ___glReleaseShaderCompiler
0x0000C060	0x00000020	[  5] ___glRenderbufferStorage
0x0000C080	0x00000020	[  5] ___glRenderbufferStorageMultisample
0x0000C0A0	0x00000020	[  5] ___glResumeTransformFeedback
0x0000C0C0	0x00000020	[  5] ___glRotatef
0x0000C0E0	0x00000020	[  5] ___glRotatex
0x0000C100	0x00000020	[  5] ___glSampleCoverage
0x0000C120	0x00000020	[  5] ___glSampleCoveragex
0x0000C140	0x00000020	[  5] ___glSamplerParameterf
0x0000C160	0x00000020	[  5] ___glSamplerParameterfv
0x0000C180	0x00000020	[  5] ___glSamplerParameteri
0x0000C1A0	0x00000020	[  5] ___glSamplerParameteriv
0x0000C1C0	0x00000020	[  5] ___glScalef
0x0000C1E0	0x00000020	[  5] ___glScalex
0x0000C200	0x00000020	[  5] ___glScissor
0x0000C220	0x00000020	[  5] ___glShadeModel
0x0000C240	0x00000020	[  5] ___glShaderBinary
0x0000C260	0x00000020	[  5] ___glShaderSource
0x0000C280	0x00000020	[  5] ___glStencilFunc
0x0000C2A0	0x00000020	[  5] ___glStencilFuncSeparate
0x0000C2C0	0x00000020	[  5] ___glStencilMask
0x0000C2E0	0x00000020	[  5] ___glStencilMaskSeparate
0x0000C300	0x00000020	[  5] ___glStencilOp
0x0000C320	0x00000020	[  5] ___glStencilOpSeparate
0x0000C340	0x00000020	[  5] ___glTexCoordPointer
0x0000C360	0x00000020	[  5] ___glTexEnvf
0x0000C380	0x00000020	[  5] ___glTexEnvfv
0x0000C3A0	0x00000020	[  5] ___glTexEnvi
0x0000C3C0	0x00000020	[  5] ___glTexEnviv
0x0000C3E0	0x00000020	[  5] ___glTexEnvx
0x0000C400	0x00000020	[  5] ___glTexEnvxv
0x0000C420	0x00000020	[  5] ___glTexImage2D
0x0000C440	0x00000020	[  5] ___glTexImage3D
0x0000C460	0x00000020	[  5] ___glTexParameterf
0x0000C480	0x00000020	[  5] ___glTexParameterfv
0x0000C4A0	0x00000020	[  5] ___glTexParameteri
0x0000C4C0	0x00000020	[  5] ___glTexParameteriv
0x0000C4E0	0x00000020	[  5] ___glTexParameterx
0x0000C500	0x00000020	[  5] ___glTexParameterxv
0x0000C520	0x00000020	[  5] ___glTexStorage2D
0x0000C540	0x00000020	[  5] ___glTexStorage3D
0x0000C560	0x00000020	[  5] ___glTexSubImage2D
0x0000C580	0x00000020	[  5] ___glTexSubImage3D
0x0000C5A0	0x00000020	[  5] ___glTransformFeedbackVaryings
0x0000C5C0	0x00000020	[  5] ___glTranslatef
0x0000C5E0	0x00000020	[  5] ___glTranslatex
0x0000C600	0x00000020	[  5] ___glUniform1f
0x0000C620	0x00000020	[  5] ___glUniform1fv
0x0000C640	0x00000020	[  5] ___glUniform1i
0x0000C660	0x00000020	[  5] ___glUniform1iv
0x0000C680	0x00000020	[  5] ___glUniform1ui
0x0000C6A0	0x00000020	[  5] ___glUniform1uiv
0x0000C6C0	0x00000020	[  5] ___glUniform2f
0x0000C6E0	0x00000020	[  5] ___glUniform2fv
0x0000C700	0x00000020	[  5] ___glUniform2i
0x0000C720	0x00000020	[  5] ___glUniform2iv
0x0000C740	0x00000020	[  5] ___glUniform2ui
0x0000C760	0x00000020	[  5] ___glUniform2uiv
0x0000C780	0x00000020	[  5] ___glUniform3f
0x0000C7A0	0x00000020	[  5] ___glUniform3fv
0x0000C7C0	0x00000020	[  5] ___glUniform3i
0x0000C7E0	0x00000020	[  5] ___glUniform3iv
0x0000C800	0x00000020	[  5] ___glUniform3ui
0x0000C820	0x00000020	[  5] ___glUniform3uiv
0x0000C840	0x00000020	[  5] ___glUniform4f
0x0000C860	0x00000020	[  5] ___glUniform4fv
0x0000C880	0x00000020	[  5] ___glUniform4i
0x0000C8A0	0x00000020	[  5] ___glUniform4iv
0x0000C8C0	0x00000020	[  5] ___glUniform4ui
0x0000C8E0	0x00000020	[  5] ___glUniform4uiv
0x0000C900	0x00000020	[  5] ___glUniformBlockBinding
0x0000C920	0x00000020	[  5] ___glUniformMatrix2fv
0x0000C940	0x00000020	[  5] ___glUniformMatrix2x3fv
0x0000C960	0x00000020	[  5] ___glUniformMatrix2x4fv
0x0000C980	0x00000020	[  5] ___glUniformMatrix3fv
0x0000C9A0	0x00000020	[  5] ___glUniformMatrix3x2fv
0x0000C9C0	0x00000020	[  5] ___glUniformMatrix3x4fv
0x0000C9E0	0x00000020	[  5] ___glUniformMatrix4fv
0x0000CA00	0x00000020	[  5] ___glUniformMatrix4x2fv
0x0000CA20	0x00000020	[  5] ___glUniformMatrix4x3fv
0x0000CA40	0x00000020	[  5] ___glUnmapBuffer
0x0000CA60	0x00000020	[  5] ___glUseProgram
0x0000CA80	0x00000020	[  5] ___glValidateProgram
0x0000CAA0	0x00000020	[  5] ___glVertexAttrib1f
0x0000CAC0	0x00000020	[  5] ___glVertexAttrib1fv
0x0000CAE0	0x00000020	[  5] ___glVertexAttrib2f
0x0000CB00	0x00000020	[  5] ___glVertexAttrib2fv
0x0000CB20	0x00000020	[  5] ___glVertexAttrib3f
0x0000CB40	0x00000020	[  5] ___glVertexAttrib3fv
0x0000CB60	0x00000020	[  5] ___glVertexAttrib4f
0x0000CB80	0x00000020	[  5] ___glVertexAttrib4fv
0x0000CBA0	0x00000020	[  5] ___glVertexAttribDivisor
0x0000CBC0	0x00000020	[  5] ___glVertexAttribI4i
0x0000CBE0	0x00000020	[  5] ___glVertexAttribI4iv
0x0000CC00	0x00000020	[  5] ___glVertexAttribI4ui
0x0000CC20	0x00000020	[  5] ___glVertexAttribI4uiv
0x0000CC40	0x00000020	[  5] ___glVertexAttribIPointer
0x0000CC60	0x00000020	[  5] ___glVertexAttribPointer
0x0000CC80	0x00000020	[  5] ___glVertexPointer
0x0000CCA0	0x00000020	[  5] ___glViewport
0x0000CCC0	0x00000020	[  5] ___glWaitSync
0x0000CCE0	0x00000020	[  5] ___glWeightPointerOES
0x0000CD00	0x00000020	[  5] ___s3eAccelerometerGetError
0x0000CD20	0x00000020	[  5] ___s3eAccelerometerGetErrorString
0x0000CD40	0x00000020	[  5] ___s3eAccelerometerGetInt
0x0000CD60	0x00000020	[  5] ___s3eAccelerometerGetX
0x0000CD80	0x00000020	[  5] ___s3eAccelerometerGetY
0x0000CDA0	0x00000020	[  5] ___s3eAccelerometerGetZ
0x0000CDC0	0x00000020	[  5] ___s3eAccelerometerStart
0x0000CDE0	0x00000020	[  5] ___s3eAccelerometerStop
0x0000CE00	0x00000020	[  5] ___s3eAudioGetError
0x0000CE20	0x00000020	[  5] ___s3eAudioGetErrorString
0x0000CE40	0x00000020	[  5] ___s3eAudioGetInt
0x0000CE60	0x00000020	[  5] ___s3eAudioIsCodecSupported
0x0000CE80	0x00000020	[  5] ___s3eAudioIsPlaying
0x0000CEA0	0x00000020	[  5] ___s3eAudioPause
0x0000CEC0	0x00000020	[  5] ___s3eAudioPlay
0x0000CEE0	0x00000020	[  5] ___s3eAudioPlayFromBuffer
0x0000CF00	0x00000020	[  5] ___s3eAudioRegister
0x0000CF20	0x00000020	[  5] ___s3eAudioResume
0x0000CF40	0x00000020	[  5] ___s3eAudioSetInt
0x0000CF60	0x00000020	[  5] ___s3eAudioStop
0x0000CF80	0x00000020	[  5] ___s3eAudioUnRegister
0x0000CFA0	0x00000020	[  5] ___s3eCompressionDecomp
0x0000CFC0	0x00000020	[  5] ___s3eCompressionDecompFinal
0x0000CFE0	0x00000020	[  5] ___s3eCompressionDecompInit
0x0000D000	0x00000020	[  5] ___s3eCompressionDecompRead
0x0000D020	0x00000020	[  5] ___s3eCompressionGetError
0x0000D040	0x00000020	[  5] ___s3eCompressionGetErrorString
0x0000D060	0x00000020	[  5] ___s3eConfigGetError
0x0000D080	0x00000020	[  5] ___s3eConfigGetErrorString
0x0000D0A0	0x00000020	[  5] ___s3eConfigGetInt
0x0000D0C0	0x00000020	[  5] ___s3eConfigGetIntHash
0x0000D0E0	0x00000020	[  5] ___s3eConfigGetString
0x0000D100	0x00000020	[  5] ___s3eConfigGetStringHash
0x0000D120	0x00000020	[  5] ___s3eCryptoGetError
0x0000D140	0x00000020	[  5] ___s3eCryptoGetErrorString
0x0000D160	0x00000020	[  5] ___s3eCryptoRand
0x0000D180	0x00000020	[  5] ___s3eCryptoSha1
0x0000D1A0	0x00000020	[  5] ___s3eCryptoSha1Final
0x0000D1C0	0x00000020	[  5] ___s3eCryptoSha1Init
0x0000D1E0	0x00000020	[  5] ___s3eCryptoSha1Update
0x0000D200	0x00000020	[  5] ___s3eCryptoVerifyRsa
0x0000D220	0x00000020	[  5] ___s3eDebugAssertShow
0x0000D240	0x00000020	[  5] ___s3eDebugErrorShow
0x0000D260	0x00000020	[  5] ___s3eDebugGetError
0x0000D280	0x00000020	[  5] ___s3eDebugGetErrorString
0x0000D2A0	0x00000020	[  5] ___s3eDebugGetInt
0x0000D2C0	0x00000020	[  5] ___s3eDebugIsDebuggerPresent
0x0000D2E0	0x00000020	[  5] ___s3eDebugOutputString
0x0000D300	0x00000020	[  5] ___s3eDebugPrint
0x0000D320	0x00000020	[  5] ___s3eDebugRegister
0x0000D340	0x00000020	[  5] ___s3eDebugSetInt
0x0000D360	0x00000020	[  5] ___s3eDebugTraceChannelSwitch
0x0000D380	0x00000020	[  5] ___s3eDebugTraceClearFile
0x0000D3A0	0x00000020	[  5] ___s3eDebugTraceFlush
0x0000D3C0	0x00000020	[  5] ___s3eDebugTraceLine
0x0000D3E0	0x00000020	[  5] ___s3eDebugUnRegister
0x0000D400	0x00000020	[  5] ___s3eDeviceAbort
0x0000D420	0x00000020	[  5] ___s3eDeviceBacklightOn
0x0000D440	0x00000020	[  5] ___s3eDeviceCheckPauseRequest
0x0000D460	0x00000020	[  5] ___s3eDeviceCheckQuitRequest
0x0000D480	0x00000020	[  5] ___s3eDeviceExecPushNext
0x0000D4A0	0x00000020	[  5] ___s3eDeviceExit
0x0000D4C0	0x00000020	[  5] ___s3eDeviceGetError
0x0000D4E0	0x00000020	[  5] ___s3eDeviceGetErrorString
0x0000D500	0x00000020	[  5] ___s3eDeviceGetInt
0x0000D520	0x00000020	[  5] ___s3eDeviceGetString
0x0000D540	0x00000020	[  5] ___s3eDeviceLoaderCallDone
0x0000D560	0x00000020	[  5] ___s3eDeviceLoaderCallStart
0x0000D580	0x00000020	[  5] ___s3eDeviceNetworkCheckStart
0x0000D5A0	0x00000020	[  5] ___s3eDeviceNetworkCheckStop
0x0000D5C0	0x00000020	[  5] ___s3eDeviceRegister
0x0000D5E0	0x00000020	[  5] ___s3eDeviceRequestQuit
0x0000D600	0x00000020	[  5] ___s3eDeviceSetInt
0x0000D620	0x00000020	[  5] ___s3eDeviceUnRegister
0x0000D640	0x00000020	[  5] ___s3eDeviceUnYield
0x0000D660	0x00000020	[  5] ___s3eDeviceYield
0x0000D680	0x00000020	[  5] ___s3eDeviceYieldUntilEvent
0x0000D6A0	0x00000020	[  5] ___s3eExtGet
0x0000D6C0	0x00000020	[  5] ___s3eExtGetError
0x0000D6E0	0x00000020	[  5] ___s3eExtGetErrorString
0x0000D700	0x00000020	[  5] ___s3eExtGetHash
0x0000D720	0x00000020	[  5] ___s3eFileAddUserFileSys
0x0000D740	0x00000020	[  5] ___s3eFileCheckExists
[...]
0x00024500	0x00000004	[  3] __ZNSt8_Rb_treeISsSt4pairIKSsP11CCallResultI14CallbackHolder23LeaderboardFindResult_tEESt10_Select1stIS7_ESt4lessISsESaIS7_EE8_S_valueEPKSt13_Rb_tree_nodeIS7_E
0x00024504	0x00000004	[  3] __ZNSt8_Rb_treeISsSt4pairIKSsP11CCallResultI14CallbackHolder23LeaderboardFindResult_tEESt10_Select1stIS7_ESt4lessISsESaIS7_EE8_S_valueEPKSt18_Rb_tree_node_base
0x00024508	0x00000004	[  3] __ZNSt8_Rb_treeISsSt4pairIKSsP11CCallResultI14CallbackHolder23LeaderboardFindResult_tEESt10_Select1stIS7_ESt4lessISsESaIS7_EE9_M_insertEPSt18_Rb_tree_node_baseSF_RKS7_
0x0002450C	0x00000004	[  3] __ZNSt8_Rb_treeISsSt4pairIKSsP11CCallResultI14CallbackHolder23LeaderboardFindResult_tEESt10_Select1stIS7_ESt4lessISsESaIS7_EEC1ERKSB_RKSC_
0x00024510	0x00000004	[  3] __ZNSt8_Rb_treeISsSt4pairIKSsP11CCallResultI14CallbackHolder23LeaderboardFindResult_tEESt10_Select1stIS7_ESt4lessISsESaIS7_EEC2ERKSB_RKSC_
0x00024514	0x00000004	[  3] __ZNSt8_Rb_treeISsSt4pairIKSsP11CCallResultI14CallbackHolder23LeaderboardFindResult_tEESt10_Select1stIS7_ESt4lessISsESaIS7_EED1Ev
0x00024518	0x00000004	[  3] __ZNSt8_Rb_treeISsSt4pairIKSsP11CCallResultI14CallbackHolder23LeaderboardFindResult_tEESt10_Select1stIS7_ESt4lessISsESaIS7_EED2Ev
0x0002451C	0x00000004	[  3] __ZNSt8_Rb_treeISsSt4pairIKSsP11CCallResultI14CallbackHolder26LeaderboardScoreUploaded_tEESt10_Select1stIS7_ESt4lessISsESaIS7_EE11_M_get_nodeEv
0x00024520	0x00000004	[  3] __ZNSt8_Rb_treeISsSt4pairIKSsP11CCallResultI14CallbackHolder26LeaderboardScoreUploaded_tEESt10_Select1stIS7_ESt4lessISsESaIS7_EE11_M_leftmostEv
0x00024524	0x00000004	[  3] __ZNSt8_Rb_treeISsSt4pairIKSsP11CCallResultI14CallbackHolder26LeaderboardScoreUploaded_tEESt10_Select1stIS7_ESt4lessISsESaIS7_EE11_M_put_nodeEPSt13_Rb_tree_nodeIS7_E
0x00024528	0x00000004	[  3] __ZNSt8_Rb_treeISsSt4pairIKSsP11CCallResultI14CallbackHolder26LeaderboardScoreUploaded_tEESt10_Select1stIS7_ESt4lessISsESaIS7_EE12_M_rightmostEv
0x0002452C	0x00000004	[  3] __ZNSt8_Rb_treeISsSt4pairIKSsP11CCallResultI14CallbackHolder26LeaderboardScoreUploaded_tEESt10_Select1stIS7_ESt4lessISsESaIS7_EE13_Rb_tree_implISB_Lb0EEC1ERKSaISt13_Rb_tree_nodeIS7_EERKSB_
0x00024530	0x00000004	[  3] __ZNSt8_Rb_treeISsSt4pairIKSsP11CCallResultI14CallbackHolder26LeaderboardScoreUploaded_tEESt10_Select1stIS7_ESt4lessISsESaIS7_EE13_Rb_tree_implISB_Lb0EEC2ERKSaISt13_Rb_tree_nodeIS7_EERKSB_
0x00024534	0x00000004	[  3] __ZNSt8_Rb_treeISsSt4pairIKSsP11CCallResultI14CallbackHolder26LeaderboardScoreUploaded_tEESt10_Select1stIS7_ESt4lessISsESaIS7_EE13_Rb_tree_implISB_Lb0EED1Ev
0x00024538	0x00000004	[  3] __ZNSt8_Rb_treeISsSt4pairIKSsP11CCallResultI14CallbackHolder26LeaderboardScoreUploaded_tEESt10_Select1stIS7_ESt4lessISsESaIS7_EE13_Rb_tree_implISB_Lb0EED2Ev
0x0002453C	0x00000004	[  3] __ZNSt8_Rb_treeISsSt4pairIKSsP11CCallResultI14CallbackHolder26LeaderboardScoreUploaded_tEESt10_Select1stIS7_ESt4lessISsESaIS7_EE14_M_create_nodeERKS7_
0x00024540	0x00000004	[  3] __ZNSt8_Rb_treeISsSt4pairIKSsP11CCallResultI14CallbackHolder26LeaderboardScoreUploaded_tEESt10_Select1stIS7_ESt4lessISsESaIS7_EE15_M_destroy_nodeEPSt13_Rb_tree_nodeIS7_E
0x00024544	0x00000004	[  3] __ZNSt8_Rb_treeISsSt4pairIKSsP11CCallResultI14CallbackHolder26LeaderboardScoreUploaded_tEESt10_Select1stIS7_ESt4lessISsESaIS7_EE16_M_insert_uniqueERKS7_
0x00024548	0x00000004	[  3] __ZNSt8_Rb_treeISsSt4pairIKSsP11CCallResultI14CallbackHolder26LeaderboardScoreUploaded_tEESt10_Select1stIS7_ESt4lessISsESaIS7_EE3endEv
0x0002454C	0x00000004	[  3] __ZNSt8_Rb_treeISsSt4pairIKSsP11CCallResultI14CallbackHolder26LeaderboardScoreUploaded_tEESt10_Select1stIS7_ESt4lessISsESaIS7_EE4findERS1_
0x00024550	0x00000004	[  3] __ZNSt8_Rb_treeISsSt4pairIKSsP11CCallResultI14CallbackHolder26LeaderboardScoreUploaded_tEESt10_Select1stIS7_ESt4lessISsESaIS7_EE5beginEv
0x00024554	0x00000004	[  3] __ZNSt8_Rb_treeISsSt4pairIKSsP11CCallResultI14CallbackHolder26LeaderboardScoreUploaded_tEESt10_Select1stIS7_ESt4lessISsESaIS7_EE5clearEv
0x00024558	0x00000004	[  3] __ZNSt8_Rb_treeISsSt4pairIKSsP11CCallResultI14CallbackHolder26LeaderboardScoreUploaded_tEESt10_Select1stIS7_ESt4lessISsESaIS7_EE6_M_endEv
0x0002455C	0x00000004	[  3] __ZNSt8_Rb_treeISsSt4pairIKSsP11CCallResultI14CallbackHolder26LeaderboardScoreUploaded_tEESt10_Select1stIS7_ESt4lessISsESaIS7_EE6_S_keyEPKSt13_Rb_tree_nodeIS7_E
0x00024560	0x00000004	[  3] __ZNSt8_Rb_treeISsSt4pairIKSsP11CCallResultI14CallbackHolder26LeaderboardScoreUploaded_tEESt10_Select1stIS7_ESt4lessISsESaIS7_EE6_S_keyEPKSt18_Rb_tree_node_base
0x00024564	0x00000004	[  3] __ZNSt8_Rb_treeISsSt4pairIKSsP11CCallResultI14CallbackHolder26LeaderboardScoreUploaded_tEESt10_Select1stIS7_ESt4lessISsESaIS7_EE7_M_rootEv
0x00024568	0x00000004	[  3] __ZNSt8_Rb_treeISsSt4pairIKSsP11CCallResultI14CallbackHolder26LeaderboardScoreUploaded_tEESt10_Select1stIS7_ESt4lessISsESaIS7_EE7_S_leftEPSt18_Rb_tree_node_base
0x0002456C	0x00000004	[  3] __ZNSt8_Rb_treeISsSt4pairIKSsP11CCallResultI14CallbackHolder26LeaderboardScoreUploaded_tEESt10_Select1stIS7_ESt4lessISsESaIS7_EE8_M_beginEv
0x00024570	0x00000004	[  3] __ZNSt8_Rb_treeISsSt4pairIKSsP11CCallResultI14CallbackHolder26LeaderboardScoreUploaded_tEESt10_Select1stIS7_ESt4lessISsESaIS7_EE8_M_eraseEPSt13_Rb_tree_nodeIS7_E
0x00024574	0x00000004	[  3] __ZNSt8_Rb_treeISsSt4pairIKSsP11CCallResultI14CallbackHolder26LeaderboardScoreUploaded_tEESt10_Select1stIS7_ESt4lessISsESaIS7_EE8_S_rightEPSt18_Rb_tree_node_base
0x00024578	0x00000004	[  3] __ZNSt8_Rb_treeISsSt4pairIKSsP11CCallResultI14CallbackHolder26LeaderboardScoreUploaded_tEESt10_Select1stIS7_ESt4lessISsESaIS7_EE8_S_valueEPKSt13_Rb_tree_nodeIS7_E
0x0002457C	0x00000004	[  3] __ZNSt8_Rb_treeISsSt4pairIKSsP11CCallResultI14CallbackHolder26LeaderboardScoreUploaded_tEESt10_Select1stIS7_ESt4lessISsESaIS7_EE8_S_valueEPKSt18_Rb_tree_node_base
0x00024580	0x00000004	[  3] __ZNSt8_Rb_treeISsSt4pairIKSsP11CCallResultI14CallbackHolder26LeaderboardScoreUploaded_tEESt10_Select1stIS7_ESt4lessISsESaIS7_EE9_M_insertEPSt18_Rb_tree_node_baseSF_RKS7_
0x00024584	0x00000004	[  3] __ZNSt8_Rb_treeISsSt4pairIKSsP11CCallResultI14CallbackHolder26LeaderboardScoreUploaded_tEESt10_Select1stIS7_ESt4lessISsESaIS7_EEC1ERKSB_RKSC_
0x00024588	0x00000004	[  3] __ZNSt8_Rb_treeISsSt4pairIKSsP11CCallResultI14CallbackHolder26LeaderboardScoreUploaded_tEESt10_Select1stIS7_ESt4lessISsESaIS7_EEC2ERKSB_RKSC_
0x0002458C	0x00000004	[  3] __ZNSt8_Rb_treeISsSt4pairIKSsP11CCallResultI14CallbackHolder26LeaderboardScoreUploaded_tEESt10_Select1stIS7_ESt4lessISsESaIS7_EED1Ev
0x00024590	0x00000004	[  3] __ZNSt8_Rb_treeISsSt4pairIKSsP11CCallResultI14CallbackHolder26LeaderboardScoreUploaded_tEESt10_Select1stIS7_ESt4lessISsESaIS7_EED2Ev
0x00024594	0x00000004	[  3] __ZNSt8_Rb_treeISsSt4pairIKSsP11CCallResultI14CallbackHolder29LeaderboardScoresDownloaded_tEESt10_Select1stIS7_ESt4lessISsESaIS7_EE11_M_get_nodeEv
0x00024598	0x00000004	[  3] __ZNSt8_Rb_treeISsSt4pairIKSsP11CCallResultI14CallbackHolder29LeaderboardScoresDownloaded_tEESt10_Select1stIS7_ESt4lessISsESaIS7_EE11_M_leftmostEv
0x0002459C	0x00000004	[  3] __ZNSt8_Rb_treeISsSt4pairIKSsP11CCallResultI14CallbackHolder29LeaderboardScoresDownloaded_tEESt10_Select1stIS7_ESt4lessISsESaIS7_EE11_M_put_nodeEPSt13_Rb_tree_nodeIS7_E
0x000245A0	0x00000004	[  3] __ZNSt8_Rb_treeISsSt4pairIKSsP11CCallResultI14CallbackHolder29LeaderboardScoresDownloaded_tEESt10_Select1stIS7_ESt4lessISsESaIS7_EE12_M_rightmostEv
0x000245A4	0x00000004	[  3] __ZNSt8_Rb_treeISsSt4pairIKSsP11CCallResultI14CallbackHolder29LeaderboardScoresDownloaded_tEESt10_Select1stIS7_ESt4lessISsESaIS7_EE13_Rb_tree_implISB_Lb0EEC1ERKSaISt13_Rb_tree_nodeIS7_EERKSB_
0x000245A8	0x00000004	[  3] __ZNSt8_Rb_treeISsSt4pairIKSsP11CCallResultI14CallbackHolder29LeaderboardScoresDownloaded_tEESt10_Select1stIS7_ESt4lessISsESaIS7_EE13_Rb_tree_implISB_Lb0EEC2ERKSaISt13_Rb_tree_nodeIS7_EERKSB_
0x000245AC	0x00000004	[  3] __ZNSt8_Rb_treeISsSt4pairIKSsP11CCallResultI14CallbackHolder29LeaderboardScoresDownloaded_tEESt10_Select1stIS7_ESt4lessISsESaIS7_EE13_Rb_tree_implISB_Lb0EED1Ev
0x000245B0	0x00000004	[  3] __ZNSt8_Rb_treeISsSt4pairIKSsP11CCallResultI14CallbackHolder29LeaderboardScoresDownloaded_tEESt10_Select1stIS7_ESt4lessISsESaIS7_EE13_Rb_tree_implISB_Lb0EED2Ev
0x000245B4	0x00000004	[  3] __ZNSt8_Rb_treeISsSt4pairIKSsP11CCallResultI14CallbackHolder29LeaderboardScoresDownloaded_tEESt10_Select1stIS7_ESt4lessISsESaIS7_EE14_M_create_nodeERKS7_
0x000245B8	0x00000004	[  3] __ZNSt8_Rb_treeISsSt4pairIKSsP11CCallResultI14CallbackHolder29LeaderboardScoresDownloaded_tEESt10_Select1stIS7_ESt4lessISsESaIS7_EE15_M_destroy_nodeEPSt13_Rb_tree_nodeIS7_E
0x000245BC	0x00000004	[  3] __ZNSt8_Rb_treeISsSt4pairIKSsP11CCallResultI14CallbackHolder29LeaderboardScoresDownloaded_tEESt10_Select1stIS7_ESt4lessISsESaIS7_EE16_M_insert_uniqueERKS7_
0x000245C0	0x00000004	[  3] __ZNSt8_Rb_treeISsSt4pairIKSsP11CCallResultI14CallbackHolder29LeaderboardScoresDownloaded_tEESt10_Select1stIS7_ESt4lessISsESaIS7_EE3endEv
0x000245C4	0x00000004	[  3] __ZNSt8_Rb_treeISsSt4pairIKSsP11CCallResultI14CallbackHolder29LeaderboardScoresDownloaded_tEESt10_Select1stIS7_ESt4lessISsESaIS7_EE4findERS1_
0x000245C8	0x00000004	[  3] __ZNSt8_Rb_treeISsSt4pairIKSsP11CCallResultI14CallbackHolder29LeaderboardScoresDownloaded_tEESt10_Select1stIS7_ESt4lessISsESaIS7_EE5beginEv
0x000245CC	0x00000004	[  3] __ZNSt8_Rb_treeISsSt4pairIKSsP11CCallResultI14CallbackHolder29LeaderboardScoresDownloaded_tEESt10_Select1stIS7_ESt4lessISsESaIS7_EE5clearEv
0x000245D0	0x00000004	[  3] __ZNSt8_Rb_treeISsSt4pairIKSsP11CCallResultI14CallbackHolder29LeaderboardScoresDownloaded_tEESt10_Select1stIS7_ESt4lessISsESaIS7_EE6_M_endEv
0x000245D4	0x00000004	[  3] __ZNSt8_Rb_treeISsSt4pairIKSsP11CCallResultI14CallbackHolder29LeaderboardScoresDownloaded_tEESt10_Select1stIS7_ESt4lessISsESaIS7_EE6_S_keyEPKSt13_Rb_tree_nodeIS7_E
0x000245D8	0x00000004	[  3] __ZNSt8_Rb_treeISsSt4pairIKSsP11CCallResultI14CallbackHolder29LeaderboardScoresDownloaded_tEESt10_Select1stIS7_ESt4lessISsESaIS7_EE6_S_keyEPKSt18_Rb_tree_node_base
0x000245DC	0x00000004	[  3] __ZNSt8_Rb_treeISsSt4pairIKSsP11CCallResultI14CallbackHolder29LeaderboardScoresDownloaded_tEESt10_Select1stIS7_ESt4lessISsESaIS7_EE7_M_rootEv
0x000245E0	0x00000004	[  3] __ZNSt8_Rb_treeISsSt4pairIKSsP11CCallResultI14CallbackHolder29LeaderboardScoresDownloaded_tEESt10_Select1stIS7_ESt4lessISsESaIS7_EE7_S_leftEPSt18_Rb_tree_node_base
0x000245E4	0x00000004	[  3] __ZNSt8_Rb_treeISsSt4pairIKSsP11CCallResultI14CallbackHolder29LeaderboardScoresDownloaded_tEESt10_Select1stIS7_ESt4lessISsESaIS7_EE8_M_beginEv
0x000245E8	0x00000004	[  3] __ZNSt8_Rb_treeISsSt4pairIKSsP11CCallResultI14CallbackHolder29LeaderboardScoresDownloaded_tEESt10_Select1stIS7_ESt4lessISsESaIS7_EE8_M_eraseEPSt13_Rb_tree_nodeIS7_E
0x000245EC	0x00000004	[  3] __ZNSt8_Rb_treeISsSt4pairIKSsP11CCallResultI14CallbackHolder29LeaderboardScoresDownloaded_tEESt10_Select1stIS7_ESt4lessISsESaIS7_EE8_S_rightEPSt18_Rb_tree_node_base
0x000245F0	0x00000004	[  3] __ZNSt8_Rb_treeISsSt4pairIKSsP11CCallResultI14CallbackHolder29LeaderboardScoresDownloaded_tEESt10_Select1stIS7_ESt4lessISsESaIS7_EE8_S_valueEPKSt13_Rb_tree_nodeIS7_E
0x000245F4	0x00000004	[  3] __ZNSt8_Rb_treeISsSt4pairIKSsP11CCallResultI14CallbackHolder29LeaderboardScoresDownloaded_tEESt10_Select1stIS7_ESt4lessISsESaIS7_EE8_S_valueEPKSt18_Rb_tree_node_base
0x000245F8	0x00000004	[  3] __ZNSt8_Rb_treeISsSt4pairIKSsP11CCallResultI14CallbackHolder29LeaderboardScoresDownloaded_tEESt10_Select1stIS7_ESt4lessISsESaIS7_EE9_M_insertEPSt18_Rb_tree_node_baseSF_RKS7_
0x000245FC	0x00000004	[  3] __ZNSt8_Rb_treeISsSt4pairIKSsP11CCallResultI14CallbackHolder29LeaderboardScoresDownloaded_tEESt10_Select1stIS7_ESt4lessISsESaIS7_EEC1ERKSB_RKSC_
0x00024600	0x00000004	[  3] __ZNSt8_Rb_treeISsSt4pairIKSsP11CCallResultI14CallbackHolder29LeaderboardScoresDownloaded_tEESt10_Select1stIS7_ESt4lessISsESaIS7_EEC2ERKSB_RKSC_
0x00024604	0x00000004	[  3] __ZNSt8_Rb_treeISsSt4pairIKSsP11CCallResultI14CallbackHolder29LeaderboardScoresDownloaded_tEESt10_Select1stIS7_ESt4lessISsESaIS7_EED1Ev
0x00024608	0x00000004	[  3] __ZNSt8_Rb_treeISsSt4pairIKSsP11CCallResultI14CallbackHolder29LeaderboardScoresDownloaded_tEESt10_Select1stIS7_ESt4lessISsESaIS7_EED2Ev
0x0002460C	0x00000004	[  3] __ZNSt8_Rb_treeISsSt4pairIKSsyESt10_Select1stIS2_ESt4lessISsESaIS2_EE11_M_get_nodeEv
0x00024610	0x00000004	[  3] __ZNSt8_Rb_treeISsSt4pairIKSsyESt10_Select1stIS2_ESt4lessISsESaIS2_EE11_M_leftmostEv
0x00024614	0x00000004	[  3] __ZNSt8_Rb_treeISsSt4pairIKSsyESt10_Select1stIS2_ESt4lessISsESaIS2_EE11_M_put_nodeEPSt13_Rb_tree_nodeIS2_E
0x00024618	0x00000004	[  3] __ZNSt8_Rb_treeISsSt4pairIKSsyESt10_Select1stIS2_ESt4lessISsESaIS2_EE12_M_rightmostEv
0x0002461C	0x00000004	[  3] __ZNSt8_Rb_treeISsSt4pairIKSsyESt10_Select1stIS2_ESt4lessISsESaIS2_EE13_Rb_tree_implIS6_Lb0EEC1ERKSaISt13_Rb_tree_nodeIS2_EERKS6_
0x00024620	0x00000004	[  3] __ZNSt8_Rb_treeISsSt4pairIKSsyESt10_Select1stIS2_ESt4lessISsESaIS2_EE13_Rb_tree_implIS6_Lb0EEC2ERKSaISt13_Rb_tree_nodeIS2_EERKS6_
0x00024624	0x00000004	[  3] __ZNSt8_Rb_treeISsSt4pairIKSsyESt10_Select1stIS2_ESt4lessISsESaIS2_EE13_Rb_tree_implIS6_Lb0EED1Ev
0x00024628	0x00000004	[  3] __ZNSt8_Rb_treeISsSt4pairIKSsyESt10_Select1stIS2_ESt4lessISsESaIS2_EE13_Rb_tree_implIS6_Lb0EED2Ev
0x0002462C	0x00000004	[  3] __ZNSt8_Rb_treeISsSt4pairIKSsyESt10_Select1stIS2_ESt4lessISsESaIS2_EE14_M_create_nodeERKS2_
0x00024630	0x00000004	[  3] __ZNSt8_Rb_treeISsSt4pairIKSsyESt10_Select1stIS2_ESt4lessISsESaIS2_EE15_M_destroy_nodeEPSt13_Rb_tree_nodeIS2_E
0x00024634	0x00000004	[  3] __ZNSt8_Rb_treeISsSt4pairIKSsyESt10_Select1stIS2_ESt4lessISsESaIS2_EE16_M_insert_uniqueERKS2_
0x00024638	0x00000004	[  3] __ZNSt8_Rb_treeISsSt4pairIKSsyESt10_Select1stIS2_ESt4lessISsESaIS2_EE3endEv
0x0002463C	0x00000004	[  3] __ZNSt8_Rb_treeISsSt4pairIKSsyESt10_Select1stIS2_ESt4lessISsESaIS2_EE4findERS1_
0x00024640	0x00000004	[  3] __ZNSt8_Rb_treeISsSt4pairIKSsyESt10_Select1stIS2_ESt4lessISsESaIS2_EE5beginEv
0x00024644	0x00000004	[  3] __ZNSt8_Rb_treeISsSt4pairIKSsyESt10_Select1stIS2_ESt4lessISsESaIS2_EE5clearEv
0x00024648	0x00000004	[  3] __ZNSt8_Rb_treeISsSt4pairIKSsyESt10_Select1stIS2_ESt4lessISsESaIS2_EE6_M_endEv
0x0002464C	0x00000004	[  3] __ZNSt8_Rb_treeISsSt4pairIKSsyESt10_Select1stIS2_ESt4lessISsESaIS2_EE6_S_keyEPKSt13_Rb_tree_nodeIS2_E
0x00024650	0x00000004	[  3] __ZNSt8_Rb_treeISsSt4pairIKSsyESt10_Select1stIS2_ESt4lessISsESaIS2_EE6_S_keyEPKSt18_Rb_tree_node_base
0x00024654	0x00000004	[  3] __ZNSt8_Rb_treeISsSt4pairIKSsyESt10_Select1stIS2_ESt4lessISsESaIS2_EE7_M_rootEv
0x00024658	0x00000004	[  3] __ZNSt8_Rb_treeISsSt4pairIKSsyESt10_Select1stIS2_ESt4lessISsESaIS2_EE7_S_leftEPSt18_Rb_tree_node_base
0x0002465C	0x00000004	[  3] __ZNSt8_Rb_treeISsSt4pairIKSsyESt10_Select1stIS2_ESt4lessISsESaIS2_EE8_M_beginEv
0x00024660	0x00000004	[  3] __ZNSt8_Rb_treeISsSt4pairIKSsyESt10_Select1stIS2_ESt4lessISsESaIS2_EE8_M_eraseEPSt13_Rb_tree_nodeIS2_E
0x00024664	0x00000004	[  3] __ZNSt8_Rb_treeISsSt4pairIKSsyESt10_Select1stIS2_ESt4lessISsESaIS2_EE8_S_rightEPSt18_Rb_tree_node_base
0x00024668	0x00000004	[  3] __ZNSt8_Rb_treeISsSt4pairIKSsyESt10_Select1stIS2_ESt4lessISsESaIS2_EE8_S_valueEPKSt13_Rb_tree_nodeIS2_E
0x0002466C	0x00000004	[  3] __ZNSt8_Rb_treeISsSt4pairIKSsyESt10_Select1stIS2_ESt4lessISsESaIS2_EE8_S_valueEPKSt18_Rb_tree_node_base
0x00024670	0x00000004	[  3] __ZNSt8_Rb_treeISsSt4pairIKSsyESt10_Select1stIS2_ESt4lessISsESaIS2_EE9_M_insertEPSt18_Rb_tree_node_baseSA_RKS2_
0x00024674	0x00000004	[  3] __ZNSt8_Rb_treeISsSt4pairIKSsyESt10_Select1stIS2_ESt4lessISsESaIS2_EEC1ERKS6_RKS7_
0x00024678	0x00000004	[  3] __ZNSt8_Rb_treeISsSt4pairIKSsyESt10_Select1stIS2_ESt4lessISsESaIS2_EEC2ERKS6_RKS7_
0x0002467C	0x00000004	[  3] __ZNSt8_Rb_treeISsSt4pairIKSsyESt10_Select1stIS2_ESt4lessISsESaIS2_EED1Ev
0x00024680	0x00000004	[  3] __ZNSt8_Rb_treeISsSt4pairIKSsyESt10_Select1stIS2_ESt4lessISsESaIS2_EED2Ev
0x00024684	0x00000004	[  3] __ZSt9make_pairIPKcP11CCallResultI14CallbackHolder23LeaderboardFindResult_tEESt4pairIT_T0_ES8_S9_
0x00024688	0x00000004	[  3] __ZSt9make_pairIPKcP11CCallResultI14CallbackHolder26LeaderboardScoreUploaded_tEESt4pairIT_T0_ES8_S9_
0x0002468C	0x00000004	[  3] __ZSt9make_pairIPKcP11CCallResultI14CallbackHolder29LeaderboardScoresDownloaded_tEESt4pairIT_T0_ES8_S9_
0x00024690	0x00000004	[  3] __ZSt9make_pairIPKcyESt4pairIT_T0_ES3_S4_
0x00024694	0x00000004	[  3] __ZStltIcSt11char_traitsIcESaIcEEbRKSbIT_T0_T1_ES8_
0x00024698	0x00000004	[  5] _s3eEdkCallbacksEnqueue
0x0002469C	0x00000004	[  5] _s3eEdkCallbacksIsRegistered
0x000246A0	0x00000004	[  5] _s3eEdkCallbacksRegister
0x000246A4	0x00000004	[  5] _s3eEdkCallbacksUnRegister
0x000246A8	0x00000004	[  5] _s3eEdkRegister
0x000246AC	0x00000004	[  7] _SteamAPI_Init
0x000246B0	0x00000004	[  7] _SteamAPI_RegisterCallResult
0x000246B4	0x00000004	[  7] _SteamAPI_RegisterCallback
0x000246B8	0x00000004	[  7] _SteamAPI_RestartAppIfNecessary
0x000246BC	0x00000004	[  7] _SteamAPI_RunCallbacks
0x000246C0	0x00000004	[  7] _SteamAPI_Shutdown
0x000246C4	0x00000004	[  7] _SteamAPI_UnregisterCallResult
0x000246C8	0x00000004	[  7] _SteamAPI_UnregisterCallback
0x000246CC	0x00000004	[  7] _SteamApps
0x000246D0	0x00000004	[  7] _SteamFriends
0x000246D4	0x00000004	[  7] _SteamUserStats
0x000246D8	0x00000004	[  7] _SteamUtils
0x000246DC	0x00000004	[  8] __ZNKSs7compareERKSs
0x000246E0	0x00000004	[  8] __ZNSaIcEC1Ev
0x000246E4	0x00000004	[  8] __ZNSaIcED1Ev
0x000246E8	0x00000004	[  8] __ZNSsC1EPKcRKSaIcE
0x000246EC	0x00000004	[  8] __ZNSsC1ERKSs
0x000246F0	0x00000004	[  8] __ZNSsD1Ev
0x000246F4	0x00000004	[  8] __ZSt17__throw_bad_allocv
0x000246F8	0x00000004	[  8] __ZSt18_Rb_tree_decrementPSt18_Rb_tree_node_base
0x000246FC	0x00000004	[  8] __ZSt18_Rb_tree_incrementPKSt18_Rb_tree_node_base
0x00024700	0x00000004	[  8] __ZSt29_Rb_tree_insert_and_rebalancebPSt18_Rb_tree_node_baseS0_RS_
0x00024704	0x00000004	[  8] __ZdaPv
0x00024708	0x00000004	[  8] __ZdlPv
0x0002470C	0x00000004	[  8] __Znam
0x00024710	0x00000004	[  8] __Znwm
0x00024714	0x00000004	[  9] ___cxa_atexit
0x00024718	0x00000004	[  9] ___stack_chk_fail
0x0002471C	0x00000004	[  9] _bzero
0x00024720	0x00000004	[  9] _memset
0x00024724	0x00000004	[  9] _strcpy
0x00024728	0x00000004	[  9] _strlen
0x0002472C	0x00000004	[  9] _strncat
0x00024730	0x00000004	[  9] _strncpy
0x00024734	0x00000004	[  3] anon
0x00024740	0x00000018	[  3] __ZTV11CCallResultI14CallbackHolder29LeaderboardScoresDownloaded_tE
0x00024758	0x00000008	[  3] __ZTI13CCallbackBase
0x00024760	0x00000020	[  3] __ZTI11CCallResultI14CallbackHolder29LeaderboardScoresDownloaded_tE
0x00024780	0x00000020	[  3] __ZTV13CCallbackBase
0x000247A0	0x00000020	[  3] __ZTV11CCallResultI14CallbackHolder26LeaderboardScoreUploaded_tE
0x000247C0	0x00000020	[  3] __ZTI11CCallResultI14CallbackHolder26LeaderboardScoreUploaded_tE
0x000247E0	0x00000020	[  3] __ZTV11CCallResultI14CallbackHolder23LeaderboardFindResult_tE
0x00024800	0x00000020	[  3] __ZTI11CCallResultI14CallbackHolder23LeaderboardFindResult_tE
0x00024820	0x00000020	[  3] __ZTV9CCallbackI14CallbackHolder23UserAchievementStored_tLb0EE
0x00024840	0x00000020	[  3] __ZTI9CCallbackI14CallbackHolder23UserAchievementStored_tLb0EE
0x00024860	0x00000020	[  3] __ZTV9CCallbackI14CallbackHolder17UserStatsStored_tLb0EE
0x00024880	0x00000020	[  3] __ZTI9CCallbackI14CallbackHolder17UserStatsStored_tLb0EE
0x000248A0	0x00000020	[  3] __ZTV9CCallbackI14CallbackHolder19UserStatsReceived_tLb0EE
0x000248C0	0x00000018	[  3] __ZTI9CCallbackI14CallbackHolder19UserStatsReceived_tLb0EE
0x000248D8	0x000028C0	[  4] _g_S3E_API
0x00027198	0x00000001	[  4] __IwAppVersionMajor
0x00027199	0x00000001	[  4] __IwAppVersionMinor
0x0002719C	0x00000008	[  3] _g_GameID
0x000271A4	0x00000004	[  3] _g_pSteamUserStats
0x000271A8	0x00000001	[  3] _g_bInited
0x000271A9	0x00000001	[  3] _g_bStoreStats
0x000271AA	0x00000002	[  3] _g_bRequestedStats
0x000271AC	0x00000018	[  3] _g_Leaderboards
0x000271C4	0x00000004	[  3] _g_CallbackHolder
0x000271C8	0x00000300	[  4] __Z9g_Message
0x00028000	0x00000010	[  3] anon
0x00028010	0x00000008	[  0] objc image info
