# Path: /Volumes/StayAlight/extensions/s3eSteam/lib/osx/libs3eSteam.dylib
# Arch: i386
# Object files:
[  0] linker synthesized
[  1] release/s3eSteam.os
[  2] release/s3eSteam_register.os
[  3] release/s3eSteam_platform.os
[  4] /Applications/Marmalade.app/Contents/s3e/edk/lib/osx/libedk.a(iwcrt_api_bind.o)
[  5] /Applications/Marmalade.app/Contents/s3e/edk/lib/osx/libedk.a(iwcrt_api_define.o)
[  6] /Applications/Marmalade.app/Contents/s3e/edk/lib/osx/libedk.a(IwMain.o)
[  7] /Volumes/StayAlight/extensions/s3eSteam/upstream/redistributable_bin/osx32/libsteam_api.dylib
[  8] /Applications/Xcode.app/Contents/Developer/Platforms/MacOSX.platform/Developer/SDKs/MacOSX10.9.sdk/usr/lib/libstdc++.dylib
[  9] /Applications/Xcode.app/Contents/Developer/Platforms/MacOSX.platform/Developer/SDKs/MacOSX10.9.sdk/usr/lib/libSystem.dylib
# Sections:
# Address	Size    	Segment	Section
0x00000FC0	0x0000D562	__TEXT	__text
0x0000E522	0x00000120	__TEXT	__symbol_stub
0x0000E644	0x00000138	__TEXT	__stub_helper
0x0000E77C	0x00002D26	__TEXT	__cstring
0x000114B0	0x00000186	__TEXT	__const
0x00011636	0x000000F8	__TEXT	__unwind_info
0x00011730	0x000098CC	__TEXT	__eh_frame
0x0001B000	0x0000008C	__DATA	__nl_symbol_ptr
0x0001B08C	0x000000C0	__DATA	__la_symbol_ptr
0x0001B14C	0x00000004	__DATA	__mod_init_func
0x0001B150	0x00002A3A	__DATA	__data
0x0001DB90	0x0000002C	__DATA	__common
0x0001DBBC	0x00000300	__DATA	__bss
0x0001E000	0x00000010	__OBJC	__module_info
0x0001E010	0x00000008	__OBJC	__image_info
# Symbols:
# Address	Size    	File  Name
0x00000FC0	0x00000010	[  1] __Z12s3eSteamInitv
0x00000FD0	0x00000010	[  1] __Z17s3eSteamTerminatev
0x00000FE0	0x00000010	[  1] _s3eSteamStart
0x00000FF0	0x00000010	[  1] _s3eSteamStarted
0x00001000	0x00000010	[  1] _s3eSteamRestartAppIfNecessary
0x00001010	0x00000040	[  1] _s3eSteamRegister
0x00001050	0x00000040	[  1] _s3eSteamUnRegister
0x00001090	0x00000010	[  1] _s3eSteamStoreStats
0x000010A0	0x00000010	[  1] _s3eSteamRequestCurrentStats
0x000010B0	0x00000010	[  1] _s3eSteamUpdate
0x000010C0	0x00000010	[  1] _s3eSteamGetAchievement
0x000010D0	0x00000010	[  1] _s3eSteamSetAchievement
0x000010E0	0x00000010	[  1] _s3eSteamClearAchievement
0x000010F0	0x00000010	[  1] _s3eSteamGetStatInt
0x00001100	0x00000010	[  1] _s3eSteamGetStatFloat
0x00001110	0x00000010	[  1] _s3eSteamSetStatInt
0x00001120	0x00000010	[  1] _s3eSteamSetStatFloat
0x00001130	0x00000010	[  1] _s3eSteamGetCurrentGameLanguage
0x00001140	0x00000010	[  1] _s3eSteamLeaderboardInit
0x00001150	0x00000010	[  1] _s3eSteamLeaderboardUploadScore
0x00001160	0x00000010	[  1] _s3eSteamLeaderboardGetEntryCount
0x00001170	0x00000009	[  1] _s3eSteamLeaderboardDownloadEntries
0x00001180	0x00000150	[  2] __Z19s3eSteamRegisterExtv
0x000012D0	0x00000147	[  2] _RegisterExt
0x00001420	0x00000010	[  3] __Z21s3eSteamInit_platformv
0x00001430	0x00000080	[  3] __Z26s3eSteamTerminate_platformv
0x000014B0	0x00000080	[  3] __Z22s3eSteamStart_platformv
0x00001530	0x00000020	[  3] __Z38s3eSteamRestartAppIfNecessary_platformj
0x00001550	0x00000020	[  3] __Z24s3eSteamStarted_platformv
0x00001570	0x00000040	[  3] __Z23s3eSteamUpdate_platformv
0x000015B0	0x00000050	[  3] __Z31s3eSteamGetAchievement_platformPKc
0x00001600	0x00000050	[  3] __Z31s3eSteamSetAchievement_platformPKc
0x00001650	0x00000040	[  3] __Z33s3eSteamClearAchievement_platformPKc
0x00001690	0x00000050	[  3] __Z27s3eSteamGetStatInt_platformPKc
0x000016E0	0x00000050	[  3] __Z29s3eSteamGetStatFloat_platformPKc
0x00001730	0x00000060	[  3] __Z27s3eSteamSetStatInt_platformPKci
0x00001790	0x00000060	[  3] __Z29s3eSteamSetStatFloat_platformPKcf
0x000017F0	0x00000030	[  3] __Z27s3eSteamStoreStats_platformv
0x00001820	0x00000030	[  3] __Z36s3eSteamRequestCurrentStats_platformv
0x00001850	0x000000A0	[  3] __ZN14CallbackHolder19OnUserStatsReceivedEP19UserStatsReceived_t
0x000018F0	0x000000A0	[  3] __ZN14CallbackHolder17OnUserStatsStoredEP17UserStatsStored_t
0x00001990	0x000000A0	[  3] __ZN14CallbackHolder19OnAchievementStoredEP23UserAchievementStored_t
0x00001A30	0x00000050	[  3] __Z39s3eSteamGetCurrentGameLanguage_platformv
0x00001A80	0x00000070	[  3] __Z32s3eSteamLeaderboardInit_platformPKc
0x00001AF0	0x000001F0	[  3] __Z39s3eSteamLeaderboardUploadScore_platformPKcih
0x00001CE0	0x00000180	[  3] __Z41s3eSteamLeaderboardGetEntryCount_platformPKc
0x00001E60	0x000001E0	[  3] __Z43s3eSteamLeaderboardDownloadEntries_platformPKc31s3eSteamELeaderboardDataRequestii
0x00002040	0x000001C0	[  3] __ZN14CallbackHolder17OnFindLeaderboardEP23LeaderboardFindResult_tb
0x00002200	0x00000100	[  3] __ZN14CallbackHolder13OnUploadScoreEP26LeaderboardScoreUploaded_tb
0x00002300	0x00000230	[  3] __ZN14CallbackHolder30OnLeaderboardDownloadedEntriesEP29LeaderboardScoresDownloaded_tb
0x00002530	0x0000001A	[  3] __ZN14CallbackHolder39OnLeaderboardDownloadedEntriesCompletedEjiPvS0_iS0_
0x00002550	0x00000020	[  3] __ZNSt3mapISsySt4lessISsESaISt4pairIKSsyEEED1Ev
0x00002570	0x00000380	[  3] __ZN14CallbackHolder33setSteamCallResultFindLeaderboardEPKcy
0x000028F0	0x00000380	[  3] __ZN14CallbackHolder29setSteamCallResultUploadScoreEPKcy
0x00002C70	0x00000380	[  3] __ZN14CallbackHolder33setSteamCallResultDownloadEntriesEPKcy
0x00002FF0	0x00000180	[  3] __ZNSt8_Rb_treeISsSt4pairIKSsyESt10_Select1stIS2_ESt4lessISsESaIS2_EE16_M_insert_uniqueERKS2_
0x00003170	0x00000080	[  3] __ZNSt8_Rb_treeISsSt4pairIKSsyESt10_Select1stIS2_ESt4lessISsESaIS2_EE8_M_eraseEPSt13_Rb_tree_nodeIS2_E
0x000031F0	0x00000050	[  3] __ZN11CCallResultI14CallbackHolder29LeaderboardScoresDownloaded_tE3RunEPv
0x00003240	0x00000060	[  3] __ZN11CCallResultI14CallbackHolder29LeaderboardScoresDownloaded_tE3RunEPvby
0x000032A0	0x00000010	[  3] __ZN11CCallResultI14CallbackHolder29LeaderboardScoresDownloaded_tE20GetCallbackSizeBytesEv
0x000032B0	0x00000180	[  3] __ZNSt8_Rb_treeISsSt4pairIKSsP11CCallResultI14CallbackHolder29LeaderboardScoresDownloaded_tEESt10_Select1stIS7_ESt4lessISsESaIS7_EE16_M_insert_uniqueERKS7_
0x00003430	0x00000050	[  3] __ZN11CCallResultI14CallbackHolder26LeaderboardScoreUploaded_tE3RunEPv
0x00003480	0x00000060	[  3] __ZN11CCallResultI14CallbackHolder26LeaderboardScoreUploaded_tE3RunEPvby
0x000034E0	0x00000010	[  3] __ZN11CCallResultI14CallbackHolder26LeaderboardScoreUploaded_tE20GetCallbackSizeBytesEv
0x000034F0	0x00000180	[  3] __ZNSt8_Rb_treeISsSt4pairIKSsP11CCallResultI14CallbackHolder26LeaderboardScoreUploaded_tEESt10_Select1stIS7_ESt4lessISsESaIS7_EE16_M_insert_uniqueERKS7_
0x00003670	0x00000050	[  3] __ZN11CCallResultI14CallbackHolder23LeaderboardFindResult_tE3RunEPv
0x000036C0	0x00000060	[  3] __ZN11CCallResultI14CallbackHolder23LeaderboardFindResult_tE3RunEPvby
0x00003720	0x00000010	[  3] __ZN11CCallResultI14CallbackHolder23LeaderboardFindResult_tE20GetCallbackSizeBytesEv
0x00003730	0x00000180	[  3] __ZNSt8_Rb_treeISsSt4pairIKSsP11CCallResultI14CallbackHolder23LeaderboardFindResult_tEESt10_Select1stIS7_ESt4lessISsESaIS7_EE16_M_insert_uniqueERKS7_
0x000038B0	0x000001A0	[  3] __ZN14CallbackHolderC2Ev
0x00003A50	0x00000030	[  3] __ZN9CCallbackI14CallbackHolder23UserAchievementStored_tLb0EE3RunEPv
0x00003A80	0x00000030	[  3] __ZN9CCallbackI14CallbackHolder23UserAchievementStored_tLb0EE3RunEPvby
0x00003AB0	0x00000010	[  3] __ZN9CCallbackI14CallbackHolder23UserAchievementStored_tLb0EE20GetCallbackSizeBytesEv
0x00003AC0	0x00000030	[  3] __ZN9CCallbackI14CallbackHolder17UserStatsStored_tLb0EE3RunEPv
0x00003AF0	0x00000030	[  3] __ZN9CCallbackI14CallbackHolder17UserStatsStored_tLb0EE3RunEPvby
0x00003B20	0x00000010	[  3] __ZN9CCallbackI14CallbackHolder17UserStatsStored_tLb0EE20GetCallbackSizeBytesEv
0x00003B30	0x00000030	[  3] __ZN9CCallbackI14CallbackHolder19UserStatsReceived_tLb0EE3RunEPv
0x00003B60	0x00000030	[  3] __ZN9CCallbackI14CallbackHolder19UserStatsReceived_tLb0EE3RunEPvby
0x00003B90	0x00000010	[  3] __ZN9CCallbackI14CallbackHolder19UserStatsReceived_tLb0EE20GetCallbackSizeBytesEv
0x00003BA0	0x00000260	[  3] __ZN14CallbackHolderD2Ev
0x00003E00	0x00000080	[  3] __ZNSt8_Rb_treeISsSt4pairIKSsP11CCallResultI14CallbackHolder23LeaderboardFindResult_tEESt10_Select1stIS7_ESt4lessISsESaIS7_EE8_M_eraseEPSt13_Rb_tree_nodeIS7_E
0x00003E80	0x00000080	[  3] __ZNSt8_Rb_treeISsSt4pairIKSsP11CCallResultI14CallbackHolder26LeaderboardScoreUploaded_tEESt10_Select1stIS7_ESt4lessISsESaIS7_EE8_M_eraseEPSt13_Rb_tree_nodeIS7_E
0x00003F00	0x00000075	[  3] __ZNSt8_Rb_treeISsSt4pairIKSsP11CCallResultI14CallbackHolder29LeaderboardScoresDownloaded_tEESt10_Select1stIS7_ESt4lessISsESaIS7_EE8_M_eraseEPSt13_Rb_tree_nodeIS7_E
0x00003F80	0x0000008B	[  3] __GLOBAL__I_a
0x00004010	0x00000210	[  4] __IwBindAPI
0x00004220	0x00000022	[  4] __IwAppEntry
0x00004250	0x00000020	[  5] ___eglBindAPI
0x00004270	0x00000020	[  5] ___eglBindTexImage
0x00004290	0x00000020	[  5] ___eglChooseConfig
0x000042B0	0x00000020	[  5] ___eglCopyBuffers
0x000042D0	0x00000020	[  5] ___eglCreateContext
0x000042F0	0x00000020	[  5] ___eglCreatePbufferFromClientBuffer
0x00004310	0x00000020	[  5] ___eglCreatePbufferSurface
0x00004330	0x00000020	[  5] ___eglCreatePixmapSurface
0x00004350	0x00000020	[  5] ___eglCreateWindowSurface
0x00004370	0x00000020	[  5] ___eglDestroyContext
0x00004390	0x00000020	[  5] ___eglDestroySurface
0x000043B0	0x00000020	[  5] ___eglGetConfigAttrib
0x000043D0	0x00000020	[  5] ___eglGetConfigs
0x000043F0	0x00000020	[  5] ___eglGetCurrentContext
0x00004410	0x00000020	[  5] ___eglGetCurrentDisplay
0x00004430	0x00000020	[  5] ___eglGetCurrentSurface
0x00004450	0x00000020	[  5] ___eglGetDisplay
0x00004470	0x00000020	[  5] ___eglGetError
0x00004490	0x00000020	[  5] ___eglGetProcAddress
0x000044B0	0x00000020	[  5] ___eglInitialize
0x000044D0	0x00000020	[  5] ___eglMakeCurrent
0x000044F0	0x00000020	[  5] ___eglQueryAPI
0x00004510	0x00000020	[  5] ___eglQueryContext
0x00004530	0x00000020	[  5] ___eglQueryString
0x00004550	0x00000020	[  5] ___eglQuerySurface
0x00004570	0x00000020	[  5] ___eglReleaseTexImage
0x00004590	0x00000020	[  5] ___eglReleaseThread
0x000045B0	0x00000020	[  5] ___eglSurfaceAttrib
0x000045D0	0x00000020	[  5] ___eglSwapBuffers
0x000045F0	0x00000020	[  5] ___eglSwapInterval
0x00004610	0x00000020	[  5] ___eglTerminate
0x00004630	0x00000020	[  5] ___eglWaitClient
0x00004650	0x00000020	[  5] ___eglWaitGL
0x00004670	0x00000020	[  5] ___eglWaitNative
0x00004690	0x00000020	[  5] ___glActiveTexture
0x000046B0	0x00000020	[  5] ___glAlphaFunc
0x000046D0	0x00000020	[  5] ___glAlphaFuncx
0x000046F0	0x00000020	[  5] ___glAttachShader
0x00004710	0x00000020	[  5] ___glBeginQuery
0x00004730	0x00000020	[  5] ___glBeginTransformFeedback
0x00004750	0x00000020	[  5] ___glBindAttribLocation
0x00004770	0x00000020	[  5] ___glBindBuffer
0x00004790	0x00000020	[  5] ___glBindBufferBase
0x000047B0	0x00000020	[  5] ___glBindBufferRange
0x000047D0	0x00000020	[  5] ___glBindFramebuffer
0x000047F0	0x00000020	[  5] ___glBindRenderbuffer
0x00004810	0x00000020	[  5] ___glBindSampler
0x00004830	0x00000020	[  5] ___glBindTexture
0x00004850	0x00000020	[  5] ___glBindTransformFeedback
0x00004870	0x00000020	[  5] ___glBindVertexArray
0x00004890	0x00000020	[  5] ___glBlendColor
0x000048B0	0x00000020	[  5] ___glBlendEquation
0x000048D0	0x00000020	[  5] ___glBlendEquationSeparate
0x000048F0	0x00000020	[  5] ___glBlendFunc
0x00004910	0x00000020	[  5] ___glBlendFuncSeparate
0x00004930	0x00000020	[  5] ___glBlitFramebuffer
0x00004950	0x00000020	[  5] ___glBufferData
0x00004970	0x00000020	[  5] ___glBufferSubData
0x00004990	0x00000020	[  5] ___glCheckFramebufferStatus
0x000049B0	0x00000020	[  5] ___glClear
0x000049D0	0x00000020	[  5] ___glClearBufferfi
0x000049F0	0x00000020	[  5] ___glClearBufferfv
0x00004A10	0x00000020	[  5] ___glClearBufferiv
0x00004A30	0x00000020	[  5] ___glClearBufferuiv
0x00004A50	0x00000020	[  5] ___glClearColor
0x00004A70	0x00000020	[  5] ___glClearColorx
0x00004A90	0x00000020	[  5] ___glClearDepthf
0x00004AB0	0x00000020	[  5] ___glClearDepthx
0x00004AD0	0x00000020	[  5] ___glClearStencil
0x00004AF0	0x00000020	[  5] ___glClientActiveTexture
0x00004B10	0x00000020	[  5] ___glClientWaitSync
0x00004B30	0x00000020	[  5] ___glClipPlanef
0x00004B50	0x00000020	[  5] ___glClipPlanex
0x00004B70	0x00000020	[  5] ___glColor4f
0x00004B90	0x00000020	[  5] ___glColor4ub
0x00004BB0	0x00000020	[  5] ___glColor4x
0x00004BD0	0x00000020	[  5] ___glColorMask
0x00004BF0	0x00000020	[  5] ___glColorPointer
0x00004C10	0x00000020	[  5] ___glCompileShader
0x00004C30	0x00000020	[  5] ___glCompressedTexImage2D
0x00004C50	0x00000020	[  5] ___glCompressedTexImage3D
0x00004C70	0x00000020	[  5] ___glCompressedTexSubImage2D
0x00004C90	0x00000020	[  5] ___glCompressedTexSubImage3D
0x00004CB0	0x00000020	[  5] ___glCopyBufferSubData
0x00004CD0	0x00000020	[  5] ___glCopyTexImage2D
0x00004CF0	0x00000020	[  5] ___glCopyTexSubImage2D
0x00004D10	0x00000020	[  5] ___glCopyTexSubImage3D
0x00004D30	0x00000020	[  5] ___glCreateProgram
0x00004D50	0x00000020	[  5] ___glCreateShader
0x00004D70	0x00000020	[  5] ___glCullFace
0x00004D90	0x00000020	[  5] ___glCurrentPaletteMatrixOES
0x00004DB0	0x00000020	[  5] ___glDeleteBuffers
0x00004DD0	0x00000020	[  5] ___glDeleteFramebuffers
0x00004DF0	0x00000020	[  5] ___glDeleteProgram
0x00004E10	0x00000020	[  5] ___glDeleteQueries
0x00004E30	0x00000020	[  5] ___glDeleteRenderbuffers
0x00004E50	0x00000020	[  5] ___glDeleteSamplers
0x00004E70	0x00000020	[  5] ___glDeleteShader
0x00004E90	0x00000020	[  5] ___glDeleteSync
0x00004EB0	0x00000020	[  5] ___glDeleteTextures
0x00004ED0	0x00000020	[  5] ___glDeleteTransformFeedbacks
0x00004EF0	0x00000020	[  5] ___glDeleteVertexArrays
0x00004F10	0x00000020	[  5] ___glDepthFunc
0x00004F30	0x00000020	[  5] ___glDepthMask
0x00004F50	0x00000020	[  5] ___glDepthRangef
0x00004F70	0x00000020	[  5] ___glDepthRangex
0x00004F90	0x00000020	[  5] ___glDetachShader
0x00004FB0	0x00000020	[  5] ___glDisable
0x00004FD0	0x00000020	[  5] ___glDisableClientState
0x00004FF0	0x00000020	[  5] ___glDisableVertexAttribArray
0x00005010	0x00000020	[  5] ___glDrawArrays
0x00005030	0x00000020	[  5] ___glDrawArraysInstanced
0x00005050	0x00000020	[  5] ___glDrawBuffers
0x00005070	0x00000020	[  5] ___glDrawElements
0x00005090	0x00000020	[  5] ___glDrawElementsInstanced
0x000050B0	0x00000020	[  5] ___glDrawRangeElements
0x000050D0	0x00000020	[  5] ___glEnable
0x000050F0	0x00000020	[  5] ___glEnableClientState
0x00005110	0x00000020	[  5] ___glEnableVertexAttribArray
0x00005130	0x00000020	[  5] ___glEndQuery
0x00005150	0x00000020	[  5] ___glEndTransformFeedback
0x00005170	0x00000020	[  5] ___glFenceSync
0x00005190	0x00000020	[  5] ___glFinish
0x000051B0	0x00000020	[  5] ___glFlush
0x000051D0	0x00000020	[  5] ___glFlushMappedBufferRange
0x000051F0	0x00000020	[  5] ___glFogf
0x00005210	0x00000020	[  5] ___glFogfv
0x00005230	0x00000020	[  5] ___glFogx
0x00005250	0x00000020	[  5] ___glFogxv
0x00005270	0x00000020	[  5] ___glFramebufferRenderbuffer
0x00005290	0x00000020	[  5] ___glFramebufferTexture2D
0x000052B0	0x00000020	[  5] ___glFramebufferTextureLayer
0x000052D0	0x00000020	[  5] ___glFrontFace
0x000052F0	0x00000020	[  5] ___glFrustumf
0x00005310	0x00000020	[  5] ___glFrustumx
0x00005330	0x00000020	[  5] ___glGenBuffers
0x00005350	0x00000020	[  5] ___glGenFramebuffers
0x00005370	0x00000020	[  5] ___glGenQueries
0x00005390	0x00000020	[  5] ___glGenRenderbuffers
0x000053B0	0x00000020	[  5] ___glGenSamplers
0x000053D0	0x00000020	[  5] ___glGenTextures
0x000053F0	0x00000020	[  5] ___glGenTransformFeedbacks
0x00005410	0x00000020	[  5] ___glGenVertexArrays
0x00005430	0x00000020	[  5] ___glGenerateMipmap
0x00005450	0x00000020	[  5] ___glGetActiveAttrib
0x00005470	0x00000020	[  5] ___glGetActiveUniform
0x00005490	0x00000020	[  5] ___glGetActiveUniformBlockName
0x000054B0	0x00000020	[  5] ___glGetActiveUniformBlockiv
0x000054D0	0x00000020	[  5] ___glGetActiveUniformsiv
0x000054F0	0x00000020	[  5] ___glGetAttachedShaders
0x00005510	0x00000020	[  5] ___glGetAttribLocation
0x00005530	0x00000020	[  5] ___glGetBooleanv
0x00005550	0x00000020	[  5] ___glGetBufferParameteri64v
0x00005570	0x00000020	[  5] ___glGetBufferParameteriv
0x00005590	0x00000020	[  5] ___glGetBufferPointerv
0x000055B0	0x00000020	[  5] ___glGetClipPlanef
0x000055D0	0x00000020	[  5] ___glGetClipPlanex
0x000055F0	0x00000020	[  5] ___glGetError
0x00005610	0x00000020	[  5] ___glGetFixedv
0x00005630	0x00000020	[  5] ___glGetFloatv
0x00005650	0x00000020	[  5] ___glGetFragDataLocation
0x00005670	0x00000020	[  5] ___glGetFramebufferAttachmentParameteriv
0x00005690	0x00000020	[  5] ___glGetInteger64i_v
0x000056B0	0x00000020	[  5] ___glGetInteger64v
0x000056D0	0x00000020	[  5] ___glGetIntegeri_v
0x000056F0	0x00000020	[  5] ___glGetIntegerv
0x00005710	0x00000020	[  5] ___glGetInternalformativ
0x00005730	0x00000020	[  5] ___glGetLightfv
0x00005750	0x00000020	[  5] ___glGetLightxv
0x00005770	0x00000020	[  5] ___glGetMaterialfv
0x00005790	0x00000020	[  5] ___glGetMaterialxv
0x000057B0	0x00000020	[  5] ___glGetPointerv
0x000057D0	0x00000020	[  5] ___glGetProgramBinary
0x000057F0	0x00000020	[  5] ___glGetProgramInfoLog
0x00005810	0x00000020	[  5] ___glGetProgramiv
0x00005830	0x00000020	[  5] ___glGetQueryObjectuiv
0x00005850	0x00000020	[  5] ___glGetQueryiv
0x00005870	0x00000020	[  5] ___glGetRenderbufferParameteriv
0x00005890	0x00000020	[  5] ___glGetSamplerParameterfv
0x000058B0	0x00000020	[  5] ___glGetSamplerParameteriv
0x000058D0	0x00000020	[  5] ___glGetShaderInfoLog
0x000058F0	0x00000020	[  5] ___glGetShaderPrecisionFormat
0x00005910	0x00000020	[  5] ___glGetShaderSource
0x00005930	0x00000020	[  5] ___glGetShaderiv
0x00005950	0x00000020	[  5] ___glGetString
0x00005970	0x00000020	[  5] ___glGetStringi
0x00005990	0x00000020	[  5] ___glGetSynciv
0x000059B0	0x00000020	[  5] ___glGetTexEnvfv
0x000059D0	0x00000020	[  5] ___glGetTexEnviv
0x000059F0	0x00000020	[  5] ___glGetTexEnvxv
0x00005A10	0x00000020	[  5] ___glGetTexParameterfv
0x00005A30	0x00000020	[  5] ___glGetTexParameteriv
0x00005A50	0x00000020	[  5] ___glGetTexParameterxv
0x00005A70	0x00000020	[  5] ___glGetTransformFeedbackVarying
0x00005A90	0x00000020	[  5] ___glGetUniformBlockIndex
0x00005AB0	0x00000020	[  5] ___glGetUniformIndices
0x00005AD0	0x00000020	[  5] ___glGetUniformLocation
0x00005AF0	0x00000020	[  5] ___glGetUniformfv
0x00005B10	0x00000020	[  5] ___glGetUniformiv
0x00005B30	0x00000020	[  5] ___glGetUniformuiv
0x00005B50	0x00000020	[  5] ___glGetVertexAttribIiv
0x00005B70	0x00000020	[  5] ___glGetVertexAttribIuiv
0x00005B90	0x00000020	[  5] ___glGetVertexAttribPointerv
0x00005BB0	0x00000020	[  5] ___glGetVertexAttribfv
0x00005BD0	0x00000020	[  5] ___glGetVertexAttribiv
0x00005BF0	0x00000020	[  5] ___glHint
0x00005C10	0x00000020	[  5] ___glInvalidateFramebuffer
0x00005C30	0x00000020	[  5] ___glInvalidateSubFramebuffer
0x00005C50	0x00000020	[  5] ___glIsBuffer
0x00005C70	0x00000020	[  5] ___glIsEnabled
0x00005C90	0x00000020	[  5] ___glIsFramebuffer
0x00005CB0	0x00000020	[  5] ___glIsProgram
0x00005CD0	0x00000020	[  5] ___glIsQuery
0x00005CF0	0x00000020	[  5] ___glIsRenderbuffer
0x00005D10	0x00000020	[  5] ___glIsSampler
0x00005D30	0x00000020	[  5] ___glIsShader
0x00005D50	0x00000020	[  5] ___glIsSync
0x00005D70	0x00000020	[  5] ___glIsTexture
0x00005D90	0x00000020	[  5] ___glIsTransformFeedback
0x00005DB0	0x00000020	[  5] ___glIsVertexArray
0x00005DD0	0x00000020	[  5] ___glLightModelf
0x00005DF0	0x00000020	[  5] ___glLightModelfv
0x00005E10	0x00000020	[  5] ___glLightModelx
0x00005E30	0x00000020	[  5] ___glLightModelxv
0x00005E50	0x00000020	[  5] ___glLightf
0x00005E70	0x00000020	[  5] ___glLightfv
0x00005E90	0x00000020	[  5] ___glLightx
0x00005EB0	0x00000020	[  5] ___glLightxv
0x00005ED0	0x00000020	[  5] ___glLineWidth
0x00005EF0	0x00000020	[  5] ___glLineWidthx
0x00005F10	0x00000020	[  5] ___glLinkProgram
0x00005F30	0x00000020	[  5] ___glLoadIdentity
0x00005F50	0x00000020	[  5] ___glLoadMatrixf
0x00005F70	0x00000020	[  5] ___glLoadMatrixx
0x00005F90	0x00000020	[  5] ___glLogicOp
0x00005FB0	0x00000020	[  5] ___glMapBufferRange
0x00005FD0	0x00000020	[  5] ___glMaterialf
0x00005FF0	0x00000020	[  5] ___glMaterialfv
0x00006010	0x00000020	[  5] ___glMaterialx
0x00006030	0x00000020	[  5] ___glMaterialxv
0x00006050	0x00000020	[  5] ___glMatrixIndexPointerOES
0x00006070	0x00000020	[  5] ___glMatrixMode
0x00006090	0x00000020	[  5] ___glMultMatrixf
0x000060B0	0x00000020	[  5] ___glMultMatrixx
0x000060D0	0x00000020	[  5] ___glMultiTexCoord4f
0x000060F0	0x00000020	[  5] ___glMultiTexCoord4x
0x00006110	0x00000020	[  5] ___glNormal3f
0x00006130	0x00000020	[  5] ___glNormal3x
0x00006150	0x00000020	[  5] ___glNormalPointer
0x00006170	0x00000020	[  5] ___glOrthof
0x00006190	0x00000020	[  5] ___glOrthox
0x000061B0	0x00000020	[  5] ___glPauseTransformFeedback
0x000061D0	0x00000020	[  5] ___glPixelStorei
0x000061F0	0x00000020	[  5] ___glPointParameterf
0x00006210	0x00000020	[  5] ___glPointParameterfv
0x00006230	0x00000020	[  5] ___glPointParameterx
0x00006250	0x00000020	[  5] ___glPointParameterxv
0x00006270	0x00000020	[  5] ___glPointSize
0x00006290	0x00000020	[  5] ___glPointSizePointerOES
0x000062B0	0x00000020	[  5] ___glPointSizex
0x000062D0	0x00000020	[  5] ___glPolygonOffset
0x000062F0	0x00000020	[  5] ___glPolygonOffsetx
0x00006310	0x00000020	[  5] ___glPopMatrix
0x00006330	0x00000020	[  5] ___glProgramBinary
0x00006350	0x00000020	[  5] ___glProgramParameteri
0x00006370	0x00000020	[  5] ___glPushMatrix
0x00006390	0x00000020	[  5] ___glReadBuffer
0x000063B0	0x00000020	[  5] ___glReadPixels
0x000063D0	0x00000020	[  5] ___glReleaseShaderCompiler
0x000063F0	0x00000020	[  5] ___glRenderbufferStorage
0x00006410	0x00000020	[  5] ___glRenderbufferStorageMultisample
0x00006430	0x00000020	[  5] ___glResumeTransformFeedback
0x00006450	0x00000020	[  5] ___glRotatef
0x00006470	0x00000020	[  5] ___glRotatex
0x00006490	0x00000020	[  5] ___glSampleCoverage
0x000064B0	0x00000020	[  5] ___glSampleCoveragex
0x000064D0	0x00000020	[  5] ___glSamplerParameterf
0x000064F0	0x00000020	[  5] ___glSamplerParameterfv
0x00006510	0x00000020	[  5] ___glSamplerParameteri
0x00006530	0x00000020	[  5] ___glSamplerParameteriv
0x00006550	0x00000020	[  5] ___glScalef
0x00006570	0x00000020	[  5] ___glScalex
0x00006590	0x00000020	[  5] ___glScissor
0x000065B0	0x00000020	[  5] ___glShadeModel
0x000065D0	0x00000020	[  5] ___glShaderBinary
0x000065F0	0x00000020	[  5] ___glShaderSource
0x00006610	0x00000020	[  5] ___glStencilFunc
0x00006630	0x00000020	[  5] ___glStencilFuncSeparate
0x00006650	0x00000020	[  5] ___glStencilMask
0x00006670	0x00000020	[  5] ___glStencilMaskSeparate
0x00006690	0x00000020	[  5] ___glStencilOp
0x000066B0	0x00000020	[  5] ___glStencilOpSeparate
0x000066D0	0x00000020	[  5] ___glTexCoordPointer
0x000066F0	0x00000020	[  5] ___glTexEnvf
0x00006710	0x00000020	[  5] ___glTexEnvfv
0x00006730	0x00000020	[  5] ___glTexEnvi
0x00006750	0x00000020	[  5] ___glTexEnviv
0x00006770	0x00000020	[  5] ___glTexEnvx
0x00006790	0x00000020	[  5] ___glTexEnvxv
0x000067B0	0x00000020	[  5] ___glTexImage2D
0x000067D0	0x00000020	[  5] ___glTexImage3D
0x000067F0	0x00000020	[  5] ___glTexParameterf
0x00006810	0x00000020	[  5] ___glTexParameterfv
0x00006830	0x00000020	[  5] ___glTexParameteri
0x00006850	0x00000020	[  5] ___glTexParameteriv
0x00006870	0x00000020	[  5] ___glTexParameterx
0x00006890	0x00000020	[  5] ___glTexParameterxv
0x000068B0	0x00000020	[  5] ___glTexStorage2D
0x000068D0	0x00000020	[  5] ___glTexStorage3D
0x000068F0	0x00000020	[  5] ___glTexSubImage2D
0x00006910	0x00000020	[  5] ___glTexSubImage3D
0x00006930	0x00000020	[  5] ___glTransformFeedbackVaryings
0x00006950	0x00000020	[  5] ___glTranslatef
0x00006970	0x00000020	[  5] ___glTranslatex
0x00006990	0x00000020	[  5] ___glUniform1f
0x000069B0	0x00000020	[  5] ___glUniform1fv
0x000069D0	0x00000020	[  5] ___glUniform1i
0x000069F0	0x00000020	[  5] ___glUniform1iv
0x00006A10	0x00000020	[  5] ___glUniform1ui
0x00006A30	0x00000020	[  5] ___glUniform1uiv
0x00006A50	0x00000020	[  5] ___glUniform2f
0x00006A70	0x00000020	[  5] ___glUniform2fv
0x00006A90	0x00000020	[  5] ___glUniform2i
0x00006AB0	0x00000020	[  5] ___glUniform2iv
0x00006AD0	0x00000020	[  5] ___glUniform2ui
0x00006AF0	0x00000020	[  5] ___glUniform2uiv
0x00006B10	0x00000020	[  5] ___glUniform3f
0x00006B30	0x00000020	[  5] ___glUniform3fv
0x00006B50	0x00000020	[  5] ___glUniform3i
0x00006B70	0x00000020	[  5] ___glUniform3iv
0x00006B90	0x00000020	[  5] ___glUniform3ui
0x00006BB0	0x00000020	[  5] ___glUniform3uiv
0x00006BD0	0x00000020	[  5] ___glUniform4f
0x00006BF0	0x00000020	[  5] ___glUniform4fv
0x00006C10	0x00000020	[  5] ___glUniform4i
0x00006C30	0x00000020	[  5] ___glUniform4iv
0x00006C50	0x00000020	[  5] ___glUniform4ui
0x00006C70	0x00000020	[  5] ___glUniform4uiv
0x00006C90	0x00000020	[  5] ___glUniformBlockBinding
0x00006CB0	0x00000020	[  5] ___glUniformMatrix2fv
0x00006CD0	0x00000020	[  5] ___glUniformMatrix2x3fv
0x00006CF0	0x00000020	[  5] ___glUniformMatrix2x4fv
0x00006D10	0x00000020	[  5] ___glUniformMatrix3fv
0x00006D30	0x00000020	[  5] ___glUniformMatrix3x2fv
0x00006D50	0x00000020	[  5] ___glUniformMatrix3x4fv
0x00006D70	0x00000020	[  5] ___glUniformMatrix4fv
0x00006D90	0x00000020	[  5] ___glUniformMatrix4x2fv
0x00006DB0	0x00000020	[  5] ___glUniformMatrix4x3fv
0x00006DD0	0x00000020	[  5] ___glUnmapBuffer
0x00006DF0	0x00000020	[  5] ___glUseProgram
0x00006E10	0x00000020	[  5] ___glValidateProgram
0x00006E30	0x00000020	[  5] ___glVertexAttrib1f
0x00006E50	0x00000020	[  5] ___glVertexAttrib1fv
0x00006E70	0x00000020	[  5] ___glVertexAttrib2f
0x00006E90	0x00000020	[  5] ___glVertexAttrib2fv
0x00006EB0	0x00000020	[  5] ___glVertexAttrib3f
0x00006ED0	0x00000020	[  5] ___glVertexAttrib3fv
0x00006EF0	0x00000020	[  5] ___glVertexAttrib4f
0x00006F10	0x00000020	[  5] ___glVertexAttrib4fv
0x00006F30	0x00000020	[  5] ___glVertexAttribDivisor
0x00006F50	0x00000020	[  5] ___glVertexAttribI4i
0x00006F70	0x00000020	[  5] ___glVertexAttribI4iv
0x00006F90	0x00000020	[  5] ___glVertexAttribI4ui
0x00006FB0	0x00000020	[  5] ___glVertexAttribI4uiv
0x00006FD0	0x00000020	[  5] ___glVertexAttribIPointer
0x00006FF0	0x00000020	[  5] ___glVertexAttribPointer
0x00007010	0x00000020	[  5] ___glVertexPointer
0x00007030	0x00000020	[  5] ___glViewport
0x00007050	0x00000020	[  5] ___glWaitSync
0x00007070	0x00000020	[  5] ___glWeightPointerOES
0x00007090	0x00000020	[  5] ___s3eAccelerometerGetError
0x000070B0	0x00000020	[  5] ___s3eAccelerometerGetErrorString
0x000070D0	0x00000020	[  5] ___s3eAccelerometerGetInt
0x000070F0	0x00000020	[  5] ___s3eAccelerometerGetX
0x00007110	0x00000020	[  5] ___s3eAccelerometerGetY
0x00007130	0x00000020	[  5] ___s3eAccelerometerGetZ
0x00007150	0x00000020	[  5] ___s3eAccelerometerStart
0x00007170	0x00000020	[  5] ___s3eAccelerometerStop
0x00007190	0x00000020	[  5] ___s3eAudioGetError
0x000071B0	0x00000020	[  5] ___s3eAudioGetErrorString
0x000071D0	0x00000020	[  5] ___s3eAudioGetInt
0x000071F0	0x00000020	[  5] ___s3eAudioIsCodecSupported
0x00007210	0x00000020	[  5] ___s3eAudioIsPlaying
0x00007230	0x00000020	[  5] ___s3eAudioPause
0x00007250	0x00000020	[  5] ___s3eAudioPlay
0x00007270	0x00000020	[  5] ___s3eAudioPlayFromBuffer
0x00007290	0x00000020	[  5] ___s3eAudioRegister
0x000072B0	0x00000020	[  5] ___s3eAudioResume
0x000072D0	0x00000020	[  5] ___s3eAudioSetInt
0x000072F0	0x00000020	[  5] ___s3eAudioStop
0x00007310	0x00000020	[  5] ___s3eAudioUnRegister
0x00007330	0x00000020	[  5] ___s3eCompressionDecomp
0x00007350	0x00000020	[  5] ___s3eCompressionDecompFinal
0x00007370	0x00000020	[  5] ___s3eCompressionDecompInit
0x00007390	0x00000020	[  5] ___s3eCompressionDecompRead
0x000073B0	0x00000020	[  5] ___s3eCompressionGetError
0x000073D0	0x00000020	[  5] ___s3eCompressionGetErrorString
0x000073F0	0x00000020	[  5] ___s3eConfigGetError
0x00007410	0x00000020	[  5] ___s3eConfigGetErrorString
0x00007430	0x00000020	[  5] ___s3eConfigGetInt
0x00007450	0x00000020	[  5] ___s3eConfigGetIntHash
0x00007470	0x00000020	[  5] ___s3eConfigGetString
0x00007490	0x00000020	[  5] ___s3eConfigGetStringHash
0x000074B0	0x00000020	[  5] ___s3eCryptoGetError
0x000074D0	0x00000020	[  5] ___s3eCryptoGetErrorString
0x000074F0	0x00000020	[  5] ___s3eCryptoRand
0x00007510	0x00000020	[  5] ___s3eCryptoSha1
0x00007530	0x00000020	[  5] ___s3eCryptoSha1Final
0x00007550	0x00000020	[  5] ___s3eCryptoSha1Init
0x00007570	0x00000020	[  5] ___s3eCryptoSha1Update
0x00007590	0x00000020	[  5] ___s3eCryptoVerifyRsa
0x000075B0	0x00000020	[  5] ___s3eDebugAssertShow
0x000075D0	0x00000020	[  5] ___s3eDebugErrorShow
0x000075F0	0x00000020	[  5] ___s3eDebugGetError
0x00007610	0x00000020	[  5] ___s3eDebugGetErrorString
0x00007630	0x00000020	[  5] ___s3eDebugGetInt
0x00007650	0x00000020	[  5] ___s3eDebugIsDebuggerPresent
0x00007670	0x00000020	[  5] ___s3eDebugOutputString
0x00007690	0x00000020	[  5] ___s3eDebugPrint
0x000076B0	0x00000020	[  5] ___s3eDebugRegister
0x000076D0	0x00000020	[  5] ___s3eDebugSetInt
0x000076F0	0x00000020	[  5] ___s3eDebugTraceChannelSwitch
0x00007710	0x00000020	[  5] ___s3eDebugTraceClearFile
0x00007730	0x00000020	[  5] ___s3eDebugTraceFlush
0x00007750	0x00000020	[  5] ___s3eDebugTraceLine
0x00007770	0x00000020	[  5] ___s3eDebugUnRegister
0x00007790	0x00000020	[  5] ___s3eDeviceAbort
0x000077B0	0x00000020	[  5] ___s3eDeviceBacklightOn
0x000077D0	0x00000020	[  5] ___s3eDeviceCheckPauseRequest
0x000077F0	0x00000020	[  5] ___s3eDeviceCheckQuitRequest
0x00007810	0x00000020	[  5] ___s3eDeviceExecPushNext
0x00007830	0x00000020	[  5] ___s3eDeviceExit
0x00007850	0x00000020	[  5] ___s3eDeviceGetError
0x00007870	0x00000020	[  5] ___s3eDeviceGetErrorString
0x00007890	0x00000020	[  5] ___s3eDeviceGetInt
0x000078B0	0x00000020	[  5] ___s3eDeviceGetString
0x000078D0	0x00000020	[  5] ___s3eDeviceLoaderCallDone
0x000078F0	0x00000020	[  5] ___s3eDeviceLoaderCallStart
0x00007910	0x00000020	[  5] ___s3eDeviceNetworkCheckStart
0x00007930	0x00000020	[  5] ___s3eDeviceNetworkCheckStop
0x00007950	0x00000020	[  5] ___s3eDeviceRegister
0x00007970	0x00000020	[  5] ___s3eDeviceRequestQuit
0x00007990	0x00000020	[  5] ___s3eDeviceSetInt
0x000079B0	0x00000020	[  5] ___s3eDeviceUnRegister
0x000079D0	0x00000020	[  5] ___s3eDeviceUnYield
0x000079F0	0x00000020	[  5] ___s3eDeviceYield
0x00007A10	0x00000020	[  5] ___s3eDeviceYieldUntilEvent
0x00007A30	0x00000020	[  5] ___s3eExtGet
0x00007A50	0x00000020	[  5] ___s3eExtGetError
0x00007A70	0x00000020	[  5] ___s3eExtGetErrorString
0x00007A90	0x00000020	[  5] ___s3eExtGetHash
0x00007AB0	0x00000020	[  5] ___s3eFileAddUserFileSys
0x00007AD0	0x00000020	[  5] ___s3eFileCheckExists
0x00007AF0	0x00000020	[  5] ___s3eFileClose
0x00007B10	0x00000020	[  5] ___s3eFileDelete
0x00007B30	0x00000020	[  5] ___s3eFileDeleteDirectory
0x00007B50	0x00000020	[  5] ___s3eFileEOF
0x00007B70	0x00000020	[  5] ___s3eFileFlush
0x00007B90	0x00000020	[  5] ___s3eFileGetChar
0x00007BB0	0x00000020	[  5] ___s3eFileGetError
0x00007BD0	0x00000020	[  5] ___s3eFileGetErrorString
0x00007BF0	0x00000020	[  5] ___s3eFileGetFileInt
0x00007C10	0x00000020	[  5] ___s3eFileGetFileString
0x00007C30	0x00000020	[  5] ___s3eFileGetFree
0x00007C50	0x00000020	[  5] ___s3eFileGetInt
0x00007C70	0x00000020	[  5] ___s3eFileGetLastWriteTime
0x00007C90	0x00000020	[  5] ___s3eFileGetSize
0x00007CB0	0x00000020	[  5] ___s3eFileListClose
0x00007CD0	0x00000020	[  5] ___s3eFileListDirectory
0x00007CF0	0x00000020	[  5] ___s3eFileListNext
0x00007D10	0x00000020	[  5] ___s3eFileMakeDirectory
0x00007D30	0x00000020	[  5] ___s3eFileOpen
0x00007D50	0x00000020	[  5] ___s3eFileOpenFromMemory
0x00007D70	0x00000020	[  5] ___s3eFilePutChar
0x00007D90	0x00000020	[  5] ___s3eFileRead
0x00007DB0	0x00000020	[  5] ___s3eFileReadString
0x00007DD0	0x00000020	[  5] ___s3eFileRemoveUserFileSys
0x00007DF0	0x00000020	[  5] ___s3eFileRename
0x00007E10	0x00000020	[  5] ___s3eFileSeek
0x00007E30	0x00000020	[  5] ___s3eFileSetInt
0x00007E50	0x00000020	[  5] ___s3eFileTell
0x00007E70	0x00000020	[  5] ___s3eFileTruncate
0x00007E90	0x00000020	[  5] ___s3eFileWrite
0x00007EB0	0x00000020	[  5] ___s3eFree
0x00007ED0	0x00000020	[  5] ___s3eFreeBase
0x00007EF0	0x00000020	[  5] ___s3eGLGetError
0x00007F10	0x00000020	[  5] ___s3eGLGetErrorString
0x00007F30	0x00000020	[  5] ___s3eGLGetInt
0x00007F50	0x00000020	[  5] ___s3eGLGetNativeWindow
0x00007F70	0x00000020	[  5] ___s3eGLRegister
0x00007F90	0x00000020	[  5] ___s3eGLUnRegister
0x00007FB0	0x00000020	[  5] ___s3eGLUnavailable
0x00007FD0	0x00000020	[  5] ___s3eInetAton
0x00007FF0	0x00000020	[  5] ___s3eInetHtonl
0x00008010	0x00000020	[  5] ___s3eInetHtons
0x00008030	0x00000020	[  5] ___s3eInetLookup
0x00008050	0x00000020	[  5] ___s3eInetLookupCancel
0x00008070	0x00000020	[  5] ___s3eInetNtoa
0x00008090	0x00000020	[  5] ___s3eInetNtohl
0x000080B0	0x00000020	[  5] ___s3eInetNtohs
0x000080D0	0x00000020	[  5] ___s3eInetToString
0x000080F0	0x00000020	[  5] ___s3eKeyboardAnyKey
0x00008110	0x00000020	[  5] ___s3eKeyboardClearState
0x00008130	0x00000020	[  5] ___s3eKeyboardGetChar
0x00008150	0x00000020	[  5] ___s3eKeyboardGetDisplayName
0x00008170	0x00000020	[  5] ___s3eKeyboardGetError
0x00008190	0x00000020	[  5] ___s3eKeyboardGetErrorString
0x000081B0	0x00000020	[  5] ___s3eKeyboardGetInt
0x000081D0	0x00000020	[  5] ___s3eKeyboardGetState
0x000081F0	0x00000020	[  5] ___s3eKeyboardRegister
0x00008210	0x00000020	[  5] ___s3eKeyboardSetInt
0x00008230	0x00000020	[  5] ___s3eKeyboardUnRegister
0x00008250	0x00000020	[  5] ___s3eKeyboardUpdate
0x00008270	0x00000020	[  5] ___s3eLicenseBuy
0x00008290	0x00000020	[  5] ___s3eLicenseGetError
0x000082B0	0x00000020	[  5] ___s3eLicenseGetErrorString
0x000082D0	0x00000020	[  5] ___s3eLicenseGetInt
0x000082F0	0x00000020	[  5] ___s3eMalloc
0x00008310	0x00000020	[  5] ___s3eMallocBase
0x00008330	0x00000020	[  5] ___s3eMemoryGetError
0x00008350	0x00000020	[  5] ___s3eMemoryGetErrorString
0x00008370	0x00000020	[  5] ___s3eMemoryGetInt
0x00008390	0x00000020	[  5] ___s3eMemoryGetUserMemMgr
0x000083B0	0x00000020	[  5] ___s3eMemoryHeapAddress
0x000083D0	0x00000020	[  5] ___s3eMemoryHeapCreate
0x000083F0	0x00000020	[  5] ___s3eMemoryHeapDestroy
0x00008410	0x00000020	[  5] ___s3eMemorySetInt
0x00008430	0x00000020	[  5] ___s3eMemorySetUserMemMgr
0x00008450	0x00000020	[  5] ___s3ePointerGetError
0x00008470	0x00000020	[  5] ___s3ePointerGetErrorString
0x00008490	0x00000020	[  5] ___s3ePointerGetInt
0x000084B0	0x00000020	[  5] ___s3ePointerGetState
0x000084D0	0x00000020	[  5] ___s3ePointerGetTouchState
0x000084F0	0x00000020	[  5] ___s3ePointerGetTouchX
0x00008510	0x00000020	[  5] ___s3ePointerGetTouchY
0x00008530	0x00000020	[  5] ___s3ePointerGetX
0x00008550	0x00000020	[  5] ___s3ePointerGetY
0x00008570	0x00000020	[  5] ___s3ePointerRegister
0x00008590	0x00000020	[  5] ___s3ePointerSetInt
0x000085B0	0x00000020	[  5] ___s3ePointerUnRegister
0x000085D0	0x00000020	[  5] ___s3ePointerUpdate
0x000085F0	0x00000020	[  5] ___s3eRealloc
0x00008610	0x00000020	[  5] ___s3eReallocBase
0x00008630	0x00000020	[  5] ___s3eSecureStorageGet
0x00008650	0x00000020	[  5] ___s3eSecureStorageGetError
0x00008670	0x00000020	[  5] ___s3eSecureStorageGetErrorString
0x00008690	0x00000020	[  5] ___s3eSecureStoragePut
0x000086B0	0x00000020	[  5] ___s3eSocketAccept
0x000086D0	0x00000020	[  5] ___s3eSocketBind
0x000086F0	0x00000020	[  5] ___s3eSocketClose
0x00008710	0x00000020	[  5] ___s3eSocketConnect
0x00008730	0x00000020	[  5] ___s3eSocketCreate
0x00008750	0x00000020	[  5] ___s3eSocketGetError
0x00008770	0x00000020	[  5] ___s3eSocketGetErrorString
0x00008790	0x00000020	[  5] ___s3eSocketGetInt
0x000087B0	0x00000020	[  5] ___s3eSocketGetLocalName
0x000087D0	0x00000020	[  5] ___s3eSocketGetPeerName
0x000087F0	0x00000020	[  5] ___s3eSocketGetString
0x00008810	0x00000020	[  5] ___s3eSocketListen
0x00008830	0x00000020	[  5] ___s3eSocketReadable
0x00008850	0x00000020	[  5] ___s3eSocketRecv
0x00008870	0x00000020	[  5] ___s3eSocketRecvFrom
0x00008890	0x00000020	[  5] ___s3eSocketSend
0x000088B0	0x00000020	[  5] ___s3eSocketSendTo
0x000088D0	0x00000020	[  5] ___s3eSocketWritable
0x000088F0	0x00000020	[  5] ___s3eSoundChannelGetInt
0x00008910	0x00000020	[  5] ___s3eSoundChannelGetInt64
0x00008930	0x00000020	[  5] ___s3eSoundChannelPause
0x00008950	0x00000020	[  5] ___s3eSoundChannelPlay
0x00008970	0x00000020	[  5] ___s3eSoundChannelRegister
0x00008990	0x00000020	[  5] ___s3eSoundChannelResume
0x000089B0	0x00000020	[  5] ___s3eSoundChannelSetInt
0x000089D0	0x00000020	[  5] ___s3eSoundChannelSetInt64
0x000089F0	0x00000020	[  5] ___s3eSoundChannelStop
0x00008A10	0x00000020	[  5] ___s3eSoundChannelUnRegister
0x00008A30	0x00000020	[  5] ___s3eSoundGetError
0x00008A50	0x00000020	[  5] ___s3eSoundGetErrorString
0x00008A70	0x00000020	[  5] ___s3eSoundGetFreeChannel
0x00008A90	0x00000020	[  5] ___s3eSoundGetInt
0x00008AB0	0x00000020	[  5] ___s3eSoundPauseAllChannels
0x00008AD0	0x00000020	[  5] ___s3eSoundResumeAllChannels
0x00008AF0	0x00000020	[  5] ___s3eSoundSetInt
0x00008B10	0x00000020	[  5] ___s3eSoundStopAllChannels
0x00008B30	0x00000020	[  5] ___s3eSurfaceConvertRGB
0x00008B50	0x00000020	[  5] ___s3eSurfaceGetError
0x00008B70	0x00000020	[  5] ___s3eSurfaceGetErrorString
0x00008B90	0x00000020	[  5] ___s3eSurfaceGetInt
0x00008BB0	0x00000020	[  5] ___s3eSurfaceInvalidate
0x00008BD0	0x00000020	[  5] ___s3eSurfacePtr
0x00008BF0	0x00000020	[  5] ___s3eSurfaceRegister
0x00008C10	0x00000020	[  5] ___s3eSurfaceSetDisplayID
0x00008C30	0x00000020	[  5] ___s3eSurfaceSetInt
0x00008C50	0x00000020	[  5] ___s3eSurfaceSetup
0x00008C70	0x00000020	[  5] ___s3eSurfaceShow
0x00008C90	0x00000020	[  5] ___s3eSurfaceUnRegister
0x00008CB0	0x00000020	[  5] ___s3eTimerCancelTimer
0x00008CD0	0x00000020	[  5] ___s3eTimerGetError
0x00008CF0	0x00000020	[  5] ___s3eTimerGetErrorString
0x00008D10	0x00000020	[  5] ___s3eTimerGetInt
0x00008D30	0x00000020	[  5] ___s3eTimerGetLocaltimeOffset
0x00008D50	0x00000020	[  5] ___s3eTimerGetMs
0x00008D70	0x00000020	[  5] ___s3eTimerGetUST
0x00008D90	0x00000020	[  5] ___s3eTimerGetUTC
0x00008DB0	0x00000020	[  5] ___s3eTimerSetTimer
0x00008DD0	0x00000020	[  5] ___s3eVibraGetError
0x00008DF0	0x00000020	[  5] ___s3eVibraGetErrorString
0x00008E10	0x00000020	[  5] ___s3eVibraGetInt
0x00008E30	0x00000020	[  5] ___s3eVibraSetInt
0x00008E50	0x00000020	[  5] ___s3eVibraStop
0x00008E70	0x00000020	[  5] ___s3eVibraVibrate
0x00008E90	0x00000020	[  5] ___s3eVideoGetError
0x00008EB0	0x00000020	[  5] ___s3eVideoGetErrorString
0x00008ED0	0x00000020	[  5] ___s3eVideoGetInt
0x00008EF0	0x00000020	[  5] ___s3eVideoIsCodecSupported
0x00008F10	0x00000020	[  5] ___s3eVideoIsPlaying
0x00008F30	0x00000020	[  5] ___s3eVideoPause
0x00008F50	0x00000020	[  5] ___s3eVideoPlay
0x00008F70	0x00000020	[  5] ___s3eVideoPlayFromBuffer
0x00008F90	0x00000020	[  5] ___s3eVideoRegister
0x00008FB0	0x00000020	[  5] ___s3eVideoResume
0x00008FD0	0x00000020	[  5] ___s3eVideoSetInt
0x00008FF0	0x00000020	[  5] ___s3eVideoStop
0x00009010	0x00000020	[  5] ___s3eVideoUnRegister
0x00009030	0x00000020	[  5] ___s3eEdkCallbacksEnqueue
0x00009050	0x00000020	[  5] ___s3eEdkCallbacksIsRegistered
0x00009070	0x00000020	[  5] ___s3eEdkCallbacksRegister
0x00009090	0x00000020	[  5] ___s3eEdkCallbacksRegisterInternal
0x000090B0	0x00000020	[  5] ___s3eEdkCallbacksRegisterSpecific
0x000090D0	0x00000020	[  5] ___s3eEdkCallbacksUnRegister
0x000090F0	0x00000020	[  5] ___s3eEdkCallbacksUnRegisterDevice
0x00009110	0x00000020	[  5] ___s3eEdkErrorGet
0x00009130	0x00000020	[  5] ___s3eEdkErrorGetString
0x00009150	0x00000020	[  5] ___s3eEdkErrorSet
0x00009170	0x00000020	[  5] ___s3eEdkErrorSetStringV
0x00009190	0x00000020	[  5] ___s3eEdkFreeOS
0x000091B0	0x00000020	[  5] ___s3eEdkGetAppVersionMajor
0x000091D0	0x00000020	[  5] ___s3eEdkGetAppVersionMinor
0x000091F0	0x00000020	[  5] ___s3eEdkGlobalsGet
0x00009210	0x00000020	[  5] ___s3eEdkIsInitialised
0x00009230	0x00000020	[  5] ___s3eEdkLibraryClose
0x00009250	0x00000020	[  5] ___s3eEdkLibraryError
0x00009270	0x00000020	[  5] ___s3eEdkLibraryGetSymbol
0x00009290	0x00000020	[  5] ___s3eEdkLibraryOpen
0x000092B0	0x00000020	[  5] ___s3eEdkMallocOS
0x000092D0	0x00000020	[  5] ___s3eEdkReallocOS
0x000092F0	0x00000020	[  5] ___s3eEdkRegister
0x00009310	0x00000020	[  5] ___s3eEdkThreadRunOnOSAsyncV
0x00009330	0x00000020	[  5] ___s3eEdkThreadRunOnOSV
0x00009350	0x00000020	[  5] ___s3eEdkThreadSetResumed
0x00009370	0x00000020	[  5] ___s3eEdkThreadSetSuspended
0x00009390	0x00000018	[  5] ___s3eEdkThreadSleep
0x000093B0	0x00000020	[  5] _eglBindAPI
0x000093D0	0x00000020	[  5] _eglBindTexImage
0x000093F0	0x00000020	[  5] _eglChooseConfig
0x00009410	0x00000020	[  5] _eglCopyBuffers
0x00009430	0x00000020	[  5] _eglCreateContext
0x00009450	0x00000020	[  5] _eglCreatePbufferFromClientBuffer
0x00009470	0x00000020	[  5] _eglCreatePbufferSurface
0x00009490	0x00000020	[  5] _eglCreatePixmapSurface
0x000094B0	0x00000020	[  5] _eglCreateWindowSurface
0x000094D0	0x00000020	[  5] _eglDestroyContext
0x000094F0	0x00000020	[  5] _eglDestroySurface
0x00009510	0x00000020	[  5] _eglGetConfigAttrib
0x00009530	0x00000020	[  5] _eglGetConfigs
0x00009550	0x00000020	[  5] _eglGetCurrentContext
0x00009570	0x00000020	[  5] _eglGetCurrentDisplay
0x00009590	0x00000020	[  5] _eglGetCurrentSurface
0x000095B0	0x00000020	[  5] _eglGetDisplay
0x000095D0	0x00000020	[  5] _eglGetError
0x000095F0	0x00000020	[  5] _eglGetProcAddress
0x00009610	0x00000020	[  5] _eglInitialize
0x00009630	0x00000020	[  5] _eglMakeCurrent
0x00009650	0x00000020	[  5] _eglQueryAPI
0x00009670	0x00000020	[  5] _eglQueryContext
0x00009690	0x00000020	[  5] _eglQueryString
0x000096B0	0x00000020	[  5] _eglQuerySurface
0x000096D0	0x00000020	[  5] _eglReleaseTexImage
0x000096F0	0x00000020	[  5] _eglReleaseThread
0x00009710	0x00000020	[  5] _eglSurfaceAttrib
0x00009730	0x00000020	[  5] _eglSwapBuffers
0x00009750	0x00000020	[  5] _eglSwapInterval
0x00009770	0x00000020	[  5] _eglTerminate
0x00009790	0x00000020	[  5] _eglWaitClient
0x000097B0	0x00000020	[  5] _eglWaitGL
0x000097D0	0x00000020	[  5] _eglWaitNative
0x000097F0	0x00000020	[  5] _glActiveTexture
0x00009810	0x00000020	[  5] _glAlphaFunc
0x00009830	0x00000020	[  5] _glAlphaFuncx
0x00009850	0x00000020	[  5] _glAttachShader
0x00009870	0x00000020	[  5] _glBeginQuery
0x00009890	0x00000020	[  5] _glBeginTransformFeedback
0x000098B0	0x00000020	[  5] _glBindAttribLocation
0x000098D0	0x00000020	[  5] _glBindBuffer
0x000098F0	0x00000020	[  5] _glBindBufferBase
0x00009910	0x00000020	[  5] _glBindBufferRange
0x00009930	0x00000020	[  5] _glBindFramebuffer
0x00009950	0x00000020	[  5] _glBindRenderbuffer
0x00009970	0x00000020	[  5] _glBindSampler
0x00009990	0x00000020	[  5] _glBindTexture
0x000099B0	0x00000020	[  5] _glBindTransformFeedback
0x000099D0	0x00000020	[  5] _glBindVertexArray
0x000099F0	0x00000020	[  5] _glBlendColor
0x00009A10	0x00000020	[  5] _glBlendEquation
0x00009A30	0x00000020	[  5] _glBlendEquationSeparate
0x00009A50	0x00000020	[  5] _glBlendFunc
0x00009A70	0x00000020	[  5] _glBlendFuncSeparate
0x00009A90	0x00000020	[  5] _glBlitFramebuffer
0x00009AB0	0x00000020	[  5] _glBufferData
0x00009AD0	0x00000020	[  5] _glBufferSubData
0x00009AF0	0x00000020	[  5] _glCheckFramebufferStatus
0x00009B10	0x00000020	[  5] _glClear
0x00009B30	0x00000020	[  5] _glClearBufferfi
0x00009B50	0x00000020	[  5] _glClearBufferfv
0x00009B70	0x00000020	[  5] _glClearBufferiv
0x00009B90	0x00000020	[  5] _glClearBufferuiv
0x00009BB0	0x00000020	[  5] _glClearColor
0x00009BD0	0x00000020	[  5] _glClearColorx
0x00009BF0	0x00000020	[  5] _glClearDepthf
0x00009C10	0x00000020	[  5] _glClearDepthx
0x00009C30	0x00000020	[  5] _glClearStencil
0x00009C50	0x00000020	[  5] _glClientActiveTexture
0x00009C70	0x00000020	[  5] _glClientWaitSync
0x00009C90	0x00000020	[  5] _glClipPlanef
0x00009CB0	0x00000020	[  5] _glClipPlanex
0x00009CD0	0x00000020	[  5] _glColor4f
0x00009CF0	0x00000020	[  5] _glColor4ub
0x00009D10	0x00000020	[  5] _glColor4x
0x00009D30	0x00000020	[  5] _glColorMask
0x00009D50	0x00000020	[  5] _glColorPointer
0x00009D70	0x00000020	[  5] _glCompileShader
0x00009D90	0x00000020	[  5] _glCompressedTexImage2D
0x00009DB0	0x00000020	[  5] _glCompressedTexImage3D
0x00009DD0	0x00000020	[  5] _glCompressedTexSubImage2D
0x00009DF0	0x00000020	[  5] _glCompressedTexSubImage3D
0x00009E10	0x00000020	[  5] _glCopyBufferSubData
0x00009E30	0x00000020	[  5] _glCopyTexImage2D
0x00009E50	0x00000020	[  5] _glCopyTexSubImage2D
0x00009E70	0x00000020	[  5] _glCopyTexSubImage3D
0x00009E90	0x00000020	[  5] _glCreateProgram
0x00009EB0	0x00000020	[  5] _glCreateShader
0x00009ED0	0x00000020	[  5] _glCullFace
0x00009EF0	0x00000020	[  5] _glCurrentPaletteMatrixOES
0x00009F10	0x00000020	[  5] _glDeleteBuffers
0x00009F30	0x00000020	[  5] _glDeleteFramebuffers
0x00009F50	0x00000020	[  5] _glDeleteProgram
0x00009F70	0x00000020	[  5] _glDeleteQueries
0x00009F90	0x00000020	[  5] _glDeleteRenderbuffers
0x00009FB0	0x00000020	[  5] _glDeleteSamplers
0x00009FD0	0x00000020	[  5] _glDeleteShader
0x00009FF0	0x00000020	[  5] _glDeleteSync
0x0000A010	0x00000020	[  5] _glDeleteTextures
0x0000A030	0x00000020	[  5] _glDeleteTransformFeedbacks
0x0000A050	0x00000020	[  5] _glDeleteVertexArrays
0x0000A070	0x00000020	[  5] _glDepthFunc
0x0000A090	0x00000020	[  5] _glDepthMask
0x0000A0B0	0x00000020	[  5] _glDepthRangef
0x0000A0D0	0x00000020	[  5] _glDepthRangex
0x0000A0F0	0x00000020	[  5] _glDetachShader
0x0000A110	0x00000020	[  5] _glDisable
0x0000A130	0x00000020	[  5] _glDisableClientState
0x0000A150	0x00000020	[  5] _glDisableVertexAttribArray
0x0000A170	0x00000020	[  5] _glDrawArrays
0x0000A190	0x00000020	[  5] _glDrawArraysInstanced
0x0000A1B0	0x00000020	[  5] _glDrawBuffers
0x0000A1D0	0x00000020	[  5] _glDrawElements
0x0000A1F0	0x00000020	[  5] _glDrawElementsInstanced
0x0000A210	0x00000020	[  5] _glDrawRangeElements
0x0000A230	0x00000020	[  5] _glEnable
0x0000A250	0x00000020	[  5] _glEnableClientState
0x0000A270	0x00000020	[  5] _glEnableVertexAttribArray
0x0000A290	0x00000020	[  5] _glEndQuery
0x0000A2B0	0x00000020	[  5] _glEndTransformFeedback
0x0000A2D0	0x00000020	[  5] _glFenceSync
0x0000A2F0	0x00000020	[  5] _glFinish
0x0000A310	0x00000020	[  5] _glFlush
0x0000A330	0x00000020	[  5] _glFlushMappedBufferRange
0x0000A350	0x00000020	[  5] _glFogf
0x0000A370	0x00000020	[  5] _glFogfv
0x0000A390	0x00000020	[  5] _glFogx
0x0000A3B0	0x00000020	[  5] _glFogxv
0x0000A3D0	0x00000020	[  5] _glFramebufferRenderbuffer
0x0000A3F0	0x00000020	[  5] _glFramebufferTexture2D
0x0000A410	0x00000020	[  5] _glFramebufferTextureLayer
0x0000A430	0x00000020	[  5] _glFrontFace
0x0000A450	0x00000020	[  5] _glFrustumf
0x0000A470	0x00000020	[  5] _glFrustumx
0x0000A490	0x00000020	[  5] _glGenBuffers
0x0000A4B0	0x00000020	[  5] _glGenFramebuffers
0x0000A4D0	0x00000020	[  5] _glGenQueries
0x0000A4F0	0x00000020	[  5] _glGenRenderbuffers
0x0000A510	0x00000020	[  5] _glGenSamplers
0x0000A530	0x00000020	[  5] _glGenTextures
0x0000A550	0x00000020	[  5] _glGenTransformFeedbacks
0x0000A570	0x00000020	[  5] _glGenVertexArrays
0x0000A590	0x00000020	[  5] _glGenerateMipmap
0x0000A5B0	0x00000020	[  5] _glGetActiveAttrib
0x0000A5D0	0x00000020	[  5] _glGetActiveUniform
0x0000A5F0	0x00000020	[  5] _glGetActiveUniformBlockName
0x0000A610	0x00000020	[  5] _glGetActiveUniformBlockiv
0x0000A630	0x00000020	[  5] _glGetActiveUniformsiv
0x0000A650	0x00000020	[  5] _glGetAttachedShaders
0x0000A670	0x00000020	[  5] _glGetAttribLocation
0x0000A690	0x00000020	[  5] _glGetBooleanv
0x0000A6B0	0x00000020	[  5] _glGetBufferParameteri64v
0x0000A6D0	0x00000020	[  5] _glGetBufferParameteriv
0x0000A6F0	0x00000020	[  5] _glGetBufferPointerv
0x0000A710	0x00000020	[  5] _glGetClipPlanef
0x0000A730	0x00000020	[  5] _glGetClipPlanex
0x0000A750	0x00000020	[  5] _glGetError
0x0000A770	0x00000020	[  5] _glGetFixedv
0x0000A790	0x00000020	[  5] _glGetFloatv
0x0000A7B0	0x00000020	[  5] _glGetFragDataLocation
0x0000A7D0	0x00000020	[  5] _glGetFramebufferAttachmentParameteriv
0x0000A7F0	0x00000020	[  5] _glGetInteger64i_v
0x0000A810	0x00000020	[  5] _glGetInteger64v
0x0000A830	0x00000020	[  5] _glGetIntegeri_v
0x0000A850	0x00000020	[  5] _glGetIntegerv
0x0000A870	0x00000020	[  5] _glGetInternalformativ
0x0000A890	0x00000020	[  5] _glGetLightfv
0x0000A8B0	0x00000020	[  5] _glGetLightxv
0x0000A8D0	0x00000020	[  5] _glGetMaterialfv
0x0000A8F0	0x00000020	[  5] _glGetMaterialxv
0x0000A910	0x00000020	[  5] _glGetPointerv
0x0000A930	0x00000020	[  5] _glGetProgramBinary
0x0000A950	0x00000020	[  5] _glGetProgramInfoLog
0x0000A970	0x00000020	[  5] _glGetProgramiv
0x0000A990	0x00000020	[  5] _glGetQueryObjectuiv
0x0000A9B0	0x00000020	[  5] _glGetQueryiv
0x0000A9D0	0x00000020	[  5] _glGetRenderbufferParameteriv
0x0000A9F0	0x00000020	[  5] _glGetSamplerParameterfv
0x0000AA10	0x00000020	[  5] _glGetSamplerParameteriv
0x0000AA30	0x00000020	[  5] _glGetShaderInfoLog
0x0000AA50	0x00000020	[  5] _glGetShaderPrecisionFormat
0x0000AA70	0x00000020	[  5] _glGetShaderSource
0x0000AA90	0x00000020	[  5] _glGetShaderiv
0x0000AAB0	0x00000020	[  5] _glGetString
0x0000AAD0	0x00000020	[  5] _glGetStringi
0x0000AAF0	0x00000020	[  5] _glGetSynciv
0x0000AB10	0x00000020	[  5] _glGetTexEnvfv
0x0000AB30	0x00000020	[  5] _glGetTexEnviv
0x0000AB50	0x00000020	[  5] _glGetTexEnvxv
0x0000AB70	0x00000020	[  5] _glGetTexParameterfv
0x0000AB90	0x00000020	[  5] _glGetTexParameteriv
0x0000ABB0	0x00000020	[  5] _glGetTexParameterxv
0x0000ABD0	0x00000020	[  5] _glGetTransformFeedbackVarying
0x0000ABF0	0x00000020	[  5] _glGetUniformBlockIndex
0x0000AC10	0x00000020	[  5] _glGetUniformIndices
0x0000AC30	0x00000020	[  5] _glGetUniformLocation
0x0000AC50	0x00000020	[  5] _glGetUniformfv
0x0000AC70	0x00000020	[  5] _glGetUniformiv
0x0000AC90	0x00000020	[  5] _glGetUniformuiv
0x0000ACB0	0x00000020	[  5] _glGetVertexAttribIiv
0x0000ACD0	0x00000020	[  5] _glGetVertexAttribIuiv
0x0000ACF0	0x00000020	[  5] _glGetVertexAttribPointerv
0x0000AD10	0x00000020	[  5] _glGetVertexAttribfv
0x0000AD30	0x00000020	[  5] _glGetVertexAttribiv
0x0000AD50	0x00000020	[  5] _glHint
0x0000AD70	0x00000020	[  5] _glInvalidateFramebuffer
0x0000AD90	0x00000020	[  5] _glInvalidateSubFramebuffer
0x0000ADB0	0x00000020	[  5] _glIsBuffer
0x0000ADD0	0x00000020	[  5] _glIsEnabled
0x0000ADF0	0x00000020	[  5] _glIsFramebuffer
0x0000AE10	0x00000020	[  5] _glIsProgram
0x0000AE30	0x00000020	[  5] _glIsQuery
0x0000AE50	0x00000020	[  5] _glIsRenderbuffer
0x0000AE70	0x00000020	[  5] _glIsSampler
0x0000AE90	0x00000020	[  5] _glIsShader
0x0000AEB0	0x00000020	[  5] _glIsSync
0x0000AED0	0x00000020	[  5] _glIsTexture
0x0000AEF0	0x00000020	[  5] _glIsTransformFeedback
0x0000AF10	0x00000020	[  5] _glIsVertexArray
0x0000AF30	0x00000020	[  5] _glLightModelf
0x0000AF50	0x00000020	[  5] _glLightModelfv
0x0000AF70	0x00000020	[  5] _glLightModelx
0x0000AF90	0x00000020	[  5] _glLightModelxv
0x0000AFB0	0x00000020	[  5] _glLightf
0x0000AFD0	0x00000020	[  5] _glLightfv
0x0000AFF0	0x00000020	[  5] _glLightx
0x0000B010	0x00000020	[  5] _glLightxv
0x0000B030	0x00000020	[  5] _glLineWidth
0x0000B050	0x00000020	[  5] _glLineWidthx
0x0000B070	0x00000020	[  5] _glLinkProgram
0x0000B090	0x00000020	[  5] _glLoadIdentity
0x0000B0B0	0x00000020	[  5] _glLoadMatrixf
0x0000B0D0	0x00000020	[  5] _glLoadMatrixx
0x0000B0F0	0x00000020	[  5] _glLogicOp
0x0000B110	0x00000020	[  5] _glMapBufferRange
0x0000B130	0x00000020	[  5] _glMaterialf
0x0000B150	0x00000020	[  5] _glMaterialfv
0x0000B170	0x00000020	[  5] _glMaterialx
0x0000B190	0x00000020	[  5] _glMaterialxv
0x0000B1B0	0x00000020	[  5] _glMatrixIndexPointerOES
0x0000B1D0	0x00000020	[  5] _glMatrixMode
0x0000B1F0	0x00000020	[  5] _glMultMatrixf
0x0000B210	0x00000020	[  5] _glMultMatrixx
0x0000B230	0x00000020	[  5] _glMultiTexCoord4f
0x0000B250	0x00000020	[  5] _glMultiTexCoord4x
0x0000B270	0x00000020	[  5] _glNormal3f
0x0000B290	0x00000020	[  5] _glNormal3x
0x0000B2B0	0x00000020	[  5] _glNormalPointer
0x0000B2D0	0x00000020	[  5] _glOrthof
0x0000B2F0	0x00000020	[  5] _glOrthox
0x0000B310	0x00000020	[  5] _glPauseTransformFeedback
0x0000B330	0x00000020	[  5] _glPixelStorei
0x0000B350	0x00000020	[  5] _glPointParameterf
0x0000B370	0x00000020	[  5] _glPointParameterfv
0x0000B390	0x00000020	[  5] _glPointParameterx
0x0000B3B0	0x00000020	[  5] _glPointParameterxv
0x0000B3D0	0x00000020	[  5] _glPointSize
0x0000B3F0	0x00000020	[  5] _glPointSizePointerOES
0x0000B410	0x00000020	[  5] _glPointSizex
0x0000B430	0x00000020	[  5] _glPolygonOffset
0x0000B450	0x00000020	[  5] _glPolygonOffsetx
0x0000B470	0x00000020	[  5] _glPopMatrix
0x0000B490	0x00000020	[  5] _glProgramBinary
0x0000B4B0	0x00000020	[  5] _glProgramParameteri
0x0000B4D0	0x00000020	[  5] _glPushMatrix
0x0000B4F0	0x00000020	[  5] _glReadBuffer
0x0000B510	0x00000020	[  5] _glReadPixels
0x0000B530	0x00000020	[  5] _glReleaseShaderCompiler
0x0000B550	0x00000020	[  5] _glRenderbufferStorage
0x0000B570	0x00000020	[  5] _glRenderbufferStorageMultisample
0x0000B590	0x00000020	[  5] _glResumeTransformFeedback
0x0000B5B0	0x00000020	[  5] _glRotatef
0x0000B5D0	0x00000020	[  5] _glRotatex
0x0000B5F0	0x00000020	[  5] _glSampleCoverage
0x0000B610	0x00000020	[  5] _glSampleCoveragex
0x0000B630	0x00000020	[  5] _glSamplerParameterf
0x0000B650	0x00000020	[  5] _glSamplerParameterfv
0x0000B670	0x00000020	[  5] _glSamplerParameteri
0x0000B690	0x00000020	[  5] _glSamplerParameteriv
0x0000B6B0	0x00000020	[  5] _glScalef
0x0000B6D0	0x00000020	[  5] _glScalex
0x0000B6F0	0x00000020	[  5] _glScissor
0x0000B710	0x00000020	[  5] _glShadeModel
0x0000B730	0x00000020	[  5] _glShaderBinary
0x0000B750	0x00000020	[  5] _glShaderSource
0x0000B770	0x00000020	[  5] _glStencilFunc
0x0000B790	0x00000020	[  5] _glStencilFuncSeparate
0x0000B7B0	0x00000020	[  5] _glStencilMask
0x0000B7D0	0x00000020	[  5] _glStencilMaskSeparate
0x0000B7F0	0x00000020	[  5] _glStencilOp
0x0000B810	0x00000020	[  5] _glStencilOpSeparate
0x0000B830	0x00000020	[  5] _glTexCoordPointer
0x0000B850	0x00000020	[  5] _glTexEnvf
0x0000B870	0x00000020	[  5] _glTexEnvfv
0x0000B890	0x00000020	[  5] _glTexEnvi
0x0000B8B0	0x00000020	[  5] _glTexEnviv
0x0000B8D0	0x00000020	[  5] _glTexEnvx
0x0000B8F0	0x00000020	[  5] _glTexEnvxv
0x0000B910	0x00000020	[  5] _glTexImage2D
0x0000B930	0x00000020	[  5] _glTexImage3D
0x0000B950	0x00000020	[  5] _glTexParameterf
0x0000B970	0x00000020	[  5] _glTexParameterfv
0x0000B990	0x00000020	[  5] _glTexParameteri
0x0000B9B0	0x00000020	[  5] _glTexParameteriv
0x0000B9D0	0x00000020	[  5] _glTexParameterx
0x0000B9F0	0x00000020	[  5] _glTexParameterxv
0x0000BA10	0x00000020	[  5] _glTexStorage2D
0x0000BA30	0x00000020	[  5] _glTexStorage3D
0x0000BA50	0x00000020	[  5] _glTexSubImage2D
0x0000BA70	0x00000020	[  5] _glTexSubImage3D
0x0000BA90	0x00000020	[  5] _glTransformFeedbackVaryings
0x0000BAB0	0x00000020	[  5] _glTranslatef
0x0000BAD0	0x00000020	[  5] _glTranslatex
0x0000BAF0	0x00000020	[  5] _glUniform1f
0x0000BB10	0x00000020	[  5] _glUniform1fv
0x0000BB30	0x00000020	[  5] _glUniform1i
0x0000BB50	0x00000020	[  5] _glUniform1iv
0x0000BB70	0x00000020	[  5] _glUniform1ui
0x0000BB90	0x00000020	[  5] _glUniform1uiv
0x0000BBB0	0x00000020	[  5] _glUniform2f
0x0000BBD0	0x00000020	[  5] _glUniform2fv
0x0000BBF0	0x00000020	[  5] _glUniform2i
0x0000BC10	0x00000020	[  5] _glUniform2iv
0x0000BC30	0x00000020	[  5] _glUniform2ui
0x0000BC50	0x00000020	[  5] _glUniform2uiv
0x0000BC70	0x00000020	[  5] _glUniform3f
0x0000BC90	0x00000020	[  5] _glUniform3fv
0x0000BCB0	0x00000020	[  5] _glUniform3i
0x0000BCD0	0x00000020	[  5] _glUniform3iv
0x0000BCF0	0x00000020	[  5] _glUniform3ui
0x0000BD10	0x00000020	[  5] _glUniform3uiv
0x0000BD30	0x00000020	[  5] _glUniform4f
0x0000BD50	0x00000020	[  5] _glUniform4fv
0x0000BD70	0x00000020	[  5] _glUniform4i
0x0000BD90	0x00000020	[  5] _glUniform4iv
0x0000BDB0	0x00000020	[  5] _glUniform4ui
0x0000BDD0	0x00000020	[  5] _glUniform4uiv
0x0000BDF0	0x00000020	[  5] _glUniformBlockBinding
0x0000BE10	0x00000020	[  5] _glUniformMatrix2fv
0x0000BE30	0x00000020	[  5] _glUniformMatrix2x3fv
0x0000BE50	0x00000020	[  5] _glUniformMatrix2x4fv
0x0000BE70	0x00000020	[  5] _glUniformMatrix3fv
0x0000BE90	0x00000020	[  5] _glUniformMatrix3x2fv
0x0000BEB0	0x00000020	[  5] _glUniformMatrix3x4fv
0x0000BED0	0x00000020	[  5] _glUniformMatrix4fv
0x0000BEF0	0x00000020	[  5] _glUniformMatrix4x2fv
0x0000BF10	0x00000020	[  5] _glUniformMatrix4x3fv
0x0000BF30	0x00000020	[  5] _glUnmapBuffer
0x0000BF50	0x00000020	[  5] _glUseProgram
0x0000BF70	0x00000020	[  5] _glValidateProgram
0x0000BF90	0x00000020	[  5] _glVertexAttrib1f
0x0000BFB0	0x00000020	[  5] _glVertexAttrib1fv
0x0000BFD0	0x00000020	[  5] _glVertexAttrib2f
0x0000BFF0	0x00000020	[  5] _glVertexAttrib2fv
0x0000C010	0x00000020	[  5] _glVertexAttrib3f
0x0000C030	0x00000020	[  5] _glVertexAttrib3fv
0x0000C050	0x00000020	[  5] _glVertexAttrib4f
0x0000C070	0x00000020	[  5] _glVertexAttrib4fv
0x0000C090	0x00000020	[  5] _glVertexAttribDivisor
0x0000C0B0	0x00000020	[  5] _glVertexAttribI4i
0x0000C0D0	0x00000020	[  5] _glVertexAttribI4iv
0x0000C0F0	0x00000020	[  5] _glVertexAttribI4ui
0x0000C110	0x00000020	[  5] _glVertexAttribI4uiv
0x0000C130	0x00000020	[  5] _glVertexAttribIPointer
0x0000C150	0x00000020	[  5] _glVertexAttribPointer
0x0000C170	0x00000020	[  5] _glVertexPointer
0x0000C190	0x00000020	[  5] _glViewport
0x0000C1B0	0x00000020	[  5] _glWaitSync
0x0000C1D0	0x00000020	[  5] _glWeightPointerOES
0x0000C1F0	0x00000020	[  5] _s3eAccelerometerGetError
0x0000C210	0x00000020	[  5] _s3eAccelerometerGetErrorString
0x0000C230	0x00000020	[  5] _s3eAccelerometerGetInt
0x0000C250	0x00000020	[  5] _s3eAccelerometerGetX
0x0000C270	0x00000020	[  5] _s3eAccelerometerGetY
0x0000C290	0x00000020	[  5] _s3eAccelerometerGetZ
0x0000C2B0	0x00000020	[  5] _s3eAccelerometerStart
0x0000C2D0	0x00000020	[  5] _s3eAccelerometerStop
0x0000C2F0	0x00000020	[  5] _s3eAudioGetError
0x0000C310	0x00000020	[  5] _s3eAudioGetErrorString
0x0000C330	0x00000020	[  5] _s3eAudioGetInt
0x0000C350	0x00000020	[  5] _s3eAudioIsCodecSupported
0x0000C370	0x00000020	[  5] _s3eAudioIsPlaying
0x0000C390	0x00000020	[  5] _s3eAudioPause
0x0000C3B0	0x00000020	[  5] _s3eAudioPlay
0x0000C3D0	0x00000020	[  5] _s3eAudioPlayFromBuffer
0x0000C3F0	0x00000020	[  5] _s3eAudioRegister
0x0000C410	0x00000020	[  5] _s3eAudioResume
0x0000C430	0x00000020	[  5] _s3eAudioSetInt
0x0000C450	0x00000020	[  5] _s3eAudioStop
0x0000C470	0x00000020	[  5] _s3eAudioUnRegister
0x0000C490	0x00000020	[  5] _s3eCompressionDecomp
0x0000C4B0	0x00000020	[  5] _s3eCompressionDecompFinal
0x0000C4D0	0x00000020	[  5] _s3eCompressionDecompInit
0x0000C4F0	0x00000020	[  5] _s3eCompressionDecompRead
0x0000C510	0x00000020	[  5] _s3eCompressionGetError
0x0000C530	0x00000020	[  5] _s3eCompressionGetErrorString
0x0000C550	0x00000020	[  5] _s3eConfigGetError
0x0000C570	0x00000020	[  5] _s3eConfigGetErrorString
0x0000C590	0x00000020	[  5] _s3eConfigGetInt
0x0000C5B0	0x00000020	[  5] _s3eConfigGetIntHash
0x0000C5D0	0x00000020	[  5] _s3eConfigGetString
0x0000C5F0	0x00000020	[  5] _s3eConfigGetStringHash
0x0000C610	0x00000020	[  5] _s3eCryptoGetError
0x0000C630	0x00000020	[  5] _s3eCryptoGetErrorString
0x0000C650	0x00000020	[  5] _s3eCryptoRand
0x0000C670	0x00000020	[  5] _s3eCryptoSha1
0x0000C690	0x00000020	[  5] _s3eCryptoSha1Final
0x0000C6B0	0x00000020	[  5] _s3eCryptoSha1Init
0x0000C6D0	0x00000020	[  5] _s3eCryptoSha1Update
0x0000C6F0	0x00000020	[  5] _s3eCryptoVerifyRsa
0x0000C710	0x00000020	[  5] _s3eDebugAssertShow
0x0000C730	0x00000020	[  5] _s3eDebugErrorShow
0x0000C750	0x00000020	[  5] _s3eDebugGetError
0x0000C770	0x00000020	[  5] _s3eDebugGetErrorString
0x0000C790	0x00000020	[  5] _s3eDebugGetInt
0x0000C7B0	0x00000020	[  5] _s3eDebugIsDebuggerPresent
0x0000C7D0	0x00000020	[  5] _s3eDebugOutputString
0x0000C7F0	0x00000020	[  5] _s3eDebugPrint
0x0000C810	0x00000020	[  5] _s3eDebugRegister
0x0000C830	0x00000020	[  5] _s3eDebugSetInt
0x0000C850	0x00000020	[  5] _s3eDebugTraceChannelSwitch
0x0000C870	0x00000020	[  5] _s3eDebugTraceClearFile
0x0000C890	0x00000020	[  5] _s3eDebugTraceFlush
0x0000C8B0	0x00000020	[  5] _s3eDebugTraceLine
0x0000C8D0	0x00000020	[  5] _s3eDebugUnRegister
0x0000C8F0	0x00000020	[  5] _s3eDeviceAbort
0x0000C910	0x00000020	[  5] _s3eDeviceBacklightOn
0x0000C930	0x00000020	[  5] _s3eDeviceCheckPauseRequest
0x0000C950	0x00000020	[  5] _s3eDeviceCheckQuitRequest
0x0000C970	0x00000020	[  5] _s3eDeviceExecPushNext
0x0000C990	0x00000020	[  5] _s3eDeviceExit
0x0000C9B0	0x00000020	[  5] _s3eDeviceGetError
0x0000C9D0	0x00000020	[  5] _s3eDeviceGetErrorString
0x0000C9F0	0x00000020	[  5] _s3eDeviceGetInt
0x0000CA10	0x00000020	[  5] _s3eDeviceGetString
0x0000CA30	0x00000020	[  5] _s3eDeviceLoaderCallDone
0x0000CA50	0x00000020	[  5] _s3eDeviceLoaderCallStart
0x0000CA70	0x00000020	[  5] _s3eDeviceNetworkCheckStart
0x0000CA90	0x00000020	[  5] _s3eDeviceNetworkCheckStop
0x0000CAB0	0x00000020	[  5] _s3eDeviceRegister
0x0000CAD0	0x00000020	[  5] _s3eDeviceRequestQuit
0x0000CAF0	0x00000020	[  5] _s3eDeviceSetInt
0x0000CB10	0x00000020	[  5] _s3eDeviceUnRegister
0x0000CB30	0x00000020	[  5] _s3eDeviceUnYield
0x0000CB50	0x00000020	[  5] _s3eDeviceYield
0x0000CB70	0x00000020	[  5] _s3eDeviceYieldUntilEvent
0x0000CB90	0x00000020	[  5] _s3eExtGet
0x0000CBB0	0x00000020	[  5] _s3eExtGetError
0x0000CBD0	0x00000020	[  5] _s3eExtGetErrorString
0x0000CBF0	0x00000020	[  5] _s3eExtGetHash
0x0000CC10	0x00000020	[  5] _s3eFileAddUserFileSys
0x0000CC30	0x00000020	[  5] _s3eFileCheckExists
0x0000CC50	0x00000020	[  5] _s3eFileClose
0x0000CC70	0x00000020	[  5] _s3eFileDelete
0x0000CC90	0x00000020	[  5] _s3eFileDeleteDirectory
0x0000CCB0	0x00000020	[  5] _s3eFileEOF
0x0000CCD0	0x00000020	[  5] _s3eFileFlush
0x0000CCF0	0x00000020	[  5] _s3eFileGetChar
0x0000CD10	0x00000020	[  5] _s3eFileGetError
0x0000CD30	0x00000020	[  5] _s3eFileGetErrorString
0x0000CD50	0x00000020	[  5] _s3eFileGetFileInt
0x0000CD70	0x00000020	[  5] _s3eFileGetFileString
0x0000CD90	0x00000020	[  5] _s3eFileGetFree
0x0000CDB0	0x00000020	[  5] _s3eFileGetInt
0x0000CDD0	0x00000020	[  5] _s3eFileGetLastWriteTime
0x0000CDF0	0x00000020	[  5] _s3eFileGetSize
0x0000CE10	0x00000020	[  5] _s3eFileListClose
0x0000CE30	0x00000020	[  5] _s3eFileListDirectory
0x0000CE50	0x00000020	[  5] _s3eFileListNext
0x0000CE70	0x00000020	[  5] _s3eFileMakeDirectory
0x0000CE90	0x00000020	[  5] _s3eFileOpen
0x0000CEB0	0x00000020	[  5] _s3eFileOpenFromMemory
0x0000CED0	0x00000020	[  5] _s3eFilePutChar
0x0000CEF0	0x00000020	[  5] _s3eFileRead
0x0000CF10	0x00000020	[  5] _s3eFileReadString
0x0000CF30	0x00000020	[  5] _s3eFileRemoveUserFileSys
0x0000CF50	0x00000020	[  5] _s3eFileRename
0x0000CF70	0x00000020	[  5] _s3eFileSeek
0x0000CF90	0x00000020	[  5] _s3eFileSetInt
0x0000CFB0	0x00000020	[  5] _s3eFileTell
0x0000CFD0	0x00000020	[  5] _s3eFileTruncate
0x0000CFF0	0x00000020	[  5] _s3eFileWrite
0x0000D010	0x00000020	[  5] _s3eFree
0x0000D030	0x00000020	[  5] _s3eFreeBase
0x0000D050	0x00000020	[  5] _s3eGLGetError
0x0000D070	0x00000020	[  5] _s3eGLGetErrorString
0x0000D090	0x00000020	[  5] _s3eGLGetInt
0x0000D0B0	0x00000020	[  5] _s3eGLGetNativeWindow
0x0000D0D0	0x00000020	[  5] _s3eGLRegister
0x0000D0F0	0x00000020	[  5] _s3eGLUnRegister
0x0000D110	0x00000020	[  5] _s3eGLUnavailable
0x0000D130	0x00000020	[  5] _s3eInetAton
0x0000D150	0x00000020	[  5] _s3eInetHtonl
0x0000D170	0x00000020	[  5] _s3eInetHtons
0x0000D190	0x00000020	[  5] _s3eInetLookup
0x0000D1B0	0x00000020	[  5] _s3eInetLookupCancel
0x0000D1D0	0x00000020	[  5] _s3eInetNtoa
0x0000D1F0	0x00000020	[  5] _s3eInetNtohl
0x0000D210	0x00000020	[  5] _s3eInetNtohs
0x0000D230	0x00000020	[  5] _s3eInetToString
0x0000D250	0x00000020	[  5] _s3eKeyboardAnyKey
0x0000D270	0x00000020	[  5] _s3eKeyboardClearState
0x0000D290	0x00000020	[  5] _s3eKeyboardGetChar
0x0000D2B0	0x00000020	[  5] _s3eKeyboardGetDisplayName
0x0000D2D0	0x00000020	[  5] _s3eKeyboardGetError
0x0000D2F0	0x00000020	[  5] _s3eKeyboardGetErrorString
0x0000D310	0x00000020	[  5] _s3eKeyboardGetInt
0x0000D330	0x00000020	[  5] _s3eKeyboardGetState
0x0000D350	0x00000020	[  5] _s3eKeyboardRegister
0x0000D370	0x00000020	[  5] _s3eKeyboardSetInt
0x0000D390	0x00000020	[  5] _s3eKeyboardUnRegister
0x0000D3B0	0x00000020	[  5] _s3eKeyboardUpdate
0x0000D3D0	0x00000020	[  5] _s3eLicenseBuy
0x0000D3F0	0x00000020	[  5] _s3eLicenseGetError
0x0000D410	0x00000020	[  5] _s3eLicenseGetErrorString
0x0000D430	0x00000020	[  5] _s3eLicenseGetInt
0x0000D450	0x00000020	[  5] _s3eMalloc
0x0000D470	0x00000020	[  5] _s3eMallocBase
0x0000D490	0x00000020	[  5] _s3eMemoryGetError
0x0000D4B0	0x00000020	[  5] _s3eMemoryGetErrorString
0x0000D4D0	0x00000020	[  5] _s3eMemoryGetInt
0x0000D4F0	0x00000020	[  5] _s3eMemoryGetUserMemMgr
0x0000D510	0x00000020	[  5] _s3eMemoryHeapAddress
0x0000D530	0x00000020	[  5] _s3eMemoryHeapCreate
0x0000D550	0x00000020	[  5] _s3eMemoryHeapDestroy
0x0000D570	0x00000020	[  5] _s3eMemorySetInt
0x0000D590	0x00000020	[  5] _s3eMemorySetUserMemMgr
0x0000D5B0	0x00000020	[  5] _s3ePointerGetError
0x0000D5D0	0x00000020	[  5] _s3ePointerGetErrorString
0x0000D5F0	0x00000020	[  5] _s3ePointerGetInt
0x0000D610	0x00000020	[  5] _s3ePointerGetState
0x0000D630	0x00000020	[  5] _s3ePointerGetTouchState
0x0000D650	0x00000020	[  5] _s3ePointerGetTouchX
0x0000D670	0x00000020	[  5] _s3ePointerGetTouchY
0x0000D690	0x00000020	[  5] _s3ePointerGetX
0x0000D6B0	0x00000020	[  5] _s3ePointerGetY
0x0000D6D0	0x00000020	[  5] _s3ePointerRegister
0x0000D6F0	0x00000020	[  5] _s3ePointerSetInt
0x0000D710	0x00000020	[  5] _s3ePointerUnRegister
0x0000D730	0x00000020	[  5] _s3ePointerUpdate
0x0000D750	0x00000020	[  5] _s3eRealloc
0x0000D770	0x00000020	[  5] _s3eReallocBase
0x0000D790	0x00000020	[  5] _s3eSecureStorageGet
0x0000D7B0	0x00000020	[  5] _s3eSecureStorageGetError
0x0000D7D0	0x00000020	[  5] _s3eSecureStorageGetErrorString
0x0000D7F0	0x00000020	[  5] _s3eSecureStoragePut
0x0000D810	0x00000020	[  5] _s3eSocketAccept
0x0000D830	0x00000020	[  5] _s3eSocketBind
0x0000D850	0x00000020	[  5] _s3eSocketClose
0x0000D870	0x00000020	[  5] _s3eSocketConnect
0x0000D890	0x00000020	[  5] _s3eSocketCreate
0x0000D8B0	0x00000020	[  5] _s3eSocketGetError
0x0000D8D0	0x00000020	[  5] _s3eSocketGetErrorString
0x0000D8F0	0x00000020	[  5] _s3eSocketGetInt
0x0000D910	0x00000020	[  5] _s3eSocketGetLocalName
0x0000D930	0x00000020	[  5] _s3eSocketGetPeerName
0x0000D950	0x00000020	[  5] _s3eSocketGetString
0x0000D970	0x00000020	[  5] _s3eSocketListen
0x0000D990	0x00000020	[  5] _s3eSocketReadable
0x0000D9B0	0x00000020	[  5] _s3eSocketRecv
0x0000D9D0	0x00000020	[  5] _s3eSocketRecvFrom
0x0000D9F0	0x00000020	[  5] _s3eSocketSend
0x0000DA10	0x00000020	[  5] _s3eSocketSendTo
0x0000DA30	0x00000020	[  5] _s3eSocketWritable
0x0000DA50	0x00000020	[  5] _s3eSoundChannelGetInt
0x0000DA70	0x00000020	[  5] _s3eSoundChannelGetInt64
0x0000DA90	0x00000020	[  5] _s3eSoundChannelPause
0x0000DAB0	0x00000020	[  5] _s3eSoundChannelPlay
0x0000DAD0	0x00000020	[  5] _s3eSoundChannelRegister
0x0000DAF0	0x00000020	[  5] _s3eSoundChannelResume
0x0000DB10	0x00000020	[  5] _s3eSoundChannelSetInt
0x0000DB30	0x00000020	[  5] _s3eSoundChannelSetInt64
0x0000DB50	0x00000020	[  5] _s3eSoundChannelStop
0x0000DB70	0x00000020	[  5] _s3eSoundChannelUnRegister
0x0000DB90	0x00000020	[  5] _s3eSoundGetError
0x0000DBB0	0x00000020	[  5] _s3eSoundGetErrorString
0x0000DBD0	0x00000020	[  5] _s3eSoundGetFreeChannel
0x0000DBF0	0x00000020	[  5] _s3eSoundGetInt
0x0000DC10	0x00000020	[  5] _s3eSoundPauseAllChannels
0x0000DC30	0x00000020	[  5] _s3eSoundResumeAllChannels
0x0000DC50	0x00000020	[  5] _s3eSoundSetInt
0x0000DC70	0x00000020	[  5] _s3eSoundStopAllChannels
0x0000DC90	0x00000020	[  5] _s3eSurfaceConvertRGB
0x0000DCB0	0x00000020	[  5] _s3eSurfaceGetError
0x0000DCD0	0x00000020	[  5] _s3eSurfaceGetErrorString
0x0000DCF0	0x00000020	[  5] _s3eSurfaceGetInt
0x0000DD10	0x00000020	[  5] _s3eSurfaceInvalidate
0x0000DD30	0x00000020	[  5] _s3eSurfacePtr
0x0000DD50	0x00000020	[  5] _s3eSurfaceRegister
0x0000DD70	0x00000020	[  5] _s3eSurfaceSetDisplayID
0x0000DD90	0x00000020	[  5] _s3eSurfaceSetInt
0x0000DDB0	0x00000020	[  5] _s3eSurfaceSetup
0x0000DDD0	0x00000020	[  5] _s3eSurfaceShow
0x0000DDF0	0x00000020	[  5] _s3eSurfaceUnRegister
0x0000DE10	0x00000020	[  5] _s3eTimerCancelTimer
0x0000DE30	0x00000020	[  5] _s3eTimerGetError
0x0000DE50	0x00000020	[  5] _s3eTimerGetErrorString
0x0000DE70	0x00000020	[  5] _s3eTimerGetInt
0x0000DE90	0x00000020	[  5] _s3eTimerGetLocaltimeOffset
0x0000DEB0	0x00000020	[  5] _s3eTimerGetMs
0x0000DED0	0x00000020	[  5] _s3eTimerGetUST
0x0000DEF0	0x00000020	[  5] _s3eTimerGetUTC
0x0000DF10	0x00000020	[  5] _s3eTimerSetTimer
0x0000DF30	0x00000020	[  5] _s3eVibraGetError
0x0000DF50	0x00000020	[  5] _s3eVibraGetErrorString
0x0000DF70	0x00000020	[  5] _s3eVibraGetInt
0x0000DF90	0x00000020	[  5] _s3eVibraSetInt
0x0000DFB0	0x00000020	[  5] _s3eVibraStop
0x0000DFD0	0x00000020	[  5] _s3eVibraVibrate
0x0000DFF0	0x00000020	[  5] _s3eVideoGetError
0x0000E010	0x00000020	[  5] _s3eVideoGetErrorString
0x0000E030	0x00000020	[  5] _s3eVideoGetInt
0x0000E050	0x00000020	[  5] _s3eVideoIsCodecSupported
0x0000E070	0x00000020	[  5] _s3eVideoIsPlaying
0x0000E090	0x00000020	[  5] _s3eVideoPause
0x0000E0B0	0x00000020	[  5] _s3eVideoPlay
0x0000E0D0	0x00000020	[  5] _s3eVideoPlayFromBuffer
0x0000E0F0	0x00000020	[  5] _s3eVideoRegister
0x0000E110	0x00000020	[  5] _s3eVideoResume
0x0000E130	0x00000020	[  5] _s3eVideoSetInt
0x0000E150	0x00000020	[  5] _s3eVideoStop
0x0000E170	0x00000020	[  5] _s3eVideoUnRegister
0x0000E190	0x00000020	[  5] _s3eEdkCallbacksEnqueue
0x0000E1B0	0x00000020	[  5] _s3eEdkCallbacksIsRegistered
0x0000E1D0	0x00000020	[  5] _s3eEdkCallbacksRegister
0x0000E1F0	0x00000020	[  5] _s3eEdkCallbacksRegisterInternal
0x0000E210	0x00000020	[  5] _s3eEdkCallbacksRegisterSpecific
0x0000E230	0x00000020	[  5] _s3eEdkCallbacksUnRegister
0x0000E250	0x00000020	[  5] _s3eEdkCallbacksUnRegisterDevice
0x0000E270	0x00000020	[  5] _s3eEdkErrorGet
0x0000E290	0x00000020	[  5] _s3eEdkErrorGetString
0x0000E2B0	0x00000020	[  5] _s3eEdkErrorSet
0x0000E2D0	0x00000020	[  5] _s3eEdkErrorSetStringV
0x0000E2F0	0x00000020	[  5] _s3eEdkFreeOS
0x0000E310	0x00000020	[  5] _s3eEdkGetAppVersionMajor
0x0000E330	0x00000020	[  5] _s3eEdkGetAppVersionMinor
0x0000E350	0x00000020	[  5] _s3eEdkGlobalsGet
0x0000E370	0x00000020	[  5] _s3eEdkIsInitialised
0x0000E390	0x00000020	[  5] _s3eEdkLibraryClose
0x0000E3B0	0x00000020	[  5] _s3eEdkLibraryError
0x0000E3D0	0x00000020	[  5] _s3eEdkLibraryGetSymbol
0x0000E3F0	0x00000020	[  5] _s3eEdkLibraryOpen
0x0000E410	0x00000020	[  5] _s3eEdkMallocOS
0x0000E430	0x00000020	[  5] _s3eEdkReallocOS
0x0000E450	0x00000020	[  5] _s3eEdkRegister
0x0000E470	0x00000020	[  5] _s3eEdkThreadRunOnOSAsyncV
0x0000E490	0x00000020	[  5] _s3eEdkThreadRunOnOSV
0x0000E4B0	0x00000020	[  5] _s3eEdkThreadSetResumed
0x0000E4D0	0x00000020	[  5] _s3eEdkThreadSetSuspended
0x0000E4F0	0x00000018	[  5] _s3eEdkThreadSleep
0x0000E510	0x00000012	[  6] __IwMain
0x0000E522	0x00000006	[  3] __ZN14CallbackHolder29setSteamCallResultUploadScoreEPKcy
0x0000E528	0x00000006	[  3] __ZN14CallbackHolder33setSteamCallResultDownloadEntriesEPKcy
0x0000E52E	0x00000006	[  3] __ZN14CallbackHolder33setSteamCallResultFindLeaderboardEPKcy
0x0000E534	0x00000006	[  3] __ZN14CallbackHolderC2Ev
0x0000E53A	0x00000006	[  3] __ZN14CallbackHolderD2Ev
0x0000E540	0x00000006	[  3] __ZNSt8_Rb_treeISsSt4pairIKSsP11CCallResultI14CallbackHolder23LeaderboardFindResult_tEESt10_Select1stIS7_ESt4lessISsESaIS7_EE16_M_insert_uniqueERKS7_
0x0000E546	0x00000006	[  3] __ZNSt8_Rb_treeISsSt4pairIKSsP11CCallResultI14CallbackHolder23LeaderboardFindResult_tEESt10_Select1stIS7_ESt4lessISsESaIS7_EE8_M_eraseEPSt13_Rb_tree_nodeIS7_E
0x0000E54C	0x00000006	[  3] __ZNSt8_Rb_treeISsSt4pairIKSsP11CCallResultI14CallbackHolder26LeaderboardScoreUploaded_tEESt10_Select1stIS7_ESt4lessISsESaIS7_EE16_M_insert_uniqueERKS7_
0x0000E552	0x00000006	[  3] __ZNSt8_Rb_treeISsSt4pairIKSsP11CCallResultI14CallbackHolder26LeaderboardScoreUploaded_tEESt10_Select1stIS7_ESt4lessISsESaIS7_EE8_M_eraseEPSt13_Rb_tree_nodeIS7_E
0x0000E558	0x00000006	[  3] __ZNSt8_Rb_treeISsSt4pairIKSsP11CCallResultI14CallbackHolder29LeaderboardScoresDownloaded_tEESt10_Select1stIS7_ESt4lessISsESaIS7_EE16_M_insert_uniqueERKS7_
0x0000E55E	0x00000006	[  3] __ZNSt8_Rb_treeISsSt4pairIKSsP11CCallResultI14CallbackHolder29LeaderboardScoresDownloaded_tEESt10_Select1stIS7_ESt4lessISsESaIS7_EE8_M_eraseEPSt13_Rb_tree_nodeIS7_E
0x0000E564	0x00000006	[  3] __ZNSt8_Rb_treeISsSt4pairIKSsyESt10_Select1stIS2_ESt4lessISsESaIS2_EE16_M_insert_uniqueERKS2_
0x0000E56A	0x00000006	[  3] __ZNSt8_Rb_treeISsSt4pairIKSsyESt10_Select1stIS2_ESt4lessISsESaIS2_EE8_M_eraseEPSt13_Rb_tree_nodeIS2_E
0x0000E570	0x00000006	[  5] _s3eEdkCallbacksEnqueue
0x0000E576	0x00000006	[  5] _s3eEdkCallbacksIsRegistered
0x0000E57C	0x00000006	[  5] _s3eEdkCallbacksRegister
0x0000E582	0x00000006	[  5] _s3eEdkCallbacksUnRegister
0x0000E588	0x00000006	[  5] _s3eEdkRegister
0x0000E58E	0x00000006	[  7] _SteamAPI_Init
0x0000E594	0x00000006	[  7] _SteamAPI_RegisterCallResult
0x0000E59A	0x00000006	[  7] _SteamAPI_RegisterCallback
0x0000E5A0	0x00000006	[  7] _SteamAPI_RestartAppIfNecessary
0x0000E5A6	0x00000006	[  7] _SteamAPI_RunCallbacks
0x0000E5AC	0x00000006	[  7] _SteamAPI_Shutdown
0x0000E5B2	0x00000006	[  7] _SteamAPI_UnregisterCallResult
0x0000E5B8	0x00000006	[  7] _SteamAPI_UnregisterCallback
0x0000E5BE	0x00000006	[  7] _SteamApps
0x0000E5C4	0x00000006	[  7] _SteamFriends
0x0000E5CA	0x00000006	[  7] _SteamUserStats
0x0000E5D0	0x00000006	[  7] _SteamUtils
0x0000E5D6	0x00000006	[  8] __ZNSs4_Rep10_M_destroyERKSaIcE
0x0000E5DC	0x00000006	[  8] __ZNSsC1EPKcRKSaIcE
0x0000E5E2	0x00000006	[  8] __ZNSsC1ERKSs
0x0000E5E8	0x00000006	[  8] __ZSt18_Rb_tree_decrementPSt18_Rb_tree_node_base
0x0000E5EE	0x00000006	[  8] __ZSt18_Rb_tree_incrementPKSt18_Rb_tree_node_base
0x0000E5F4	0x00000006	[  8] __ZSt29_Rb_tree_insert_and_rebalancebPSt18_Rb_tree_node_baseS0_RS_
0x0000E5FA	0x00000006	[  8] __ZdaPv
0x0000E600	0x00000006	[  8] __ZdlPv
0x0000E606	0x00000006	[  8] __Znam
0x0000E60C	0x00000006	[  8] __Znwm
0x0000E612	0x00000006	[  9] ___cxa_atexit
0x0000E618	0x00000006	[  9] ___stack_chk_fail
0x0000E61E	0x00000006	[  9] _bzero
0x0000E624	0x00000006	[  9] _memcmp
0x0000E62A	0x00000006	[  9] _strcpy
0x0000E630	0x00000006	[  9] _strlen
0x0000E636	0x00000006	[  9] _strncat
0x0000E63C	0x00000006	[  9] _strncpy
0x0000E644	0x0000000C	[  0] helper helper
0x0000E650	0x0000000A	[  7] _SteamAPI_Init
0x0000E65A	0x0000000A	[  7] _SteamAPI_RegisterCallResult
0x0000E664	0x0000000A	[  7] _SteamAPI_RegisterCallback
0x0000E66E	0x0000000A	[  7] _SteamAPI_RestartAppIfNecessary
0x0000E678	0x0000000A	[  7] _SteamAPI_RunCallbacks
0x0000E682	0x0000000A	[  7] _SteamAPI_Shutdown
0x0000E68C	0x0000000A	[  7] _SteamAPI_UnregisterCallResult
0x0000E696	0x0000000A	[  7] _SteamAPI_UnregisterCallback
0x0000E6A0	0x0000000A	[  7] _SteamApps
0x0000E6AA	0x0000000A	[  7] _SteamFriends
0x0000E6B4	0x0000000A	[  7] _SteamUserStats
0x0000E6BE	0x0000000A	[  7] _SteamUtils
0x0000E6C8	0x0000000A	[  8] __ZNSs4_Rep10_M_destroyERKSaIcE
0x0000E6D2	0x0000000A	[  8] __ZNSsC1EPKcRKSaIcE
0x0000E6DC	0x0000000A	[  8] __ZNSsC1ERKSs
0x0000E6E6	0x0000000A	[  8] __ZSt18_Rb_tree_decrementPSt18_Rb_tree_node_base
0x0000E6F0	0x0000000A	[  8] __ZSt18_Rb_tree_incrementPKSt18_Rb_tree_node_base
0x0000E6FA	0x0000000A	[  8] __ZSt29_Rb_tree_insert_and_rebalancebPSt18_Rb_tree_node_baseS0_RS_
0x0000E704	0x0000000A	[  8] __ZdaPv
0x0000E70E	0x0000000A	[  8] __ZdlPv
0x0000E718	0x0000000A	[  8] __Znam
0x0000E722	0x0000000A	[  8] __Znwm
0x0000E72C	0x0000000A	[  9] ___cxa_atexit
0x0000E736	0x0000000A	[  9] ___stack_chk_fail
0x0000E740	0x0000000A	[  9] _bzero
0x0000E74A	0x0000000A	[  9] _memcmp
0x0000E754	0x0000000A	[  9] _strcpy
0x0000E75E	0x0000000A	[  9] _strlen
0x0000E768	0x0000000A	[  9] _strncat
0x0000E772	0x0000000A	[  9] _strncpy
0x0000E77C	0x00000009	[  2] literal string: s3eSteam
0x0000E785	0x00000001	[  3] literal string: 
0x0000E786	0x0000000B	[  4] literal string: eglBindAPI
0x0000E791	0x00000010	[  4] literal string: eglBindTexImage
0x0000E7A1	0x00000010	[  4] literal string: eglChooseConfig
0x0000E7B1	0x0000000F	[  4] literal string: eglCopyBuffers
0x0000E7C0	0x00000011	[  4] literal string: eglCreateContext
0x0000E7D1	0x00000021	[  4] literal string: eglCreatePbufferFromClientBuffer
0x0000E7F2	0x00000018	[  4] literal string: eglCreatePbufferSurface
0x0000E80A	0x00000017	[  4] literal string: eglCreatePixmapSurface
0x0000E821	0x00000017	[  4] literal string: eglCreateWindowSurface
0x0000E838	0x00000012	[  4] literal string: eglDestroyContext
0x0000E84A	0x00000012	[  4] literal string: eglDestroySurface
0x0000E85C	0x00000013	[  4] literal string: eglGetConfigAttrib
0x0000E86F	0x0000000E	[  4] literal string: eglGetConfigs
0x0000E87D	0x00000015	[  4] literal string: eglGetCurrentContext
0x0000E892	0x00000015	[  4] literal string: eglGetCurrentDisplay
0x0000E8A7	0x00000015	[  4] literal string: eglGetCurrentSurface
0x0000E8BC	0x0000000E	[  4] literal string: eglGetDisplay
0x0000E8CA	0x0000000C	[  4] literal string: eglGetError
0x0000E8D6	0x00000012	[  4] literal string: eglGetProcAddress
0x0000E8E8	0x0000000E	[  4] literal string: eglInitialize
0x0000E8F6	0x0000000F	[  4] literal string: eglMakeCurrent
0x0000E905	0x0000000C	[  4] literal string: eglQueryAPI
0x0000E911	0x00000010	[  4] literal string: eglQueryContext
0x0000E921	0x0000000F	[  4] literal string: eglQueryString
0x0000E930	0x00000010	[  4] literal string: eglQuerySurface
0x0000E940	0x00000013	[  4] literal string: eglReleaseTexImage
0x0000E953	0x00000011	[  4] literal string: eglReleaseThread
0x0000E964	0x00000011	[  4] literal string: eglSurfaceAttrib
0x0000E975	0x0000000F	[  4] literal string: eglSwapBuffers
0x0000E984	0x00000010	[  4] literal string: eglSwapInterval
0x0000E994	0x0000000D	[  4] literal string: eglTerminate
0x0000E9A1	0x0000000E	[  4] literal string: eglWaitClient
0x0000E9AF	0x0000000A	[  4] literal string: eglWaitGL
0x0000E9B9	0x0000000E	[  4] literal string: eglWaitNative
0x0000E9C7	0x00000010	[  4] literal string: glActiveTexture
0x0000E9D7	0x0000000C	[  4] literal string: glAlphaFunc
0x0000E9E3	0x0000000D	[  4] literal string: glAlphaFuncx
0x0000E9F0	0x0000000F	[  4] literal string: glAttachShader
0x0000E9FF	0x0000000D	[  4] literal string: glBeginQuery
0x0000EA0C	0x00000019	[  4] literal string: glBeginTransformFeedback
0x0000EA25	0x00000015	[  4] literal string: glBindAttribLocation
0x0000EA3A	0x0000000D	[  4] literal string: glBindBuffer
0x0000EA47	0x00000011	[  4] literal string: glBindBufferBase
0x0000EA58	0x00000012	[  4] literal string: glBindBufferRange
0x0000EA6A	0x00000012	[  4] literal string: glBindFramebuffer
0x0000EA7C	0x00000013	[  4] literal string: glBindRenderbuffer
0x0000EA8F	0x0000000E	[  4] literal string: glBindSampler
0x0000EA9D	0x0000000E	[  4] literal string: glBindTexture
0x0000EAAB	0x00000018	[  4] literal string: glBindTransformFeedback
0x0000EAC3	0x00000012	[  4] literal string: glBindVertexArray
0x0000EAD5	0x0000000D	[  4] literal string: glBlendColor
0x0000EAE2	0x00000010	[  4] literal string: glBlendEquation
0x0000EAF2	0x00000018	[  4] literal string: glBlendEquationSeparate
0x0000EB0A	0x0000000C	[  4] literal string: glBlendFunc
0x0000EB16	0x00000014	[  4] literal string: glBlendFuncSeparate
0x0000EB2A	0x00000012	[  4] literal string: glBlitFramebuffer
0x0000EB3C	0x0000000D	[  4] literal string: glBufferData
0x0000EB49	0x00000010	[  4] literal string: glBufferSubData
0x0000EB59	0x00000019	[  4] literal string: glCheckFramebufferStatus
0x0000EB72	0x00000008	[  4] literal string: glClear
0x0000EB7A	0x00000010	[  4] literal string: glClearBufferfi
0x0000EB8A	0x00000010	[  4] literal string: glClearBufferfv
0x0000EB9A	0x00000010	[  4] literal string: glClearBufferiv
0x0000EBAA	0x00000011	[  4] literal string: glClearBufferuiv
0x0000EBBB	0x0000000D	[  4] literal string: glClearColor
0x0000EBC8	0x0000000E	[  4] literal string: glClearColorx
0x0000EBD6	0x0000000E	[  4] literal string: glClearDepthf
0x0000EBE4	0x0000000E	[  4] literal string: glClearDepthx
0x0000EBF2	0x0000000F	[  4] literal string: glClearStencil
0x0000EC01	0x00000016	[  4] literal string: glClientActiveTexture
0x0000EC17	0x00000011	[  4] literal string: glClientWaitSync
0x0000EC28	0x0000000D	[  4] literal string: glClipPlanef
[...]
0x00019978	0x0000001C	[  5] FDE for: _s3eSocketClose
0x00019994	0x0000001C	[  5] FDE for: ___s3eSocketClose
0x000199B0	0x0000001C	[  5] FDE for: _s3eSocketConnect
0x000199CC	0x0000001C	[  5] FDE for: ___s3eSocketConnect
0x000199E8	0x0000001C	[  5] FDE for: _s3eSocketCreate
0x00019A04	0x0000001C	[  5] FDE for: ___s3eSocketCreate
0x00019A20	0x0000001C	[  5] FDE for: _s3eSocketGetError
0x00019A3C	0x0000001C	[  5] FDE for: ___s3eSocketGetError
0x00019A58	0x0000001C	[  5] FDE for: _s3eSocketGetErrorString
0x00019A74	0x0000001C	[  5] FDE for: ___s3eSocketGetErrorString
0x00019A90	0x0000001C	[  5] FDE for: _s3eSocketGetInt
0x00019AAC	0x0000001C	[  5] FDE for: ___s3eSocketGetInt
0x00019AC8	0x0000001C	[  5] FDE for: _s3eSocketGetLocalName
0x00019AE4	0x0000001C	[  5] FDE for: ___s3eSocketGetLocalName
0x00019B00	0x0000001C	[  5] FDE for: _s3eSocketGetPeerName
0x00019B1C	0x0000001C	[  5] FDE for: ___s3eSocketGetPeerName
0x00019B38	0x0000001C	[  5] FDE for: _s3eSocketGetString
0x00019B54	0x0000001C	[  5] FDE for: ___s3eSocketGetString
0x00019B70	0x0000001C	[  5] FDE for: _s3eSocketListen
0x00019B8C	0x0000001C	[  5] FDE for: ___s3eSocketListen
0x00019BA8	0x0000001C	[  5] FDE for: _s3eSocketReadable
0x00019BC4	0x0000001C	[  5] FDE for: ___s3eSocketReadable
0x00019BE0	0x0000001C	[  5] FDE for: _s3eSocketRecv
0x00019BFC	0x0000001C	[  5] FDE for: ___s3eSocketRecv
0x00019C18	0x0000001C	[  5] FDE for: _s3eSocketRecvFrom
0x00019C34	0x0000001C	[  5] FDE for: ___s3eSocketRecvFrom
0x00019C50	0x0000001C	[  5] FDE for: _s3eSocketSend
0x00019C6C	0x0000001C	[  5] FDE for: ___s3eSocketSend
0x00019C88	0x0000001C	[  5] FDE for: _s3eSocketSendTo
0x00019CA4	0x0000001C	[  5] FDE for: ___s3eSocketSendTo
0x00019CC0	0x0000001C	[  5] FDE for: _s3eSocketWritable
0x00019CDC	0x0000001C	[  5] FDE for: ___s3eSocketWritable
0x00019CF8	0x0000001C	[  5] FDE for: _s3eSoundChannelGetInt
0x00019D14	0x0000001C	[  5] FDE for: ___s3eSoundChannelGetInt
0x00019D30	0x0000001C	[  5] FDE for: _s3eSoundChannelGetInt64
0x00019D4C	0x0000001C	[  5] FDE for: ___s3eSoundChannelGetInt64
0x00019D68	0x0000001C	[  5] FDE for: _s3eSoundChannelPause
0x00019D84	0x0000001C	[  5] FDE for: ___s3eSoundChannelPause
0x00019DA0	0x0000001C	[  5] FDE for: _s3eSoundChannelPlay
0x00019DBC	0x0000001C	[  5] FDE for: ___s3eSoundChannelPlay
0x00019DD8	0x0000001C	[  5] FDE for: _s3eSoundChannelRegister
0x00019DF4	0x0000001C	[  5] FDE for: ___s3eSoundChannelRegister
0x00019E10	0x0000001C	[  5] FDE for: _s3eSoundChannelResume
0x00019E2C	0x0000001C	[  5] FDE for: ___s3eSoundChannelResume
0x00019E48	0x0000001C	[  5] FDE for: _s3eSoundChannelSetInt
0x00019E64	0x0000001C	[  5] FDE for: ___s3eSoundChannelSetInt
0x00019E80	0x0000001C	[  5] FDE for: _s3eSoundChannelSetInt64
0x00019E9C	0x0000001C	[  5] FDE for: ___s3eSoundChannelSetInt64
0x00019EB8	0x0000001C	[  5] FDE for: _s3eSoundChannelStop
0x00019ED4	0x0000001C	[  5] FDE for: ___s3eSoundChannelStop
0x00019EF0	0x0000001C	[  5] FDE for: _s3eSoundChannelUnRegister
0x00019F0C	0x0000001C	[  5] FDE for: ___s3eSoundChannelUnRegister
0x00019F28	0x0000001C	[  5] FDE for: _s3eSoundGetError
0x00019F44	0x0000001C	[  5] FDE for: ___s3eSoundGetError
0x00019F60	0x0000001C	[  5] FDE for: _s3eSoundGetErrorString
0x00019F7C	0x0000001C	[  5] FDE for: ___s3eSoundGetErrorString
0x00019F98	0x0000001C	[  5] FDE for: _s3eSoundGetFreeChannel
0x00019FB4	0x0000001C	[  5] FDE for: ___s3eSoundGetFreeChannel
0x00019FD0	0x0000001C	[  5] FDE for: _s3eSoundGetInt
0x00019FEC	0x0000001C	[  5] FDE for: ___s3eSoundGetInt
0x0001A008	0x0000001C	[  5] FDE for: _s3eSoundPauseAllChannels
0x0001A024	0x0000001C	[  5] FDE for: ___s3eSoundPauseAllChannels
0x0001A040	0x0000001C	[  5] FDE for: _s3eSoundResumeAllChannels
0x0001A05C	0x0000001C	[  5] FDE for: ___s3eSoundResumeAllChannels
0x0001A078	0x0000001C	[  5] FDE for: _s3eSoundSetInt
0x0001A094	0x0000001C	[  5] FDE for: ___s3eSoundSetInt
0x0001A0B0	0x0000001C	[  5] FDE for: _s3eSoundStopAllChannels
0x0001A0CC	0x0000001C	[  5] FDE for: ___s3eSoundStopAllChannels
0x0001A0E8	0x0000001C	[  5] FDE for: _s3eSurfaceConvertRGB
0x0001A104	0x0000001C	[  5] FDE for: ___s3eSurfaceConvertRGB
0x0001A120	0x0000001C	[  5] FDE for: _s3eSurfaceGetError
0x0001A13C	0x0000001C	[  5] FDE for: ___s3eSurfaceGetError
0x0001A158	0x0000001C	[  5] FDE for: _s3eSurfaceGetErrorString
0x0001A174	0x0000001C	[  5] FDE for: ___s3eSurfaceGetErrorString
0x0001A190	0x0000001C	[  5] FDE for: _s3eSurfaceGetInt
0x0001A1AC	0x0000001C	[  5] FDE for: ___s3eSurfaceGetInt
0x0001A1C8	0x0000001C	[  5] FDE for: _s3eSurfaceInvalidate
0x0001A1E4	0x0000001C	[  5] FDE for: ___s3eSurfaceInvalidate
0x0001A200	0x0000001C	[  5] FDE for: _s3eSurfacePtr
0x0001A21C	0x0000001C	[  5] FDE for: ___s3eSurfacePtr
0x0001A238	0x0000001C	[  5] FDE for: _s3eSurfaceRegister
0x0001A254	0x0000001C	[  5] FDE for: ___s3eSurfaceRegister
0x0001A270	0x0000001C	[  5] FDE for: _s3eSurfaceSetDisplayID
0x0001A28C	0x0000001C	[  5] FDE for: ___s3eSurfaceSetDisplayID
0x0001A2A8	0x0000001C	[  5] FDE for: _s3eSurfaceSetInt
0x0001A2C4	0x0000001C	[  5] FDE for: ___s3eSurfaceSetInt
0x0001A2E0	0x0000001C	[  5] FDE for: _s3eSurfaceSetup
0x0001A2FC	0x0000001C	[  5] FDE for: ___s3eSurfaceSetup
0x0001A318	0x0000001C	[  5] FDE for: _s3eSurfaceShow
0x0001A334	0x0000001C	[  5] FDE for: ___s3eSurfaceShow
0x0001A350	0x0000001C	[  5] FDE for: _s3eSurfaceUnRegister
0x0001A36C	0x0000001C	[  5] FDE for: ___s3eSurfaceUnRegister
0x0001A388	0x0000001C	[  5] FDE for: _s3eTimerCancelTimer
0x0001A3A4	0x0000001C	[  5] FDE for: ___s3eTimerCancelTimer
0x0001A3C0	0x0000001C	[  5] FDE for: _s3eTimerGetError
0x0001A3DC	0x0000001C	[  5] FDE for: ___s3eTimerGetError
0x0001A3F8	0x0000001C	[  5] FDE for: _s3eTimerGetErrorString
0x0001A414	0x0000001C	[  5] FDE for: ___s3eTimerGetErrorString
0x0001A430	0x0000001C	[  5] FDE for: _s3eTimerGetInt
0x0001A44C	0x0000001C	[  5] FDE for: ___s3eTimerGetInt
0x0001A468	0x0000001C	[  5] FDE for: _s3eTimerGetLocaltimeOffset
0x0001A484	0x0000001C	[  5] FDE for: ___s3eTimerGetLocaltimeOffset
0x0001A4A0	0x0000001C	[  5] FDE for: _s3eTimerGetMs
0x0001A4BC	0x0000001C	[  5] FDE for: ___s3eTimerGetMs
0x0001A4D8	0x0000001C	[  5] FDE for: _s3eTimerGetUST
0x0001A4F4	0x0000001C	[  5] FDE for: ___s3eTimerGetUST
0x0001A510	0x0000001C	[  5] FDE for: _s3eTimerGetUTC
0x0001A52C	0x0000001C	[  5] FDE for: ___s3eTimerGetUTC
0x0001A548	0x0000001C	[  5] FDE for: _s3eTimerSetTimer
0x0001A564	0x0000001C	[  5] FDE for: ___s3eTimerSetTimer
0x0001A580	0x0000001C	[  5] FDE for: _s3eVibraGetError
0x0001A59C	0x0000001C	[  5] FDE for: ___s3eVibraGetError
0x0001A5B8	0x0000001C	[  5] FDE for: _s3eVibraGetErrorString
0x0001A5D4	0x0000001C	[  5] FDE for: ___s3eVibraGetErrorString
0x0001A5F0	0x0000001C	[  5] FDE for: _s3eVibraGetInt
0x0001A60C	0x0000001C	[  5] FDE for: ___s3eVibraGetInt
0x0001A628	0x0000001C	[  5] FDE for: _s3eVibraSetInt
0x0001A644	0x0000001C	[  5] FDE for: ___s3eVibraSetInt
0x0001A660	0x0000001C	[  5] FDE for: _s3eVibraStop
0x0001A67C	0x0000001C	[  5] FDE for: ___s3eVibraStop
0x0001A698	0x0000001C	[  5] FDE for: _s3eVibraVibrate
0x0001A6B4	0x0000001C	[  5] FDE for: ___s3eVibraVibrate
0x0001A6D0	0x0000001C	[  5] FDE for: _s3eVideoGetError
0x0001A6EC	0x0000001C	[  5] FDE for: ___s3eVideoGetError
0x0001A708	0x0000001C	[  5] FDE for: _s3eVideoGetErrorString
0x0001A724	0x0000001C	[  5] FDE for: ___s3eVideoGetErrorString
0x0001A740	0x0000001C	[  5] FDE for: _s3eVideoGetInt
0x0001A75C	0x0000001C	[  5] FDE for: ___s3eVideoGetInt
0x0001A778	0x0000001C	[  5] FDE for: _s3eVideoIsCodecSupported
0x0001A794	0x0000001C	[  5] FDE for: ___s3eVideoIsCodecSupported
0x0001A7B0	0x0000001C	[  5] FDE for: _s3eVideoIsPlaying
0x0001A7CC	0x0000001C	[  5] FDE for: ___s3eVideoIsPlaying
0x0001A7E8	0x0000001C	[  5] FDE for: _s3eVideoPause
0x0001A804	0x0000001C	[  5] FDE for: ___s3eVideoPause
0x0001A820	0x0000001C	[  5] FDE for: _s3eVideoPlay
0x0001A83C	0x0000001C	[  5] FDE for: ___s3eVideoPlay
0x0001A858	0x0000001C	[  5] FDE for: _s3eVideoPlayFromBuffer
0x0001A874	0x0000001C	[  5] FDE for: ___s3eVideoPlayFromBuffer
0x0001A890	0x0000001C	[  5] FDE for: _s3eVideoRegister
0x0001A8AC	0x0000001C	[  5] FDE for: ___s3eVideoRegister
0x0001A8C8	0x0000001C	[  5] FDE for: _s3eVideoResume
0x0001A8E4	0x0000001C	[  5] FDE for: ___s3eVideoResume
0x0001A900	0x0000001C	[  5] FDE for: _s3eVideoSetInt
0x0001A91C	0x0000001C	[  5] FDE for: ___s3eVideoSetInt
0x0001A938	0x0000001C	[  5] FDE for: _s3eVideoStop
0x0001A954	0x0000001C	[  5] FDE for: ___s3eVideoStop
0x0001A970	0x0000001C	[  5] FDE for: _s3eVideoUnRegister
0x0001A98C	0x0000001C	[  5] FDE for: ___s3eVideoUnRegister
0x0001A9A8	0x0000001C	[  5] FDE for: _s3eEdkCallbacksEnqueue
0x0001A9C4	0x0000001C	[  5] FDE for: ___s3eEdkCallbacksEnqueue
0x0001A9E0	0x0000001C	[  5] FDE for: _s3eEdkCallbacksIsRegistered
0x0001A9FC	0x0000001C	[  5] FDE for: ___s3eEdkCallbacksIsRegistered
0x0001AA18	0x0000001C	[  5] FDE for: _s3eEdkCallbacksRegister
0x0001AA34	0x0000001C	[  5] FDE for: ___s3eEdkCallbacksRegister
0x0001AA50	0x0000001C	[  5] FDE for: _s3eEdkCallbacksRegisterInternal
0x0001AA6C	0x0000001C	[  5] FDE for: ___s3eEdkCallbacksRegisterInternal
0x0001AA88	0x0000001C	[  5] FDE for: _s3eEdkCallbacksRegisterSpecific
0x0001AAA4	0x0000001C	[  5] FDE for: ___s3eEdkCallbacksRegisterSpecific
0x0001AAC0	0x0000001C	[  5] FDE for: _s3eEdkCallbacksUnRegister
0x0001AADC	0x0000001C	[  5] FDE for: ___s3eEdkCallbacksUnRegister
0x0001AAF8	0x0000001C	[  5] FDE for: _s3eEdkCallbacksUnRegisterDevice
0x0001AB14	0x0000001C	[  5] FDE for: ___s3eEdkCallbacksUnRegisterDevice
0x0001AB30	0x0000001C	[  5] FDE for: _s3eEdkErrorGet
0x0001AB4C	0x0000001C	[  5] FDE for: ___s3eEdkErrorGet
0x0001AB68	0x0000001C	[  5] FDE for: _s3eEdkErrorGetString
0x0001AB84	0x0000001C	[  5] FDE for: ___s3eEdkErrorGetString
0x0001ABA0	0x0000001C	[  5] FDE for: _s3eEdkErrorSet
0x0001ABBC	0x0000001C	[  5] FDE for: ___s3eEdkErrorSet
0x0001ABD8	0x0000001C	[  5] FDE for: _s3eEdkErrorSetStringV
0x0001ABF4	0x0000001C	[  5] FDE for: ___s3eEdkErrorSetStringV
0x0001AC10	0x0000001C	[  5] FDE for: _s3eEdkFreeOS
0x0001AC2C	0x0000001C	[  5] FDE for: ___s3eEdkFreeOS
0x0001AC48	0x0000001C	[  5] FDE for: _s3eEdkGetAppVersionMajor
0x0001AC64	0x0000001C	[  5] FDE for: ___s3eEdkGetAppVersionMajor
0x0001AC80	0x0000001C	[  5] FDE for: _s3eEdkGetAppVersionMinor
0x0001AC9C	0x0000001C	[  5] FDE for: ___s3eEdkGetAppVersionMinor
0x0001ACB8	0x0000001C	[  5] FDE for: _s3eEdkGlobalsGet
0x0001ACD4	0x0000001C	[  5] FDE for: ___s3eEdkGlobalsGet
0x0001ACF0	0x0000001C	[  5] FDE for: _s3eEdkIsInitialised
0x0001AD0C	0x0000001C	[  5] FDE for: ___s3eEdkIsInitialised
0x0001AD28	0x0000001C	[  5] FDE for: _s3eEdkLibraryClose
0x0001AD44	0x0000001C	[  5] FDE for: ___s3eEdkLibraryClose
0x0001AD60	0x0000001C	[  5] FDE for: _s3eEdkLibraryError
0x0001AD7C	0x0000001C	[  5] FDE for: ___s3eEdkLibraryError
0x0001AD98	0x0000001C	[  5] FDE for: _s3eEdkLibraryGetSymbol
0x0001ADB4	0x0000001C	[  5] FDE for: ___s3eEdkLibraryGetSymbol
0x0001ADD0	0x0000001C	[  5] FDE for: _s3eEdkLibraryOpen
0x0001ADEC	0x0000001C	[  5] FDE for: ___s3eEdkLibraryOpen
0x0001AE08	0x0000001C	[  5] FDE for: _s3eEdkMallocOS
0x0001AE24	0x0000001C	[  5] FDE for: ___s3eEdkMallocOS
0x0001AE40	0x0000001C	[  5] FDE for: _s3eEdkReallocOS
0x0001AE5C	0x0000001C	[  5] FDE for: ___s3eEdkReallocOS
0x0001AE78	0x0000001C	[  5] FDE for: _s3eEdkRegister
0x0001AE94	0x0000001C	[  5] FDE for: ___s3eEdkRegister
0x0001AEB0	0x0000001C	[  5] FDE for: _s3eEdkThreadRunOnOSAsyncV
0x0001AECC	0x0000001C	[  5] FDE for: ___s3eEdkThreadRunOnOSAsyncV
0x0001AEE8	0x0000001C	[  5] FDE for: _s3eEdkThreadRunOnOSV
0x0001AF04	0x0000001C	[  5] FDE for: ___s3eEdkThreadRunOnOSV
0x0001AF20	0x0000001C	[  5] FDE for: _s3eEdkThreadSetResumed
0x0001AF3C	0x0000001C	[  5] FDE for: ___s3eEdkThreadSetResumed
0x0001AF58	0x0000001C	[  5] FDE for: _s3eEdkThreadSetSuspended
0x0001AF74	0x0000001C	[  5] FDE for: ___s3eEdkThreadSetSuspended
0x0001AF90	0x0000001C	[  5] FDE for: _s3eEdkThreadSleep
0x0001AFAC	0x0000001C	[  5] FDE for: ___s3eEdkThreadSleep
0x0001AFC8	0x00000018	[  6] CIE
0x0001AFE0	0x0000001C	[  6] FDE for: __IwMain
0x0001B000	0x00000004	[  0] non-lazy-pointer-to-local: dyld_stub_binder
0x0001B004	0x00000004	[  0] non-lazy-pointer
0x0001B008	0x00000004	[  2] non-lazy-pointer-to: __Z12s3eSteamInitv
0x0001B00C	0x00000004	[  2] non-lazy-pointer-to: __Z17s3eSteamTerminatev
0x0001B010	0x00000004	[  2] non-lazy-pointer-to: ___stack_chk_guard
0x0001B014	0x00000004	[  2] non-lazy-pointer-to: _s3eSteamClearAchievement
0x0001B018	0x00000004	[  2] non-lazy-pointer-to: _s3eSteamGetAchievement
0x0001B01C	0x00000004	[  2] non-lazy-pointer-to: _s3eSteamGetCurrentGameLanguage
0x0001B020	0x00000004	[  2] non-lazy-pointer-to: _s3eSteamGetStatFloat
0x0001B024	0x00000004	[  2] non-lazy-pointer-to: _s3eSteamGetStatInt
0x0001B028	0x00000004	[  2] non-lazy-pointer-to: _s3eSteamLeaderboardDownloadEntries
0x0001B02C	0x00000004	[  2] non-lazy-pointer-to: _s3eSteamLeaderboardGetEntryCount
0x0001B030	0x00000004	[  2] non-lazy-pointer-to: _s3eSteamLeaderboardInit
0x0001B034	0x00000004	[  2] non-lazy-pointer-to: _s3eSteamLeaderboardUploadScore
0x0001B038	0x00000004	[  2] non-lazy-pointer-to: _s3eSteamRegister
0x0001B03C	0x00000004	[  2] non-lazy-pointer-to: _s3eSteamRequestCurrentStats
0x0001B040	0x00000004	[  2] non-lazy-pointer-to: _s3eSteamRestartAppIfNecessary
0x0001B044	0x00000004	[  2] non-lazy-pointer-to: _s3eSteamSetAchievement
0x0001B048	0x00000004	[  2] non-lazy-pointer-to: _s3eSteamSetStatFloat
0x0001B04C	0x00000004	[  2] non-lazy-pointer-to: _s3eSteamSetStatInt
0x0001B050	0x00000004	[  2] non-lazy-pointer-to: _s3eSteamStart
0x0001B054	0x00000004	[  2] non-lazy-pointer-to: _s3eSteamStarted
0x0001B058	0x00000004	[  2] non-lazy-pointer-to: _s3eSteamStoreStats
0x0001B05C	0x00000004	[  2] non-lazy-pointer-to: _s3eSteamUnRegister
0x0001B060	0x00000004	[  2] non-lazy-pointer-to: _s3eSteamUpdate
0x0001B064	0x00000004	[  3] non-lazy-pointer-to: __ZNSs4_Rep20_S_empty_rep_storageE
0x0001B068	0x00000004	[  3] non-lazy-pointer-to: __ZNSt3mapISsySt4lessISsESaISt4pairIKSsyEEED1Ev
0x0001B06C	0x00000004	[  3] non-lazy-pointer-to: __ZTV11CCallResultI14CallbackHolder23LeaderboardFindResult_tE
0x0001B070	0x00000004	[  3] non-lazy-pointer-to: __ZTV11CCallResultI14CallbackHolder26LeaderboardScoreUploaded_tE
0x0001B074	0x00000004	[  3] non-lazy-pointer-to: __ZTV11CCallResultI14CallbackHolder29LeaderboardScoresDownloaded_tE
0x0001B078	0x00000004	[  3] non-lazy-pointer-to: __ZTV9CCallbackI14CallbackHolder17UserStatsStored_tLb0EE
0x0001B07C	0x00000004	[  3] non-lazy-pointer-to: __ZTV9CCallbackI14CallbackHolder19UserStatsReceived_tLb0EE
0x0001B080	0x00000004	[  3] non-lazy-pointer-to: __ZTV9CCallbackI14CallbackHolder23UserAchievementStored_tLb0EE
0x0001B084	0x00000004	[  3] non-lazy-pointer-to: ___dso_handle
0x0001B088	0x00000004	[  5] non-lazy-pointer-to: _g_S3E_API
0x0001B08C	0x00000004	[  3] __ZN14CallbackHolder29setSteamCallResultUploadScoreEPKcy
0x0001B090	0x00000004	[  3] __ZN14CallbackHolder33setSteamCallResultDownloadEntriesEPKcy
0x0001B094	0x00000004	[  3] __ZN14CallbackHolder33setSteamCallResultFindLeaderboardEPKcy
0x0001B098	0x00000004	[  3] __ZN14CallbackHolderC2Ev
0x0001B09C	0x00000004	[  3] __ZN14CallbackHolderD2Ev
0x0001B0A0	0x00000004	[  3] __ZNSt8_Rb_treeISsSt4pairIKSsP11CCallResultI14CallbackHolder23LeaderboardFindResult_tEESt10_Select1stIS7_ESt4lessISsESaIS7_EE16_M_insert_uniqueERKS7_
0x0001B0A4	0x00000004	[  3] __ZNSt8_Rb_treeISsSt4pairIKSsP11CCallResultI14CallbackHolder23LeaderboardFindResult_tEESt10_Select1stIS7_ESt4lessISsESaIS7_EE8_M_eraseEPSt13_Rb_tree_nodeIS7_E
0x0001B0A8	0x00000004	[  3] __ZNSt8_Rb_treeISsSt4pairIKSsP11CCallResultI14CallbackHolder26LeaderboardScoreUploaded_tEESt10_Select1stIS7_ESt4lessISsESaIS7_EE16_M_insert_uniqueERKS7_
0x0001B0AC	0x00000004	[  3] __ZNSt8_Rb_treeISsSt4pairIKSsP11CCallResultI14CallbackHolder26LeaderboardScoreUploaded_tEESt10_Select1stIS7_ESt4lessISsESaIS7_EE8_M_eraseEPSt13_Rb_tree_nodeIS7_E
0x0001B0B0	0x00000004	[  3] __ZNSt8_Rb_treeISsSt4pairIKSsP11CCallResultI14CallbackHolder29LeaderboardScoresDownloaded_tEESt10_Select1stIS7_ESt4lessISsESaIS7_EE16_M_insert_uniqueERKS7_
0x0001B0B4	0x00000004	[  3] __ZNSt8_Rb_treeISsSt4pairIKSsP11CCallResultI14CallbackHolder29LeaderboardScoresDownloaded_tEESt10_Select1stIS7_ESt4lessISsESaIS7_EE8_M_eraseEPSt13_Rb_tree_nodeIS7_E
0x0001B0B8	0x00000004	[  3] __ZNSt8_Rb_treeISsSt4pairIKSsyESt10_Select1stIS2_ESt4lessISsESaIS2_EE16_M_insert_uniqueERKS2_
0x0001B0BC	0x00000004	[  3] __ZNSt8_Rb_treeISsSt4pairIKSsyESt10_Select1stIS2_ESt4lessISsESaIS2_EE8_M_eraseEPSt13_Rb_tree_nodeIS2_E
0x0001B0C0	0x00000004	[  5] _s3eEdkCallbacksEnqueue
0x0001B0C4	0x00000004	[  5] _s3eEdkCallbacksIsRegistered
0x0001B0C8	0x00000004	[  5] _s3eEdkCallbacksRegister
0x0001B0CC	0x00000004	[  5] _s3eEdkCallbacksUnRegister
0x0001B0D0	0x00000004	[  5] _s3eEdkRegister
0x0001B0D4	0x00000004	[  7] _SteamAPI_Init
0x0001B0D8	0x00000004	[  7] _SteamAPI_RegisterCallResult
0x0001B0DC	0x00000004	[  7] _SteamAPI_RegisterCallback
0x0001B0E0	0x00000004	[  7] _SteamAPI_RestartAppIfNecessary
0x0001B0E4	0x00000004	[  7] _SteamAPI_RunCallbacks
0x0001B0E8	0x00000004	[  7] _SteamAPI_Shutdown
0x0001B0EC	0x00000004	[  7] _SteamAPI_UnregisterCallResult
0x0001B0F0	0x00000004	[  7] _SteamAPI_UnregisterCallback
0x0001B0F4	0x00000004	[  7] _SteamApps
0x0001B0F8	0x00000004	[  7] _SteamFriends
0x0001B0FC	0x00000004	[  7] _SteamUserStats
0x0001B100	0x00000004	[  7] _SteamUtils
0x0001B104	0x00000004	[  8] __ZNSs4_Rep10_M_destroyERKSaIcE
0x0001B108	0x00000004	[  8] __ZNSsC1EPKcRKSaIcE
0x0001B10C	0x00000004	[  8] __ZNSsC1ERKSs
0x0001B110	0x00000004	[  8] __ZSt18_Rb_tree_decrementPSt18_Rb_tree_node_base
0x0001B114	0x00000004	[  8] __ZSt18_Rb_tree_incrementPKSt18_Rb_tree_node_base
0x0001B118	0x00000004	[  8] __ZSt29_Rb_tree_insert_and_rebalancebPSt18_Rb_tree_node_baseS0_RS_
0x0001B11C	0x00000004	[  8] __ZdaPv
0x0001B120	0x00000004	[  8] __ZdlPv
0x0001B124	0x00000004	[  8] __Znam
0x0001B128	0x00000004	[  8] __Znwm
0x0001B12C	0x00000004	[  9] ___cxa_atexit
0x0001B130	0x00000004	[  9] ___stack_chk_fail
0x0001B134	0x00000004	[  9] _bzero
0x0001B138	0x00000004	[  9] _memcmp
0x0001B13C	0x00000004	[  9] _strcpy
0x0001B140	0x00000004	[  9] _strlen
0x0001B144	0x00000004	[  9] _strncat
0x0001B148	0x00000004	[  9] _strncpy
0x0001B14C	0x00000004	[  3] anon
0x0001B150	0x00000018	[  3] __ZTV11CCallResultI14CallbackHolder29LeaderboardScoresDownloaded_tE
0x0001B168	0x00000008	[  3] __ZTI13CCallbackBase
0x0001B170	0x00000020	[  3] __ZTI11CCallResultI14CallbackHolder29LeaderboardScoresDownloaded_tE
0x0001B190	0x00000020	[  3] __ZTV11CCallResultI14CallbackHolder26LeaderboardScoreUploaded_tE
0x0001B1B0	0x00000020	[  3] __ZTI11CCallResultI14CallbackHolder26LeaderboardScoreUploaded_tE
0x0001B1D0	0x00000020	[  3] __ZTV11CCallResultI14CallbackHolder23LeaderboardFindResult_tE
0x0001B1F0	0x00000020	[  3] __ZTI11CCallResultI14CallbackHolder23LeaderboardFindResult_tE
0x0001B210	0x00000020	[  3] __ZTV9CCallbackI14CallbackHolder23UserAchievementStored_tLb0EE
0x0001B230	0x00000020	[  3] __ZTI9CCallbackI14CallbackHolder23UserAchievementStored_tLb0EE
0x0001B250	0x00000020	[  3] __ZTV9CCallbackI14CallbackHolder17UserStatsStored_tLb0EE
0x0001B270	0x00000020	[  3] __ZTI9CCallbackI14CallbackHolder17UserStatsStored_tLb0EE
0x0001B290	0x00000020	[  3] __ZTV9CCallbackI14CallbackHolder19UserStatsReceived_tLb0EE
0x0001B2B0	0x00000018	[  3] __ZTI9CCallbackI14CallbackHolder19UserStatsReceived_tLb0EE
0x0001B2C8	0x000028C0	[  4] _g_S3E_API
0x0001DB88	0x00000001	[  4] __IwAppVersionMajor
0x0001DB89	0x00000001	[  4] __IwAppVersionMinor
0x0001DB90	0x00000008	[  3] _g_GameID
0x0001DB98	0x00000004	[  3] _g_pSteamUserStats
0x0001DB9C	0x00000001	[  3] _g_bInited
0x0001DB9D	0x00000001	[  3] _g_bStoreStats
0x0001DB9E	0x00000002	[  3] _g_bRequestedStats
0x0001DBA0	0x00000018	[  3] _g_Leaderboards
0x0001DBB8	0x00000004	[  3] _g_CallbackHolder
0x0001DBBC	0x00000300	[  4] __Z9g_Message
0x0001E000	0x00000010	[  3] anon
0x0001E010	0x00000008	[  0] objc image info
